Component: ARM Compiler 5.06 update 6 (build 750) Tool: armlink [4d35ed]

==============================================================================

Section Cross References

    startup_stm32f103xb.o(STACK) refers (Special) to heapauxi.o(.text) for __use_two_region_memory
    startup_stm32f103xb.o(HEAP) refers (Special) to heapauxi.o(.text) for __use_two_region_memory
    startup_stm32f103xb.o(RESET) refers (Special) to heapauxi.o(.text) for __use_two_region_memory
    startup_stm32f103xb.o(RESET) refers to startup_stm32f103xb.o(STACK) for __initial_sp
    startup_stm32f103xb.o(RESET) refers to startup_stm32f103xb.o(.text) for Reset_Handler
    startup_stm32f103xb.o(RESET) refers to stm32f1xx_it.o(i.NMI_Handler) for NMI_Handler
    startup_stm32f103xb.o(RESET) refers to stm32f1xx_it.o(i.HardFault_Handler) for HardFault_Handler
    startup_stm32f103xb.o(RESET) refers to stm32f1xx_it.o(i.MemManage_Handler) for MemManage_Handler
    startup_stm32f103xb.o(RESET) refers to stm32f1xx_it.o(i.BusFault_Handler) for BusFault_Handler
    startup_stm32f103xb.o(RESET) refers to stm32f1xx_it.o(i.UsageFault_Handler) for UsageFault_Handler
    startup_stm32f103xb.o(RESET) refers to stm32f1xx_it.o(i.SVC_Handler) for SVC_Handler
    startup_stm32f103xb.o(RESET) refers to stm32f1xx_it.o(i.DebugMon_Handler) for DebugMon_Handler
    startup_stm32f103xb.o(RESET) refers to stm32f1xx_it.o(i.PendSV_Handler) for PendSV_Handler
    startup_stm32f103xb.o(RESET) refers to stm32f1xx_it.o(i.SysTick_Handler) for SysTick_Handler
    startup_stm32f103xb.o(RESET) refers to stm32f1xx_it.o(i.DMA1_Channel7_IRQHandler) for DMA1_Channel7_IRQHandler
    startup_stm32f103xb.o(RESET) refers to stm32f1xx_it.o(i.TIM3_IRQHandler) for TIM3_IRQHandler
    startup_stm32f103xb.o(RESET) refers to stm32f1xx_it.o(i.USART2_IRQHandler) for USART2_IRQHandler
    startup_stm32f103xb.o(.text) refers (Special) to heapauxi.o(.text) for __use_two_region_memory
    startup_stm32f103xb.o(.text) refers to system_stm32f1xx.o(i.SystemInit) for SystemInit
    startup_stm32f103xb.o(.text) refers to __main.o(!!!main) for __main
    startup_stm32f103xb.o(.text) refers to startup_stm32f103xb.o(HEAP) for Heap_Mem
    startup_stm32f103xb.o(.text) refers to startup_stm32f103xb.o(STACK) for Stack_Mem
    main.o(i.HAL_TIM_PeriodElapsedCallback) refers to mpu6050.o(i.MPU6050_Read_All_Fast) for MPU6050_Read_All_Fast
    main.o(i.HAL_TIM_PeriodElapsedCallback) refers to main.o(i.transmit) for transmit
    main.o(i.HAL_TIM_PeriodElapsedCallback) refers to robot.o(i.Calculate_Velocity) for Calculate_Velocity
    main.o(i.HAL_TIM_PeriodElapsedCallback) refers to f2d.o(x$fpl$f2d) for __aeabi_f2d
    main.o(i.HAL_TIM_PeriodElapsedCallback) refers to main.o(.bss) for .bss
    main.o(i.HAL_TIM_PeriodElapsedCallback) refers to main.o(.data) for .data
    main.o(i.HAL_UART_RxCpltCallback) refers to uart.o(i.uart_receive_data) for uart_receive_data
    main.o(i.HAL_UART_RxCpltCallback) refers to stm32f1xx_hal_uart.o(i.HAL_UART_Receive_IT) for HAL_UART_Receive_IT
    main.o(i.HAL_UART_RxCpltCallback) refers to main.o(.bss) for .bss
    main.o(i.HAL_UART_RxCpltCallback) refers to main.o(.data) for .data
    main.o(i.MX_GPIO_Init) refers to stm32f1xx_hal_gpio.o(i.HAL_GPIO_WritePin) for HAL_GPIO_WritePin
    main.o(i.MX_GPIO_Init) refers to stm32f1xx_hal_gpio.o(i.HAL_GPIO_Init) for HAL_GPIO_Init
    main.o(i.MX_TIM1_Init) refers to rt_memclr_w.o(.text) for __aeabi_memclr4
    main.o(i.MX_TIM1_Init) refers to stm32f1xx_hal_tim.o(i.HAL_TIM_PWM_Init) for HAL_TIM_PWM_Init
    main.o(i.MX_TIM1_Init) refers to stm32f1xx_hal_tim_ex.o(i.HAL_TIMEx_MasterConfigSynchronization) for HAL_TIMEx_MasterConfigSynchronization
    main.o(i.MX_TIM1_Init) refers to stm32f1xx_hal_tim.o(i.HAL_TIM_PWM_ConfigChannel) for HAL_TIM_PWM_ConfigChannel
    main.o(i.MX_TIM1_Init) refers to stm32f1xx_hal_tim_ex.o(i.HAL_TIMEx_ConfigBreakDeadTime) for HAL_TIMEx_ConfigBreakDeadTime
    main.o(i.MX_TIM1_Init) refers to stm32f1xx_hal_msp.o(i.HAL_TIM_MspPostInit) for HAL_TIM_MspPostInit
    main.o(i.MX_TIM1_Init) refers to main.o(.bss) for .bss
    main.o(i.MX_TIM2_Init) refers to rt_memclr_w.o(.text) for __aeabi_memclr4
    main.o(i.MX_TIM2_Init) refers to stm32f1xx_hal_tim.o(i.HAL_TIM_PWM_Init) for HAL_TIM_PWM_Init
    main.o(i.MX_TIM2_Init) refers to stm32f1xx_hal_tim_ex.o(i.HAL_TIMEx_MasterConfigSynchronization) for HAL_TIMEx_MasterConfigSynchronization
    main.o(i.MX_TIM2_Init) refers to stm32f1xx_hal_tim.o(i.HAL_TIM_PWM_ConfigChannel) for HAL_TIM_PWM_ConfigChannel
    main.o(i.MX_TIM2_Init) refers to stm32f1xx_hal_msp.o(i.HAL_TIM_MspPostInit) for HAL_TIM_MspPostInit
    main.o(i.MX_TIM2_Init) refers to main.o(.bss) for .bss
    main.o(i.MX_TIM3_Init) refers to stm32f1xx_hal_tim.o(i.HAL_TIM_Base_Init) for HAL_TIM_Base_Init
    main.o(i.MX_TIM3_Init) refers to stm32f1xx_hal_tim.o(i.HAL_TIM_ConfigClockSource) for HAL_TIM_ConfigClockSource
[...]

    Symbol Name                              Value     Ov Type        Size  Object(Section)

    BuildAttributes$$THM_ISAv4$P$D$K$B$S$PE$A:L22UL41UL21$X:L11$S22US41US21$IEEE1$IW$USESV6$~STKCKD$USESV7$~SHL$OTIME$ROPI$IEEEX$EBA8$UX$STANDARDLIB$REQ8$PRES8$EABIv2 0x00000000   Number         0  anon$$obj.o ABSOLUTE
    __ARM_use_no_argv                        0x00000000   Number         0  main.o ABSOLUTE
    _printf_flags                            0x00000000   Number         0  printf_stubs.o ABSOLUTE
    _printf_return_value                     0x00000000   Number         0  printf_stubs.o ABSOLUTE
    _printf_sizespec                         0x00000000   Number         0  printf_stubs.o ABSOLUTE
    _printf_widthprec                        0x00000000   Number         0  printf_stubs.o ABSOLUTE
    __ARM_exceptions_init                     - Undefined Weak Reference
    __alloca_initialize                       - Undefined Weak Reference
    __arm_preinit_                            - Undefined Weak Reference
    __cpp_initialize__aeabi_                  - Undefined Weak Reference
    __cxa_finalize                            - Undefined Weak Reference
    __sigvec_lookup                           - Undefined Weak Reference
    _atexit_init                              - Undefined Weak Reference
    _call_atexit_fns                          - Undefined Weak Reference
    _clock_init                               - Undefined Weak Reference
    _fp_trap_init                             - Undefined Weak Reference
    _fp_trap_shutdown                         - Undefined Weak Reference
    _get_lc_collate                           - Undefined Weak Reference
    _get_lc_monetary                          - Undefined Weak Reference
    _get_lc_time                              - Undefined Weak Reference
    _getenv_init                              - Undefined Weak Reference
    _handle_redirection                       - Undefined Weak Reference
    _init_alloc                               - Undefined Weak Reference
    _init_user_alloc                          - Undefined Weak Reference
    _initio                                   - Undefined Weak Reference
    _printf_mbtowc                            - Undefined Weak Reference
    _printf_wc                                - Undefined Weak Reference
    _rand_init                                - Undefined Weak Reference
    _signal_finish                            - Undefined Weak Reference
    _signal_init                              - Undefined Weak Reference
    _terminate_alloc                          - Undefined Weak Reference
    _terminate_user_alloc                     - Undefined Weak Reference
    _terminateio                              - Undefined Weak Reference
    __Vectors_Size                           0x000000ec   Number         0  startup_stm32f103xb.o ABSOLUTE
    __Vectors                                0x08000000   Data           4  startup_stm32f103xb.o(RESET)
    __Vectors_End                            0x080000ec   Data           0  startup_stm32f103xb.o(RESET)
    __main                                   0x080000ed   Thumb Code     8  __main.o(!!!main)
    __scatterload                            0x080000f5   Thumb Code     0  __scatter.o(!!!scatter)
    __scatterload_rt2                        0x080000f5   Thumb Code    44  __scatter.o(!!!scatter)
    __scatterload_rt2_thumb_only             0x080000f5   Thumb Code     0  __scatter.o(!!!scatter)
    __scatterload_null                       0x08000103   Thumb Code     0  __scatter.o(!!!scatter)
    __scatterload_copy                       0x08000129   Thumb Code    26  __scatter_copy.o(!!handler_copy)
    __scatterload_zeroinit                   0x08000145   Thumb Code    28  __scatter_zi.o(!!handler_zi)
    _printf_n                                0x08000161   Thumb Code     0  _printf_n.o(.ARM.Collect$$_printf_percent$$00000001)
    _printf_percent                          0x08000161   Thumb Code     0  _printf_percent.o(.ARM.Collect$$_printf_percent$$00000000)
    _printf_p                                0x08000167   Thumb Code     0  _printf_p.o(.ARM.Collect$$_printf_percent$$00000002)
    _printf_f                                0x0800016d   Thumb Code     0  _printf_f.o(.ARM.Collect$$_printf_percent$$00000003)
    _printf_e                                0x08000173   Thumb Code     0  _printf_e.o(.ARM.Collect$$_printf_percent$$00000004)
    _printf_g                                0x08000179   Thumb Code     0  _printf_g.o(.ARM.Collect$$_printf_percent$$00000005)
    _printf_a                                0x0800017f   Thumb Code     0  _printf_a.o(.ARM.Collect$$_printf_percent$$00000006)
    _printf_ll                               0x08000185   Thumb Code     0  _printf_ll.o(.ARM.Collect$$_printf_percent$$00000007)
    _printf_i                                0x0800018f   Thumb Code     0  _printf_i.o(.ARM.Collect$$_printf_percent$$00000008)
    _printf_d                                0x08000195   Thumb Code     0  _printf_d.o(.ARM.Collect$$_printf_percent$$00000009)
    _printf_u                                0x0800019b   Thumb Code     0  _printf_u.o(.ARM.Collect$$_printf_percent$$0000000A)
    _printf_o                                0x080001a1   Thumb Code     0  _printf_o.o(.ARM.Collect$$_printf_percent$$0000000B)
    _printf_x                                0x080001a7   Thumb Code     0  _printf_x.o(.ARM.Collect$$_printf_percent$$0000000C)
    _printf_lli                              0x080001ad   Thumb Code     0  _printf_lli.o(.ARM.Collect$$_printf_percent$$0000000D)
    _printf_lld                              0x080001b3   Thumb Code     0  _printf_lld.o(.ARM.Collect$$_printf_percent$$0000000E)
    _printf_llu                              0x080001b9   Thumb Code     0  _printf_llu.o(.ARM.Collect$$_printf_percent$$0000000F)
    _printf_llo                              0x080001bf   Thumb Code     0  _printf_llo.o(.ARM.Collect$$_printf_percent$$00000010)
    _printf_llx                              0x080001c5   Thumb Code     0  _printf_llx.o(.ARM.Collect$$_printf_percent$$00000011)
    _printf_l                                0x080001cb   Thumb Code     0  _printf_l.o(.ARM.Collect$$_printf_percent$$00000012)
    _printf_c                                0x080001d5   Thumb Code     0  _printf_c.o(.ARM.Collect$$_printf_percent$$00000013)
    _printf_s                                0x080001db   Thumb Code     0  _printf_s.o(.ARM.Collect$$_printf_percent$$00000014)
    _printf_lc                               0x080001e1   Thumb Code     0  _printf_lc.o(.ARM.Collect$$_printf_percent$$00000015)
    _printf_ls                               0x080001e7   Thumb Code     0  _printf_ls.o(.ARM.Collect$$_printf_percent$$00000016)
    _printf_percent_end                      0x080001ed   Thumb Code     0  _printf_percent_end.o(.ARM.Collect$$_printf_percent$$00000017)
    __rt_lib_init                            0x080001f1   Thumb Code     0  libinit.o(.ARM.Collect$$libinit$$00000000)
    __rt_lib_init_fp_1                       0x080001f3   Thumb Code     0  libinit2.o(.ARM.Collect$$libinit$$00000002)
    __rt_lib_init_heap_1                     0x080001f3   Thumb Code     0  libinit2.o(.ARM.Collect$$libinit$$0000000A)
    __rt_lib_init_lc_common                  0x080001f3   Thumb Code     0  libinit2.o(.ARM.Collect$$libinit$$0000000F)
    __rt_lib_init_preinit_1                  0x080001f3   Thumb Code     0  libinit2.o(.ARM.Collect$$libinit$$00000004)
    __rt_lib_init_rand_1                     0x080001f3   Thumb Code     0  libinit2.o(.ARM.Collect$$libinit$$0000000E)
    __rt_lib_init_user_alloc_1               0x080001f3   Thumb Code     0  libinit2.o(.ARM.Collect$$libinit$$0000000C)
    __rt_lib_init_lc_collate_1               0x080001f9   Thumb Code     0  libinit2.o(.ARM.Collect$$libinit$$00000011)
    __rt_lib_init_lc_ctype_2                 0x080001f9   Thumb Code     0  libinit2.o(.ARM.Collect$$libinit$$00000012)
    __rt_lib_init_lc_ctype_1                 0x08000205   Thumb Code     0  libinit2.o(.ARM.Collect$$libinit$$00000013)
    __rt_lib_init_lc_monetary_1              0x08000205   Thumb Code     0  libinit2.o(.ARM.Collect$$libinit$$00000015)
    __rt_lib_init_lc_numeric_2               0x08000205   Thumb Code     0  libinit2.o(.ARM.Collect$$libinit$$00000016)
    __rt_lib_init_alloca_1                   0x0800020f   Thumb Code     0  libinit2.o(.ARM.Collect$$libinit$$0000002E)
    __rt_lib_init_argv_1                     0x0800020f   Thumb Code     0  libinit2.o(.ARM.Collect$$libinit$$0000002C)
    __rt_lib_init_atexit_1                   0x0800020f   Thumb Code     0  libinit2.o(.ARM.Collect$$libinit$$0000001B)
    __rt_lib_init_clock_1                    0x0800020f   Thumb Code     0  libinit2.o(.ARM.Collect$$libinit$$00000021)
    __rt_lib_init_cpp_1                      0x0800020f   Thumb Code     0  libinit2.o(.ARM.Collect$$libinit$$00000032)
    __rt_lib_init_exceptions_1               0x0800020f   Thumb Code     0  libinit2.o(.ARM.Collect$$libinit$$00000030)
    __rt_lib_init_fp_trap_1                  0x0800020f   Thumb Code     0  libinit2.o(.ARM.Collect$$libinit$$0000001F)
    __rt_lib_init_getenv_1                   0x0800020f   Thumb Code     0  libinit2.o(.ARM.Collect$$libinit$$00000023)
    __rt_lib_init_lc_numeric_1               0x0800020f   Thumb Code     0  libinit2.o(.ARM.Collect$$libinit$$00000017)
    __rt_lib_init_lc_time_1                  0x0800020f   Thumb Code     0  libinit2.o(.ARM.Collect$$libinit$$00000019)
    __rt_lib_init_return                     0x0800020f   Thumb Code     0  libinit2.o(.ARM.Collect$$libinit$$00000033)
    __rt_lib_init_signal_1                   0x0800020f   Thumb Code     0  libinit2.o(.ARM.Collect$$libinit$$0000001D)
    __rt_lib_init_stdio_1                    0x0800020f   Thumb Code     0  libinit2.o(.ARM.Collect$$libinit$$00000025)
    __rt_lib_shutdown                        0x08000211   Thumb Code     0  libshutdown.o(.ARM.Collect$$libshutdown$$00000000)
    __rt_lib_shutdown_cpp_1                  0x08000213   Thumb Code     0  libshutdown2.o(.ARM.Collect$$libshutdown$$00000002)
    __rt_lib_shutdown_fp_trap_1              0x08000213   Thumb Code     0  libshutdown2.o(.ARM.Collect$$libshutdown$$00000007)
    __rt_lib_shutdown_heap_1                 0x08000213   Thumb Code     0  libshutdown2.o(.ARM.Collect$$libshutdown$$0000000F)
    __rt_lib_shutdown_return                 0x08000213   Thumb Code     0  libshutdown2.o(.ARM.Collect$$libshutdown$$00000010)
    __rt_lib_shutdown_signal_1               0x08000213   Thumb Code     0  libshutdown2.o(.ARM.Collect$$libshutdown$$0000000A)
    __rt_lib_shutdown_stdio_1                0x08000213   Thumb Code     0  libshutdown2.o(.ARM.Collect$$libshutdown$$00000004)
    __rt_lib_shutdown_user_alloc_1           0x08000213   Thumb Code     0  libshutdown2.o(.ARM.Collect$$libshutdown$$0000000C)
    __rt_entry                               0x08000215   Thumb Code     0  __rtentry.o(.ARM.Collect$$rtentry$$00000000)
    __rt_entry_presh_1                       0x08000215   Thumb Code     0  __rtentry2.o(.ARM.Collect$$rtentry$$00000002)
    __rt_entry_sh                            0x08000215   Thumb Code     0  __rtentry4.o(.ARM.Collect$$rtentry$$00000004)
    __rt_entry_li                            0x0800021b   Thumb Code     0  __rtentry2.o(.ARM.Collect$$rtentry$$0000000A)
    __rt_entry_postsh_1                      0x0800021b   Thumb Code     0  __rtentry2.o(.ARM.Collect$$rtentry$$00000009)
    __rt_entry_main                          0x0800021f   Thumb Code     0  __rtentry2.o(.ARM.Collect$$rtentry$$0000000D)
    __rt_entry_postli_1                      0x0800021f   Thumb Code     0  __rtentry2.o(.ARM.Collect$$rtentry$$0000000C)
    __rt_exit                                0x08000227   Thumb Code     0  rtexit.o(.ARM.Collect$$rtexit$$00000000)
    __rt_exit_ls                             0x08000229   Thumb Code     0  rtexit2.o(.ARM.Collect$$rtexit$$00000003)
    __rt_exit_prels_1                        0x08000229   Thumb Code     0  rtexit2.o(.ARM.Collect$$rtexit$$00000002)
    __rt_exit_exit                           0x0800022d   Thumb Code     0  rtexit2.o(.ARM.Collect$$rtexit$$00000004)
    Reset_Handler                            0x08000235   Thumb Code     8  startup_stm32f103xb.o(.text)
    ADC1_2_IRQHandler                        0x0800024f   Thumb Code     0  startup_stm32f103xb.o(.text)
    CAN1_RX1_IRQHandler                      0x0800024f   Thumb Code     0  startup_stm32f103xb.o(.text)
    CAN1_SCE_IRQHandler                      0x0800024f   Thumb Code     0  startup_stm32f103xb.o(.text)
    DMA1_Channel1_IRQHandler                 0x0800024f   Thumb Code     0  startup_stm32f103xb.o(.text)
    DMA1_Channel2_IRQHandler                 0x0800024f   Thumb Code     0  startup_stm32f103xb.o(.text)
    DMA1_Channel3_IRQHandler                 0x0800024f   Thumb Code     0  startup_stm32f103xb.o(.text)
    DMA1_Channel4_IRQHandler                 0x0800024f   Thumb Code     0  startup_stm32f103xb.o(.text)
    DMA1_Channel5_IRQHandler                 0x0800024f   Thumb Code     0  startup_stm32f103xb.o(.text)
    DMA1_Channel6_IRQHandler                 0x0800024f   Thumb Code     0  startup_stm32f103xb.o(.text)
    EXTI0_IRQHandler                         0x0800024f   Thumb Code     0  startup_stm32f103xb.o(.text)
    EXTI15_10_IRQHandler                     0x0800024f   Thumb Code     0  startup_stm32f103xb.o(.text)
    EXTI1_IRQHandler                         0x0800024f   Thumb Code     0  startup_stm32f103xb.o(.text)
    EXTI2_IRQHandler                         0x0800024f   Thumb Code     0  startup_stm32f103xb.o(.text)
    EXTI3_IRQHandler                         0x0800024f   Thumb Code     0  startup_stm32f103xb.o(.text)
    EXTI4_IRQHandler                         0x0800024f   Thumb Code     0  startup_stm32f103xb.o(.text)
    EXTI9_5_IRQHandler                       0x0800024f   Thumb Code     0  startup_stm32f103xb.o(.text)
    FLASH_IRQHandler                         0x0800024f   Thumb Code     0  startup_stm32f103xb.o(.text)
    I2C1_ER_IRQHandler                       0x0800024f   Thumb Code     0  startup_stm32f103xb.o(.text)
    I2C1_EV_IRQHandler                       0x0800024f   Thumb Code     0  startup_stm32f103xb.o(.text)
    I2C2_ER_IRQHandler                       0x0800024f   Thumb Code     0  startup_stm32f103xb.o(.text)
    I2C2_EV_IRQHandler                       0x0800024f   Thumb Code     0  startup_stm32f103xb.o(.text)
    PVD_IRQHandler                           0x0800024f   Thumb Code     0  startup_stm32f103xb.o(.text)
    RCC_IRQHandler                           0x0800024f   Thumb Code     0  startup_stm32f103xb.o(.text)
    RTC_Alarm_IRQHandler                     0x0800024f   Thumb Code     0  startup_stm32f103xb.o(.text)
    RTC_IRQHandler                           0x0800024f   Thumb Code     0  startup_stm32f103xb.o(.text)
    SPI1_IRQHandler                          0x0800024f   Thumb Code     0  startup_stm32f103xb.o(.text)
    SPI2_IRQHandler                          0x0800024f   Thumb Code     0  startup_stm32f103xb.o(.text)
    TAMPER_IRQHandler                        0x0800024f   Thumb Code     0  startup_stm32f103xb.o(.text)
    TIM1_BRK_IRQHandler                      0x0800024f   Thumb Code     0  startup_stm32f103xb.o(.text)
    TIM1_CC_IRQHandler                       0x0800024f   Thumb Code     0  startup_stm32f103xb.o(.text)
    TIM1_TRG_COM_IRQHandler                  0x0800024f   Thumb Code     0  startup_stm32f103xb.o(.text)
    TIM1_UP_IRQHandler                       0x0800024f   Thumb Code     0  startup_stm32f103xb.o(.text)
    TIM2_IRQHandler                          0x0800024f   Thumb Code     0  startup_stm32f103xb.o(.text)
    TIM4_IRQHandler                          0x0800024f   Thumb Code     0  startup_stm32f103xb.o(.text)
    USART1_IRQHandler                        0x0800024f   Thumb Code     0  startup_stm32f103xb.o(.text)
    USART3_IRQHandler                        0x0800024f   Thumb Code     0  startup_stm32f103xb.o(.text)
    USBWakeUp_IRQHandler                     0x0800024f   Thumb Code     0  startup_stm32f103xb.o(.text)
    USB_HP_CAN1_TX_IRQHandler                0x0800024f   Thumb Code     0  startup_stm32f103xb.o(.text)
    USB_LP_CAN1_RX0_IRQHandler               0x0800024f   Thumb Code     0  startup_stm32f103xb.o(.text)
    WWDG_IRQHandler                          0x0800024f   Thumb Code     0  startup_stm32f103xb.o(.text)
    __user_initial_stackheap                 0x08000251   Thumb Code     0  startup_stm32f103xb.o(.text)
    vsnprintf                                0x08000275   Thumb Code    48  vsnprintf.o(.text)
    strlen                                   0x080002a9   Thumb Code    62  strlen.o(.text)
    __aeabi_memclr4                          0x080002e7   Thumb Code     0  rt_memclr_w.o(.text)
    __aeabi_memclr8                          0x080002e7   Thumb Code     0  rt_memclr_w.o(.text)
    __rt_memclr_w                            0x080002e7   Thumb Code    78  rt_memclr_w.o(.text)
    _memset_w                                0x080002eb   Thumb Code     0  rt_memclr_w.o(.text)
    __use_two_region_memory                  0x08000335   Thumb Code     2  heapauxi.o(.text)
    __rt_heap_escrow$2region                 0x08000337   Thumb Code     2  heapauxi.o(.text)
    __rt_heap_expand$2region                 0x08000339   Thumb Code     2  heapauxi.o(.text)
    _printf_pre_padding                      0x0800033b   Thumb Code    44  _printf_pad.o(.text)
    _printf_post_padding                     0x08000367   Thumb Code    34  _printf_pad.o(.text)
    _printf_truncate_signed                  0x08000389   Thumb Code    18  _printf_truncate.o(.text)
    _printf_truncate_unsigned                0x0800039b   Thumb Code    18  _printf_truncate.o(.text)
    _printf_str                              0x080003ad   Thumb Code    82  _printf_str.o(.text)
    _printf_int_dec                          0x08000401   Thumb Code   104  _printf_dec.o(.text)
    _printf_charcount                        0x08000479   Thumb Code    40  _printf_charcount.o(.text)
    _printf_char_common                      0x080004ab   Thumb Code    32  _printf_char_common.o(.text)
    _sputc                                   0x080004d1   Thumb Code    10  _sputc.o(.text)
    _snputc                                  0x080004db   Thumb Code    16  _snputc.o(.text)
    _printf_wctomb                           0x080004ed   Thumb Code   182  _printf_wctomb.o(.text)
    _printf_longlong_dec                     0x080005a9   Thumb Code   108  _printf_longlong_dec.o(.text)
    _printf_longlong_oct                     0x08000625   Thumb Code    66  _printf_oct_int_ll.o(.text)
    _printf_int_oct                          0x08000667   Thumb Code    24  _printf_oct_int_ll.o(.text)
    _printf_ll_oct                           0x0800067f   Thumb Code    12  _printf_oct_int_ll.o(.text)
    _printf_longlong_hex                     0x08000695   Thumb Code    86  _printf_hex_int_ll_ptr.o(.text)
    _printf_int_hex                          0x080006eb   Thumb Code    28  _printf_hex_int_ll_ptr.o(.text)
    _printf_ll_hex                           0x08000707   Thumb Code    12  _printf_hex_int_ll_ptr.o(.text)
    _printf_hex_ptr                          0x08000713   Thumb Code    18  _printf_hex_int_ll_ptr.o(.text)
    __printf                                 0x08000729   Thumb Code   388  __printf_flags_ss_wp.o(.text)
    _ll_udiv10                               0x080008b1   Thumb Code   138  lludiv10.o(.text)
    _printf_int_common                       0x0800093b   Thumb Code   178  _printf_intcommon.o(.text)
    __lib_sel_fp_printf                      0x080009ed   Thumb Code     2  _printf_fp_dec.o(.text)
    _printf_fp_dec_real                      0x08000b9f   Thumb Code   620  _printf_fp_dec.o(.text)
    _printf_fp_hex_real                      0x08000e0d   Thumb Code   756  _printf_fp_hex.o(.text)
    _printf_cs_common                        0x08001109   Thumb Code    20  _printf_char.o(.text)
    _printf_char                             0x0800111d   Thumb Code    16  _printf_char.o(.text)
    _printf_string                           0x0800112d   Thumb Code     8  _printf_char.o(.text)
    _printf_lcs_common                       0x08001135   Thumb Code    20  _printf_wchar.o(.text)
    _printf_wchar                            0x08001149   Thumb Code    16  _printf_wchar.o(.text)
    _printf_wstring                          0x08001159   Thumb Code     8  _printf_wchar.o(.text)
    _wcrtomb                                 0x08001161   Thumb Code    64  _wcrtomb.o(.text)
    __user_libspace                          0x080011a1   Thumb Code     8  libspace.o(.text)
    __user_perproc_libspace                  0x080011a1   Thumb Code     0  libspace.o(.text)
    __user_perthread_libspace                0x080011a1   Thumb Code     0  libspace.o(.text)
    __user_setup_stackheap                   0x080011a9   Thumb Code    74  sys_stackheap_outer.o(.text)
    __rt_ctype_table                         0x080011f5   Thumb Code    16  rt_ctype_table.o(.text)
    __rt_locale                              0x08001205   Thumb Code     8  rt_locale_intlibspace.o(.text)
    _printf_fp_infnan                        0x0800120d   Thumb Code   112  _printf_fp_infnan.o(.text)
    _btod_etento                             0x0800128d   Thumb Code   224  bigflt0.o(.text)
    exit                                     0x08001371   Thumb Code    18  exit.o(.text)
    strcmp                                   0x08001385   Thumb Code   128  strcmpv7m.o(.text)
    _sys_exit                                0x08001405   Thumb Code     8  sys_exit.o(.text)
    __I$use$semihosting                      0x08001411   Thumb Code     0  use_no_semi.o(.text)
    __use_no_semihosting_swi                 0x08001411   Thumb Code     2  use_no_semi.o(.text)
    __semihosting_library_function           0x08001413   Thumb Code     0  indicate_semi.o(.text)
    _btod_d2e                                0x08001413   Thumb Code    62  btod.o(CL$$btod_d2e)
    _d2e_denorm_low                          0x08001451   Thumb Code    70  btod.o(CL$$btod_d2e_denorm_low)
    _d2e_norm_op1                            0x08001497   Thumb Code    96  btod.o(CL$$btod_d2e_norm_op1)
    __btod_div_common                        0x080014f7   Thumb Code   696  btod.o(CL$$btod_div_common)
    _e2e                                     0x0800182f   Thumb Code   220  btod.o(CL$$btod_e2e)
    _btod_ediv                               0x0800190b   Thumb Code    42  btod.o(CL$$btod_ediv)
    _btod_emul                               0x08001935   Thumb Code    42  btod.o(CL$$btod_emul)
    __btod_mult_common                       0x0800195f   Thumb Code   580  btod.o(CL$$btod_mult_common)
    AS5600_CalVelocity                       0x08001ba5   Thumb Code    80  as5600.o(i.AS5600_CalVelocity)
    AS5600_Init                              0x08001c11   Thumb Code    62  as5600.o(i.AS5600_Init)
    BusFault_Handler                         0x08001ca1   Thumb Code     2  stm32f1xx_it.o(i.BusFault_Handler)
    Calculate_Velocity                       0x08001ca5   Thumb Code    70  robot.o(i.Calculate_Velocity)
    DMA1_Channel7_IRQHandler                 0x08001cf1   Thumb Code     6  stm32f1xx_it.o(i.DMA1_Channel7_IRQHandler)
    DebugMon_Handler                         0x08001d27   Thumb Code     2  stm32f1xx_it.o(i.DebugMon_Handler)
    Error_Handler                            0x08001d29   Thumb Code     4  main.o(i.Error_Handler)
    HAL_DMA_Abort                            0x08001d2d   Thumb Code    70  stm32f1xx_hal_dma.o(i.HAL_DMA_Abort)
    HAL_DMA_Abort_IT                         0x08001d75   Thumb Code   148  stm32f1xx_hal_dma.o(i.HAL_DMA_Abort_IT)
    HAL_DMA_IRQHandler                       0x08001e0d   Thumb Code   316  stm32f1xx_hal_dma.o(i.HAL_DMA_IRQHandler)
    HAL_DMA_Init                             0x08001f61   Thumb Code    84  stm32f1xx_hal_dma.o(i.HAL_DMA_Init)
    HAL_DMA_Start_IT                         0x08001fbd   Thumb Code   112  stm32f1xx_hal_dma.o(i.HAL_DMA_Start_IT)
    HAL_Delay                                0x0800202d   Thumb Code    32  stm32f1xx_hal.o(i.HAL_Delay)
    HAL_GPIO_Init                            0x08002051   Thumb Code   446  stm32f1xx_hal_gpio.o(i.HAL_GPIO_Init)
    HAL_GPIO_ReadPin                         0x08002231   Thumb Code    10  stm32f1xx_hal_gpio.o(i.HAL_GPIO_ReadPin)
    HAL_GPIO_WritePin                        0x0800223b   Thumb Code    10  stm32f1xx_hal_gpio.o(i.HAL_GPIO_WritePin)
    HAL_GetTick                              0x08002245   Thumb Code     6  stm32f1xx_hal.o(i.HAL_GetTick)
    HAL_I2C_Init                             0x08002251   Thumb Code   376  stm32f1xx_hal_i2c.o(i.HAL_I2C_Init)
    HAL_I2C_Mem_Read                         0x080023d9   Thumb Code   586  stm32f1xx_hal_i2c.o(i.HAL_I2C_Mem_Read)
    HAL_I2C_Mem_Write                        0x08002635   Thumb Code   294  stm32f1xx_hal_i2c.o(i.HAL_I2C_Mem_Write)
    HAL_I2C_MspInit                          0x08002765   Thumb Code    96  stm32f1xx_hal_msp.o(i.HAL_I2C_MspInit)
    HAL_IncTick                              0x080027d5   Thumb Code    12  stm32f1xx_hal.o(i.HAL_IncTick)
    HAL_Init                                 0x080027e5   Thumb Code    32  stm32f1xx_hal.o(i.HAL_Init)
    HAL_InitTick                             0x08002809   Thumb Code    54  stm32f1xx_hal.o(i.HAL_InitTick)
    HAL_MspInit                              0x08002849   Thumb Code    52  stm32f1xx_hal_msp.o(i.HAL_MspInit)
    HAL_NVIC_EnableIRQ                       0x08002885   Thumb Code    26  stm32f1xx_hal_cortex.o(i.HAL_NVIC_EnableIRQ)
    HAL_NVIC_SetPriority                     0x080028a1   Thumb Code    60  stm32f1xx_hal_cortex.o(i.HAL_NVIC_SetPriority)
    HAL_NVIC_SetPriorityGrouping             0x080028e1   Thumb Code    26  stm32f1xx_hal_cortex.o(i.HAL_NVIC_SetPriorityGrouping)
    HAL_RCC_ClockConfig                      0x08002905   Thumb Code   280  stm32f1xx_hal_rcc.o(i.HAL_RCC_ClockConfig)
    HAL_RCC_GetPCLK1Freq                     0x08002a31   Thumb Code    20  stm32f1xx_hal_rcc.o(i.HAL_RCC_GetPCLK1Freq)
    HAL_RCC_GetPCLK2Freq                     0x08002a51   Thumb Code    20  stm32f1xx_hal_rcc.o(i.HAL_RCC_GetPCLK2Freq)
    HAL_RCC_GetSysClockFreq                  0x08002a71   Thumb Code    58  stm32f1xx_hal_rcc.o(i.HAL_RCC_GetSysClockFreq)
    HAL_RCC_OscConfig                        0x08002abd   Thumb Code   778  stm32f1xx_hal_rcc.o(i.HAL_RCC_OscConfig)
    HAL_SYSTICK_Config                       0x08002ddd   Thumb Code    40  stm32f1xx_hal_cortex.o(i.HAL_SYSTICK_Config)
    HAL_TIMEx_BreakCallback                  0x08002e05   Thumb Code     2  stm32f1xx_hal_tim_ex.o(i.HAL_TIMEx_BreakCallback)
    HAL_TIMEx_CommutCallback                 0x08002e07   Thumb Code     2  stm32f1xx_hal_tim_ex.o(i.HAL_TIMEx_CommutCallback)
    HAL_TIMEx_ConfigBreakDeadTime            0x08002e09   Thumb Code    84  stm32f1xx_hal_tim_ex.o(i.HAL_TIMEx_ConfigBreakDeadTime)
    HAL_TIMEx_MasterConfigSynchronization    0x08002e5d   Thumb Code    92  stm32f1xx_hal_tim_ex.o(i.HAL_TIMEx_MasterConfigSynchronization)
    HAL_TIM_Base_Init                        0x08002ec5   Thumb Code    90  stm32f1xx_hal_tim.o(i.HAL_TIM_Base_Init)
    HAL_TIM_Base_MspInit                     0x08002f21   Thumb Code    50  stm32f1xx_hal_msp.o(i.HAL_TIM_Base_MspInit)
    HAL_TIM_Base_Start_IT                    0x08002f5d   Thumb Code    76  stm32f1xx_hal_tim.o(i.HAL_TIM_Base_Start_IT)
    HAL_TIM_ConfigClockSource                0x08002fb5   Thumb Code   220  stm32f1xx_hal_tim.o(i.HAL_TIM_ConfigClockSource)
    HAL_TIM_IC_CaptureCallback               0x08003091   Thumb Code     2  stm32f1xx_hal_tim.o(i.HAL_TIM_IC_CaptureCallback)
    HAL_TIM_IRQHandler                       0x08003093   Thumb Code   304  stm32f1xx_hal_tim.o(i.HAL_TIM_IRQHandler)
    HAL_TIM_MspPostInit                      0x080031c5   Thumb Code   156  stm32f1xx_hal_msp.o(i.HAL_TIM_MspPostInit)
    HAL_TIM_OC_DelayElapsedCallback          0x08003279   Thumb Code     2  stm32f1xx_hal_tim.o(i.HAL_TIM_OC_DelayElapsedCallback)
    HAL_TIM_PWM_ConfigChannel                0x0800327b   Thumb Code   204  stm32f1xx_hal_tim.o(i.HAL_TIM_PWM_ConfigChannel)
    HAL_TIM_PWM_Init                         0x08003347   Thumb Code    90  stm32f1xx_hal_tim.o(i.HAL_TIM_PWM_Init)
    HAL_TIM_PWM_MspInit                      0x080033a1   Thumb Code    74  stm32f1xx_hal_msp.o(i.HAL_TIM_PWM_MspInit)
    HAL_TIM_PWM_PulseFinishedCallback        0x080033f9   Thumb Code     2  stm32f1xx_hal_tim.o(i.HAL_TIM_PWM_PulseFinishedCallback)
    HAL_TIM_PWM_Start                        0x080033fd   Thumb Code   144  stm32f1xx_hal_tim.o(i.HAL_TIM_PWM_Start)
    HAL_TIM_PWM_Stop                         0x08003499   Thumb Code   108  stm32f1xx_hal_tim.o(i.HAL_TIM_PWM_Stop)
    HAL_TIM_PeriodElapsedCallback            0x08003509   Thumb Code   130  main.o(i.HAL_TIM_PeriodElapsedCallback)
    HAL_TIM_TriggerCallback                  0x080035e5   Thumb Code     2  stm32f1xx_hal_tim.o(i.HAL_TIM_TriggerCallback)
    HAL_UARTEx_RxEventCallback               0x080035e7   Thumb Code     2  stm32f1xx_hal_uart.o(i.HAL_UARTEx_RxEventCallback)
    HAL_UART_ErrorCallback                   0x080035e9   Thumb Code     2  stm32f1xx_hal_uart.o(i.HAL_UART_ErrorCallback)
    HAL_UART_IRQHandler                      0x080035ed   Thumb Code   616  stm32f1xx_hal_uart.o(i.HAL_UART_IRQHandler)
    HAL_UART_Init                            0x08003859   Thumb Code   100  stm32f1xx_hal_uart.o(i.HAL_UART_Init)
    HAL_UART_MspInit                         0x080038bd   Thumb Code   156  stm32f1xx_hal_msp.o(i.HAL_UART_MspInit)
    HAL_UART_Receive_IT                      0x0800396d   Thumb Code    28  stm32f1xx_hal_uart.o(i.HAL_UART_Receive_IT)
    HAL_UART_RxCpltCallback                  0x08003989   Thumb Code    40  main.o(i.HAL_UART_RxCpltCallback)
    HAL_UART_Transmit_DMA                    0x080039b9   Thumb Code   106  stm32f1xx_hal_uart.o(i.HAL_UART_Transmit_DMA)
    HAL_UART_TxCpltCallback                  0x08003a31   Thumb Code     2  stm32f1xx_hal_uart.o(i.HAL_UART_TxCpltCallback)
    HAL_UART_TxHalfCpltCallback              0x08003a33   Thumb Code     2  stm32f1xx_hal_uart.o(i.HAL_UART_TxHalfCpltCallback)
    HardFault_Handler                        0x08003a35   Thumb Code     2  stm32f1xx_it.o(i.HardFault_Handler)
    MPU6050_Init                             0x08003e75   Thumb Code   154  mpu6050.o(i.MPU6050_Init)
    MPU6050_Read_All_Fast                    0x08003f15   Thumb Code   260  mpu6050.o(i.MPU6050_Read_All_Fast)
    MemManage_Handler                        0x080042ed   Thumb Code     2  stm32f1xx_it.o(i.MemManage_Handler)
    NMI_Handler                              0x080042ef   Thumb Code     2  stm32f1xx_it.o(i.NMI_Handler)
    PendSV_Handler                           0x080042f1   Thumb Code     2  stm32f1xx_it.o(i.PendSV_Handler)
    SVC_Handler                              0x080042f3   Thumb Code     2  stm32f1xx_it.o(i.SVC_Handler)
    Servo_Init                               0x080042f5   Thumb Code    28  servo.o(i.Servo_Init)
    Stepper_Control                          0x08004311   Thumb Code    18  step_motor.o(i.Stepper_Control)
    Stepper_Disable                          0x08004323   Thumb Code    30  step_motor.o(i.Stepper_Disable)
    Stepper_Enable                           0x08004341   Thumb Code    28  step_motor.o(i.Stepper_Enable)
    Stepper_Init                             0x0800435d   Thumb Code    84  step_motor.o(i.Stepper_Init)
    Stepper_SetDirection                     0x080043b5   Thumb Code    10  step_motor.o(i.Stepper_SetDirection)
    Stepper_SetSpeedRPM                      0x080043c1   Thumb Code   110  step_motor.o(i.Stepper_SetSpeedRPM)
    Stepper_Setup                            0x0800443d   Thumb Code     8  step_motor.o(i.Stepper_Setup)
    SysTick_Handler                          0x08004445   Thumb Code     4  stm32f1xx_it.o(i.SysTick_Handler)
    SystemClock_Config                       0x08004449   Thumb Code    94  main.o(i.SystemClock_Config)
    SystemInit                               0x080044a7   Thumb Code     2  system_stm32f1xx.o(i.SystemInit)
    TIM3_IRQHandler                          0x080044a9   Thumb Code     6  stm32f1xx_it.o(i.TIM3_IRQHandler)
    TIM_Base_SetConfig                       0x080044b5   Thumb Code   108  stm32f1xx_hal_tim.o(i.TIM_Base_SetConfig)
    TIM_CCxChannelCmd                        0x0800452d   Thumb Code    26  stm32f1xx_hal_tim.o(i.TIM_CCxChannelCmd)
    TIM_ETR_SetConfig                        0x08004547   Thumb Code    20  stm32f1xx_hal_tim.o(i.TIM_ETR_SetConfig)
    TIM_OC2_SetConfig                        0x080045bd   Thumb Code    84  stm32f1xx_hal_tim.o(i.TIM_OC2_SetConfig)
    UART_Start_Receive_IT                    0x08004981   Thumb Code    54  stm32f1xx_hal_uart.o(i.UART_Start_Receive_IT)
    USART2_IRQHandler                        0x080049b9   Thumb Code     6  stm32f1xx_it.o(i.USART2_IRQHandler)
    UsageFault_Handler                       0x080049c5   Thumb Code     2  stm32f1xx_it.o(i.UsageFault_Handler)
    __ARM_fpclassify                         0x080049c7   Thumb Code    40  fpclassify.o(i.__ARM_fpclassify)
    _is_digit                                0x08004a0f   Thumb Code    14  __printf_wp.o(i._is_digit)
    i2c_soft_init                            0x08004d15   Thumb Code    30  i2c.o(i.i2c_soft_init)
    i2c_soft_read_addr8_bytes                0x08004d33   Thumb Code   118  i2c.o(i.i2c_soft_read_addr8_bytes)
    i2c_soft_read_addr8_data16               0x08004da9   Thumb Code   108  i2c.o(i.i2c_soft_read_addr8_data16)
    i2c_soft_read_addr8_data32               0x08004e15   Thumb Code   138  i2c.o(i.i2c_soft_read_addr8_data32)
    i2c_soft_read_addr8_data8                0x08004e9f   Thumb Code    88  i2c.o(i.i2c_soft_read_addr8_data8)
    i2c_soft_write_addr8_bytes               0x08004fe1   Thumb Code    80  i2c.o(i.i2c_soft_write_addr8_bytes)
    i2c_soft_write_addr8_data8               0x08005031   Thumb Code    66  i2c.o(i.i2c_soft_write_addr8_data8)
    main                                     0x08005609   Thumb Code   644  main.o(i.main)
    robot_control                            0x08005a71   Thumb Code    86  robot.o(i.robot_control)
    robot_init                               0x08005acd   Thumb Code    18  robot.o(i.robot_init)
    transmit                                 0x08005bf5   Thumb Code    40  main.o(i.transmit)
    uart_receive_data                        0x08005c21   Thumb Code    66  uart.o(i.uart_receive_data)
    vl53l0x_init                             0x08005c6d   Thumb Code   132  vl53l0x.o(i.vl53l0x_init)
    vl53l0x_read_all_sensor                  0x08005cfd   Thumb Code    52  vl53l0x.o(i.vl53l0x_read_all_sensor)
    vl53l0x_read_range_single                0x08005d39   Thumb Code   266  vl53l0x.o(i.vl53l0x_read_range_single)
    _get_lc_numeric                          0x08005e4d   Thumb Code    44  lc_numeric_c.o(locale$$code)
    _get_lc_ctype                            0x08005e79   Thumb Code    44  lc_ctype_c.o(locale$$code)
    __aeabi_ddiv                             0x08005ea5   Thumb Code     0  ddiv.o(x$fpl$ddiv)
    _ddiv                                    0x08005ea5   Thumb Code   552  ddiv.o(x$fpl$ddiv)
    __aeabi_i2d                              0x08006155   Thumb Code     0  dflt_clz.o(x$fpl$dflt)
    _dflt                                    0x08006155   Thumb Code    46  dflt_clz.o(x$fpl$dflt)
    __fpl_dnaninf                            0x08006183   Thumb Code   156  dnaninf.o(x$fpl$dnaninf)
    __fpl_dretinf                            0x0800621f   Thumb Code    12  dretinf.o(x$fpl$dretinf)
    __aeabi_f2d                              0x0800622d   Thumb Code     0  f2d.o(x$fpl$f2d)
    _f2d                                     0x0800622d   Thumb Code    86  f2d.o(x$fpl$f2d)
    __aeabi_fadd                             0x08006285   Thumb Code     0  faddsub_clz.o(x$fpl$fadd)
    _fadd                                    0x08006285   Thumb Code   196  faddsub_clz.o(x$fpl$fadd)
    __fpl_fcheck_NaN1                        0x08006349   Thumb Code     6  fcheck1.o(x$fpl$fcheck1)
    __fpl_fcmp_Inf                           0x08006355   Thumb Code    24  fcmpi.o(x$fpl$fcmpinf)
    __aeabi_fdiv                             0x0800636d   Thumb Code     0  fdiv.o(x$fpl$fdiv)
    _fdiv                                    0x0800636d   Thumb Code   384  fdiv.o(x$fpl$fdiv)
    __aeabi_f2uiz                            0x080064f1   Thumb Code     0  ffixu.o(x$fpl$ffixu)
    _ffixu                                   0x080064f1   Thumb Code    62  ffixu.o(x$fpl$ffixu)
    __aeabi_i2f                              0x08006531   Thumb Code     0  fflt_clz.o(x$fpl$fflt)
    _fflt                                    0x08006531   Thumb Code    48  fflt_clz.o(x$fpl$fflt)
    __aeabi_ui2f                             0x08006561   Thumb Code     0  fflt_clz.o(x$fpl$ffltu)
    _ffltu                                   0x08006561   Thumb Code    38  fflt_clz.o(x$fpl$ffltu)
    __aeabi_cfcmple                          0x08006589   Thumb Code     0  fleqf.o(x$fpl$fleqf)
    _fcmple                                  0x08006589   Thumb Code   104  fleqf.o(x$fpl$fleqf)
    __fpl_fcmple_InfNaN                      0x080065db   Thumb Code     0  fleqf.o(x$fpl$fleqf)
    __aeabi_fmul                             0x080065f1   Thumb Code     0  fmul.o(x$fpl$fmul)
    _fmul                                    0x080065f1   Thumb Code   258  fmul.o(x$fpl$fmul)
    __fpl_fnaninf                            0x080066f3   Thumb Code   140  fnaninf.o(x$fpl$fnaninf)
    __fpl_fretinf                            0x0800677f   Thumb Code    10  fretinf.o(x$fpl$fretinf)
    __aeabi_fsub                             0x08006789   Thumb Code     0  faddsub_clz.o(x$fpl$fsub)
    _fsub                                    0x08006789   Thumb Code   234  faddsub_clz.o(x$fpl$fsub)
    _printf_fp_dec                           0x08006873   Thumb Code     4  printf1.o(x$fpl$printf1)
    _printf_fp_hex                           0x08006877   Thumb Code     4  printf2.o(x$fpl$printf2)
    __fpl_return_NaN                         0x0800687b   Thumb Code   100  retnan.o(x$fpl$retnan)
    __ARM_scalbnf                            0x080068df   Thumb Code    76  scalbnf.o(x$fpl$scalbnf)
    __fpl_cmpreturn                          0x0800692b   Thumb Code    48  trapv.o(x$fpl$trapveneer)
    __I$use$fp                               0x0800695a   Number         0  usenofp.o(x$fpl$usenofp)
    AHBPrescTable                            0x0800696c   Data          16  system_stm32f1xx.o(.constdata)
    APBPrescTable                            0x0800697c   Data           8  system_stm32f1xx.o(.constdata)
    Region$$Table$$Base                      0x08006a80   Number         0  anon$$obj.o(Region$$Table)
    Region$$Table$$Limit                     0x08006aa0   Number         0  anon$$obj.o(Region$$Table)
    __ctype                                  0x08006ac9   Data           0  lc_ctype_c.o(locale$$data)
    data_rx                                  0x20000001   Data           1  main.o(.data)
    flag_error                               0x20000002   Data           1  main.o(.data)
    uwTickFreq                               0x20000004   Data           1  stm32f1xx_hal.o(.data)
    uwTickPrio                               0x20000008   Data           4  stm32f1xx_hal.o(.data)
    uwTick                                   0x2000000c   Data           4  stm32f1xx_hal.o(.data)
    SystemCoreClock                          0x20000010   Data           4  system_stm32f1xx.o(.data)
    flag_cpltReceive                         0x20000014   Data           1  uart.o(.data)
    buffer_index                             0x20000015   Data           1  uart.o(.data)
    flag_data_error                          0x20000016   Data           1  uart.o(.data)
    setpoint_left                            0x20000018   Data           4  uart.o(.data)
    setpoint_right                           0x2000001c   Data           4  uart.o(.data)
    check_id                                 0x20000028   Data           1  mpu6050.o(.data)
    timer                                    0x2000002c   Data           4  mpu6050.o(.data)
    KalmanRoll                               0x20000030   Data          72  mpu6050.o(.data)
    KalmanPitch                              0x20000078   Data          72  mpu6050.o(.data)
    KalmanYaw                                0x200000c0   Data          72  mpu6050.o(.data)
    check                                    0x20000110   Data           1  as5600.o(.data)
    hi2c1                                    0x20000118   Data          84  main.o(.bss)
    htim1                                    0x2000016c   Data          72  main.o(.bss)
    htim2                                    0x200001b4   Data          72  main.o(.bss)
    htim3                                    0x200001fc   Data          72  main.o(.bss)
    htim4                                    0x20000244   Data          72  main.o(.bss)
    huart2                                   0x2000028c   Data          72  main.o(.bss)
    robot                                    0x200002d4   Data          20  main.o(.bss)
    motor_left                               0x200002e8   Data          36  main.o(.bss)
    motor_right                              0x2000030c   Data          36  main.o(.bss)
    encoder_left                             0x20000330   Data          12  main.o(.bss)
    encoder_right                            0x2000033c   Data          12  main.o(.bss)
    soft_i2c1                                0x20000348   Data          16  main.o(.bss)
    soft_i2c2                                0x20000358   Data          16  main.o(.bss)
    soft_i2c_encoder_left                    0x20000368   Data          16  main.o(.bss)
    soft_i2c_encoder_right                   0x20000378   Data          16  main.o(.bss)
    sensor_left                              0x20000388   Data          28  main.o(.bss)
    sensor_half_left                         0x200003a4   Data          28  main.o(.bss)
    sensor_half_right                        0x200003c0   Data          28  main.o(.bss)
    sensor_right                             0x200003dc   Data          28  main.o(.bss)
    servo1                                   0x200003f8   Data          12  main.o(.bss)
    servo2                                   0x20000404   Data          12  main.o(.bss)
    mpu                                      0x20000410   Data         128  main.o(.bss)
    buffer                                   0x20000490   Data         100  main.o(.bss)
    hdma_usart2_tx                           0x200004f4   Data          68  main.o(.bss)
    uart_buff                                0x20000538   Data          10  uart.o(.bss)
    argv                                     0x20000544   Data          20  uart.o(.bss)
    list_distance_sensor                     0x20000558   Data          32  vl53l0x.o(.bss)
    __libspace_start                         0x20000578   Data          96  libspace.o(.bss)
    __temporary_stack_top$libspace           0x200005d8   Data           0  libspace.o(.bss)



==============================================================================

Memory Map of the image

  Image Entry point : 0x080000ed

  Load Region LR_IROM1 (Base: 0x08000000, Size: 0x00006ce0, Max: 0x00010000, ABSOLUTE)

    Execution Region ER_IROM1 (Exec base: 0x08000000, Load base: 0x08000000, Size: 0x00006bcc, Max: 0x00010000, ABSOLUTE)

    Exec Addr    Load Addr    Size         Type   Attr      Idx    E Section Name        Object

    0x08000000   0x08000000   0x000000ec   Data   RO            3    RESET               startup_stm32f103xb.o
    0x080000ec   0x080000ec   0x00000008   Code   RO         3778  * !!!main             c_w.l(__main.o)
    0x080000f4   0x080000f4   0x00000034   Code   RO         4233    !!!scatter          c_w.l(__scatter.o)
    0x08000128   0x08000128   0x0000001a   Code   RO         4235    !!handler_copy      c_w.l(__scatter_copy.o)
    0x08000142   0x08000142   0x00000002   PAD
    0x08000144   0x08000144   0x0000001c   Code   RO         4237    !!handler_zi        c_w.l(__scatter_zi.o)
    0x08000160   0x08000160   0x00000000   Code   RO         3946    .ARM.Collect$$_printf_percent$$00000000  c_w.l(_printf_percent.o)
    0x08000160   0x08000160   0x00000006   Code   RO         3935    .ARM.Collect$$_printf_percent$$00000001  c_w.l(_printf_n.o)
    0x08000166   0x08000166   0x00000006   Code   RO         3937    .ARM.Collect$$_printf_percent$$00000002  c_w.l(_printf_p.o)
    0x0800016c   0x0800016c   0x00000006   Code   RO         3942    .ARM.Collect$$_printf_percent$$00000003  c_w.l(_printf_f.o)
    0x08000172   0x08000172   0x00000006   Code   RO         3943    .ARM.Collect$$_printf_percent$$00000004  c_w.l(_printf_e.o)
    0x08000178   0x08000178   0x00000006   Code   RO         3944    .ARM.Collect$$_printf_percent$$00000005  c_w.l(_printf_g.o)
    0x0800017e   0x0800017e   0x00000006   Code   RO         3945    .ARM.Collect$$_printf_percent$$00000006  c_w.l(_printf_a.o)
    0x08000184   0x08000184   0x0000000a   Code   RO         3950    .ARM.Collect$$_printf_percent$$00000007  c_w.l(_printf_ll.o)
    0x0800018e   0x0800018e   0x00000006   Code   RO         3939    .ARM.Collect$$_printf_percent$$00000008  c_w.l(_printf_i.o)
    0x08000194   0x08000194   0x00000006   Code   RO         3940    .ARM.Collect$$_printf_percent$$00000009  c_w.l(_printf_d.o)
    0x0800019a   0x0800019a   0x00000006   Code   RO         3941    .ARM.Collect$$_printf_percent$$0000000A  c_w.l(_printf_u.o)
    0x080001a0   0x080001a0   0x00000006   Code   RO         3938    .ARM.Collect$$_printf_percent$$0000000B  c_w.l(_printf_o.o)
    0x080001a6   0x080001a6   0x00000006   Code   RO         3936    .ARM.Collect$$_printf_percent$$0000000C  c_w.l(_printf_x.o)
    0x080001ac   0x080001ac   0x00000006   Code   RO         3947    .ARM.Collect$$_printf_percent$$0000000D  c_w.l(_printf_lli.o)
    0x080001b2   0x080001b2   0x00000006   Code   RO         3948    .ARM.Collect$$_printf_percent$$0000000E  c_w.l(_printf_lld.o)
    0x080001b8   0x080001b8   0x00000006   Code   RO         3949    .ARM.Collect$$_printf_percent$$0000000F  c_w.l(_printf_llu.o)
    0x080001be   0x080001be   0x00000006   Code   RO         3954    .ARM.Collect$$_printf_percent$$00000010  c_w.l(_printf_llo.o)
    0x080001c4   0x080001c4   0x00000006   Code   RO         3955    .ARM.Collect$$_printf_percent$$00000011  c_w.l(_printf_llx.o)
    0x080001ca   0x080001ca   0x0000000a   Code   RO         3951    .ARM.Collect$$_printf_percent$$00000012  c_w.l(_printf_l.o)
    0x080001d4   0x080001d4   0x00000006   Code   RO         3933    .ARM.Collect$$_printf_percent$$00000013  c_w.l(_printf_c.o)
    0x080001da   0x080001da   0x00000006   Code   RO         3934    .ARM.Collect$$_printf_percent$$00000014  c_w.l(_printf_s.o)
    0x080001e0   0x080001e0   0x00000006   Code   RO         3952    .ARM.Collect$$_printf_percent$$00000015  c_w.l(_printf_lc.o)
    0x080001e6   0x080001e6   0x00000006   Code   RO         3953    .ARM.Collect$$_printf_percent$$00000016  c_w.l(_printf_ls.o)
    0x080001ec   0x080001ec   0x00000004   Code   RO         4039    .ARM.Collect$$_printf_percent$$00000017  c_w.l(_printf_percent_end.o)
    0x080001f0   0x080001f0   0x00000002   Code   RO         4097    .ARM.Collect$$libinit$$00000000  c_w.l(libinit.o)
    0x080001f2   0x080001f2   0x00000000   Code   RO         4110    .ARM.Collect$$libinit$$00000002  c_w.l(libinit2.o)
    0x080001f2   0x080001f2   0x00000000   Code   RO         4112    .ARM.Collect$$libinit$$00000004  c_w.l(libinit2.o)
    0x080001f2   0x080001f2   0x00000000   Code   RO         4115    .ARM.Collect$$libinit$$0000000A  c_w.l(libinit2.o)
    0x080001f2   0x080001f2   0x00000000   Code   RO         4117    .ARM.Collect$$libinit$$0000000C  c_w.l(libinit2.o)
    0x080001f2   0x080001f2   0x00000000   Code   RO         4119    .ARM.Collect$$libinit$$0000000E  c_w.l(libinit2.o)
    0x080001f2   0x080001f2   0x00000006   Code   RO         4120    .ARM.Collect$$libinit$$0000000F  c_w.l(libinit2.o)
    0x080001f8   0x080001f8   0x00000000   Code   RO         4122    .ARM.Collect$$libinit$$00000011  c_w.l(libinit2.o)
    0x080001f8   0x080001f8   0x0000000c   Code   RO         4123    .ARM.Collect$$libinit$$00000012  c_w.l(libinit2.o)
    0x08000204   0x08000204   0x00000000   Code   RO         4124    .ARM.Collect$$libinit$$00000013  c_w.l(libinit2.o)
    0x08000204   0x08000204   0x00000000   Code   RO         4126    .ARM.Collect$$libinit$$00000015  c_w.l(libinit2.o)
    0x08000204   0x08000204   0x0000000a   Code   RO         4127    .ARM.Collect$$libinit$$00000016  c_w.l(libinit2.o)
    0x0800020e   0x0800020e   0x00000000   Code   RO         4128    .ARM.Collect$$libinit$$00000017  c_w.l(libinit2.o)
    0x0800020e   0x0800020e   0x00000000   Code   RO         4130    .ARM.Collect$$libinit$$00000019  c_w.l(libinit2.o)
    0x0800020e   0x0800020e   0x00000000   Code   RO         4132    .ARM.Collect$$libinit$$0000001B  c_w.l(libinit2.o)
    0x0800020e   0x0800020e   0x00000000   Code   RO         4134    .ARM.Collect$$libinit$$0000001D  c_w.l(libinit2.o)
    0x0800020e   0x0800020e   0x00000000   Code   RO         4136    .ARM.Collect$$libinit$$0000001F  c_w.l(libinit2.o)
    0x0800020e   0x0800020e   0x00000000   Code   RO         4138    .ARM.Collect$$libinit$$00000021  c_w.l(libinit2.o)
    0x0800020e   0x0800020e   0x00000000   Code   RO         4140    .ARM.Collect$$libinit$$00000023  c_w.l(libinit2.o)
    0x0800020e   0x0800020e   0x00000000   Code   RO         4142    .ARM.Collect$$libinit$$00000025  c_w.l(libinit2.o)
    0x0800020e   0x0800020e   0x00000000   Code   RO         4146    .ARM.Collect$$libinit$$0000002C  c_w.l(libinit2.o)
    0x0800020e   0x0800020e   0x00000000   Code   RO         4148    .ARM.Collect$$libinit$$0000002E  c_w.l(libinit2.o)
    0x0800020e   0x0800020e   0x00000000   Code   RO         4150    .ARM.Collect$$libinit$$00000030  c_w.l(libinit2.o)
    0x0800020e   0x0800020e   0x00000000   Code   RO         4152    .ARM.Collect$$libinit$$00000032  c_w.l(libinit2.o)
    0x0800020e   0x0800020e   0x00000002   Code   RO         4153    .ARM.Collect$$libinit$$00000033  c_w.l(libinit2.o)
    0x08000210   0x08000210   0x00000002   Code   RO         4173    .ARM.Collect$$libshutdown$$00000000  c_w.l(libshutdown.o)
    0x08000212   0x08000212   0x00000000   Code   RO         4186    .ARM.Collect$$libshutdown$$00000002  c_w.l(libshutdown2.o)
    0x08000212   0x08000212   0x00000000   Code   RO         4188    .ARM.Collect$$libshutdown$$00000004  c_w.l(libshutdown2.o)
    0x08000212   0x08000212   0x00000000   Code   RO         4191    .ARM.Collect$$libshutdown$$00000007  c_w.l(libshutdown2.o)
    0x08000212   0x08000212   0x00000000   Code   RO         4194    .ARM.Collect$$libshutdown$$0000000A  c_w.l(libshutdown2.o)
    0x08000212   0x08000212   0x00000000   Code   RO         4196    .ARM.Collect$$libshutdown$$0000000C  c_w.l(libshutdown2.o)
    0x08000212   0x08000212   0x00000000   Code   RO         4199    .ARM.Collect$$libshutdown$$0000000F  c_w.l(libshutdown2.o)
    0x08000212   0x08000212   0x00000002   Code   RO         4200    .ARM.Collect$$libshutdown$$00000010  c_w.l(libshutdown2.o)
    0x08000214   0x08000214   0x00000000   Code   RO         3860    .ARM.Collect$$rtentry$$00000000  c_w.l(__rtentry.o)
    0x08000214   0x08000214   0x00000000   Code   RO         4005    .ARM.Collect$$rtentry$$00000002  c_w.l(__rtentry2.o)
    0x08000214   0x08000214   0x00000006   Code   RO         4017    .ARM.Collect$$rtentry$$00000004  c_w.l(__rtentry4.o)
    0x0800021a   0x0800021a   0x00000000   Code   RO         4007    .ARM.Collect$$rtentry$$00000009  c_w.l(__rtentry2.o)
    0x0800021a   0x0800021a   0x00000004   Code   RO         4008    .ARM.Collect$$rtentry$$0000000A  c_w.l(__rtentry2.o)
    0x0800021e   0x0800021e   0x00000000   Code   RO         4010    .ARM.Collect$$rtentry$$0000000C  c_w.l(__rtentry2.o)
    0x0800021e   0x0800021e   0x00000008   Code   RO         4011    .ARM.Collect$$rtentry$$0000000D  c_w.l(__rtentry2.o)
    0x08000226   0x08000226   0x00000002   Code   RO         4102    .ARM.Collect$$rtexit$$00000000  c_w.l(rtexit.o)
    0x08000228   0x08000228   0x00000000   Code   RO         4155    .ARM.Collect$$rtexit$$00000002  c_w.l(rtexit2.o)
    0x08000228   0x08000228   0x00000004   Code   RO         4156    .ARM.Collect$$rtexit$$00000003  c_w.l(rtexit2.o)
    0x0800022c   0x0800022c   0x00000006   Code   RO         4157    .ARM.Collect$$rtexit$$00000004  c_w.l(rtexit2.o)
    0x08000232   0x08000232   0x00000002   PAD
    0x08000234   0x08000234   0x00000040   Code   RO            4    .text               startup_stm32f103xb.o
    0x08000274   0x08000274   0x00000034   Code   RO         3767    .text               c_w.l(vsnprintf.o)
    0x080002a8   0x080002a8   0x0000003e   Code   RO         3772    .text               c_w.l(strlen.o)
    0x080002e6   0x080002e6   0x0000004e   Code   RO         3774    .text               c_w.l(rt_memclr_w.o)
    0x08000334   0x08000334   0x00000006   Code   RO         3776    .text               c_w.l(heapauxi.o)
    0x0800033a   0x0800033a   0x0000004e   Code   RO         3865    .text               c_w.l(_printf_pad.o)
    0x08000388   0x08000388   0x00000024   Code   RO         3867    .text               c_w.l(_printf_truncate.o)
    0x080003ac   0x080003ac   0x00000052   Code   RO         3869    .text               c_w.l(_printf_str.o)
    0x080003fe   0x080003fe   0x00000002   PAD
    0x08000400   0x08000400   0x00000078   Code   RO         3871    .text               c_w.l(_printf_dec.o)
    0x08000478   0x08000478   0x00000028   Code   RO         3873    .text               c_w.l(_printf_charcount.o)
    0x080004a0   0x080004a0   0x00000030   Code   RO         3875    .text               c_w.l(_printf_char_common.o)
    0x080004d0   0x080004d0   0x0000000a   Code   RO         3877    .text               c_w.l(_sputc.o)
    0x080004da   0x080004da   0x00000010   Code   RO         3879    .text               c_w.l(_snputc.o)
    0x080004ea   0x080004ea   0x00000002   PAD
    0x080004ec   0x080004ec   0x000000bc   Code   RO         3881    .text               c_w.l(_printf_wctomb.o)
    0x080005a8   0x080005a8   0x0000007c   Code   RO         3884    .text               c_w.l(_printf_longlong_dec.o)
    0x08000624   0x08000624   0x00000070   Code   RO         3890    .text               c_w.l(_printf_oct_int_ll.o)
    0x08000694   0x08000694   0x00000094   Code   RO         3910    .text               c_w.l(_printf_hex_int_ll_ptr.o)
    0x08000728   0x08000728   0x00000188   Code   RO         3930    .text               c_w.l(__printf_flags_ss_wp.o)
    0x080008b0   0x080008b0   0x0000008a   Code   RO         4024    .text               c_w.l(lludiv10.o)
    0x0800093a   0x0800093a   0x000000b2   Code   RO         4026    .text               c_w.l(_printf_intcommon.o)
    0x080009ec   0x080009ec   0x0000041e   Code   RO         4028    .text               c_w.l(_printf_fp_dec.o)
    0x08000e0a   0x08000e0a   0x00000002   PAD
    0x08000e0c   0x08000e0c   0x000002fc   Code   RO         4030    .text               c_w.l(_printf_fp_hex.o)
    0x08001108   0x08001108   0x0000002c   Code   RO         4035    .text               c_w.l(_printf_char.o)
    0x08001134   0x08001134   0x0000002c   Code   RO         4037    .text               c_w.l(_printf_wchar.o)
    0x08001160   0x08001160   0x00000040   Code   RO         4040    .text               c_w.l(_wcrtomb.o)
    0x080011a0   0x080011a0   0x00000008   Code   RO         4048    .text               c_w.l(libspace.o)
    0x080011a8   0x080011a8   0x0000004a   Code   RO         4051    .text               c_w.l(sys_stackheap_outer.o)
    0x080011f2   0x080011f2   0x00000002   PAD
    0x080011f4   0x080011f4   0x00000010   Code   RO         4053    .text               c_w.l(rt_ctype_table.o)
    0x08001204   0x08001204   0x00000008   Code   RO         4058    .text               c_w.l(rt_locale_intlibspace.o)
    0x0800120c   0x0800120c   0x00000080   Code   RO         4060    .text               c_w.l(_printf_fp_infnan.o)
    0x0800128c   0x0800128c   0x000000e4   Code   RO         4062    .text               c_w.l(bigflt0.o)
    0x08001370   0x08001370   0x00000012   Code   RO         4090    .text               c_w.l(exit.o)
    0x08001382   0x08001382   0x00000002   PAD
    0x08001384   0x08001384   0x00000080   Code   RO         4107    .text               c_w.l(strcmpv7m.o)
    0x08001404   0x08001404   0x0000000c   Code   RO         4165    .text               c_w.l(sys_exit.o)
    0x08001410   0x08001410   0x00000002   Code   RO         4176    .text               c_w.l(use_no_semi.o)
    0x08001412   0x08001412   0x00000000   Code   RO         4178    .text               c_w.l(indicate_semi.o)
    0x08001412   0x08001412   0x0000003e   Code   RO         4065    CL$$btod_d2e        c_w.l(btod.o)
    0x08001450   0x08001450   0x00000046   Code   RO         4067    CL$$btod_d2e_denorm_low  c_w.l(btod.o)
    0x08001496   0x08001496   0x00000060   Code   RO         4066    CL$$btod_d2e_norm_op1  c_w.l(btod.o)
    0x080014f6   0x080014f6   0x00000338   Code   RO         4075    CL$$btod_div_common  c_w.l(btod.o)
    0x0800182e   0x0800182e   0x000000dc   Code   RO         4072    CL$$btod_e2e        c_w.l(btod.o)
    0x0800190a   0x0800190a   0x0000002a   Code   RO         4069    CL$$btod_ediv       c_w.l(btod.o)
    0x08001934   0x08001934   0x0000002a   Code   RO         4068    CL$$btod_emul       c_w.l(btod.o)
    0x0800195e   0x0800195e   0x00000244   Code   RO         4074    CL$$btod_mult_common  c_w.l(btod.o)
    0x08001ba2   0x08001ba2   0x00000002   PAD
    0x08001ba4   0x08001ba4   0x0000006c   Code   RO         3725    i.AS5600_CalVelocity  as5600.o
    0x08001c10   0x08001c10   0x00000048   Code   RO         3726    i.AS5600_Init       as5600.o
    0x08001c58   0x08001c58   0x00000048   Code   RO         3727    i.AS5600_ReadRawAngle  as5600.o
    0x08001ca0   0x08001ca0   0x00000002   Code   RO          231    i.BusFault_Handler  stm32f1xx_it.o
    0x08001ca2   0x08001ca2   0x00000002   PAD
    0x08001ca4   0x08001ca4   0x0000004c   Code   RO         3309    i.Calculate_Velocity  robot.o
    0x08001cf0   0x08001cf0   0x0000000c   Code   RO          232    i.DMA1_Channel7_IRQHandler  stm32f1xx_it.o
    0x08001cfc   0x08001cfc   0x0000002a   Code   RO         1257    i.DMA_SetConfig     stm32f1xx_hal_dma.o
    0x08001d26   0x08001d26   0x00000002   Code   RO          233    i.DebugMon_Handler  stm32f1xx_it.o
    0x08001d28   0x08001d28   0x00000004   Code   RO           13    i.Error_Handler     main.o
    0x08001d2c   0x08001d2c   0x00000046   Code   RO         1258    i.HAL_DMA_Abort     stm32f1xx_hal_dma.o
    0x08001d72   0x08001d72   0x00000002   PAD
    0x08001d74   0x08001d74   0x00000098   Code   RO         1259    i.HAL_DMA_Abort_IT  stm32f1xx_hal_dma.o
    0x08001e0c   0x08001e0c   0x00000154   Code   RO         1263    i.HAL_DMA_IRQHandler  stm32f1xx_hal_dma.o
    0x08001f60   0x08001f60   0x0000005c   Code   RO         1264    i.HAL_DMA_Init      stm32f1xx_hal_dma.o
    0x08001fbc   0x08001fbc   0x00000070   Code   RO         1268    i.HAL_DMA_Start_IT  stm32f1xx_hal_dma.o
    0x0800202c   0x0800202c   0x00000024   Code   RO          884    i.HAL_Delay         stm32f1xx_hal.o
    0x08002050   0x08002050   0x000001e0   Code   RO         1194    i.HAL_GPIO_Init     stm32f1xx_hal_gpio.o
    0x08002230   0x08002230   0x0000000a   Code   RO         1196    i.HAL_GPIO_ReadPin  stm32f1xx_hal_gpio.o
    0x0800223a   0x0800223a   0x0000000a   Code   RO         1198    i.HAL_GPIO_WritePin  stm32f1xx_hal_gpio.o
    0x08002244   0x08002244   0x0000000c   Code   RO          888    i.HAL_GetTick       stm32f1xx_hal.o
    0x08002250   0x08002250   0x00000188   Code   RO          451    i.HAL_I2C_Init      stm32f1xx_hal_i2c.o
    0x080023d8   0x080023d8   0x0000025c   Code   RO          469    i.HAL_I2C_Mem_Read  stm32f1xx_hal_i2c.o
    0x08002634   0x08002634   0x00000130   Code   RO          472    i.HAL_I2C_Mem_Write  stm32f1xx_hal_i2c.o
    0x08002764   0x08002764   0x00000070   Code   RO          326    i.HAL_I2C_MspInit   stm32f1xx_hal_msp.o
    0x080027d4   0x080027d4   0x00000010   Code   RO          894    i.HAL_IncTick       stm32f1xx_hal.o
    0x080027e4   0x080027e4   0x00000024   Code   RO          895    i.HAL_Init          stm32f1xx_hal.o
    0x08002808   0x08002808   0x00000040   Code   RO          896    i.HAL_InitTick      stm32f1xx_hal.o
    0x08002848   0x08002848   0x0000003c   Code   RO          327    i.HAL_MspInit       stm32f1xx_hal_msp.o
    0x08002884   0x08002884   0x0000001a   Code   RO         1354    i.HAL_NVIC_EnableIRQ  stm32f1xx_hal_cortex.o
    0x0800289e   0x0800289e   0x00000002   PAD
    0x080028a0   0x080028a0   0x00000040   Code   RO         1360    i.HAL_NVIC_SetPriority  stm32f1xx_hal_cortex.o
    0x080028e0   0x080028e0   0x00000024   Code   RO         1361    i.HAL_NVIC_SetPriorityGrouping  stm32f1xx_hal_cortex.o
    0x08002904   0x08002904   0x0000012c   Code   RO         1052    i.HAL_RCC_ClockConfig  stm32f1xx_hal_rcc.o
    0x08002a30   0x08002a30   0x00000020   Code   RO         1059    i.HAL_RCC_GetPCLK1Freq  stm32f1xx_hal_rcc.o
    0x08002a50   0x08002a50   0x00000020   Code   RO         1060    i.HAL_RCC_GetPCLK2Freq  stm32f1xx_hal_rcc.o
    0x08002a70   0x08002a70   0x0000004c   Code   RO         1061    i.HAL_RCC_GetSysClockFreq  stm32f1xx_hal_rcc.o
    0x08002abc   0x08002abc   0x00000320   Code   RO         1064    i.HAL_RCC_OscConfig  stm32f1xx_hal_rcc.o
    0x08002ddc   0x08002ddc   0x00000028   Code   RO         1365    i.HAL_SYSTICK_Config  stm32f1xx_hal_cortex.o
    0x08002e04   0x08002e04   0x00000002   Code   RO         2560    i.HAL_TIMEx_BreakCallback  stm32f1xx_hal_tim_ex.o
    0x08002e06   0x08002e06   0x00000002   Code   RO         2561    i.HAL_TIMEx_CommutCallback  stm32f1xx_hal_tim_ex.o
    0x08002e08   0x08002e08   0x00000054   Code   RO         2563    i.HAL_TIMEx_ConfigBreakDeadTime  stm32f1xx_hal_tim_ex.o
    0x08002e5c   0x08002e5c   0x00000068   Code   RO         2579    i.HAL_TIMEx_MasterConfigSynchronization  stm32f1xx_hal_tim_ex.o
    0x08002ec4   0x08002ec4   0x0000005a   Code   RO         1856    i.HAL_TIM_Base_Init  stm32f1xx_hal_tim.o
    0x08002f1e   0x08002f1e   0x00000002   PAD
    0x08002f20   0x08002f20   0x0000003c   Code   RO          329    i.HAL_TIM_Base_MspInit  stm32f1xx_hal_msp.o
    0x08002f5c   0x08002f5c   0x00000058   Code   RO         1861    i.HAL_TIM_Base_Start_IT  stm32f1xx_hal_tim.o
    0x08002fb4   0x08002fb4   0x000000dc   Code   RO         1865    i.HAL_TIM_ConfigClockSource  stm32f1xx_hal_tim.o
    0x08003090   0x08003090   0x00000002   Code   RO         1890    i.HAL_TIM_IC_CaptureCallback  stm32f1xx_hal_tim.o
    0x08003092   0x08003092   0x00000130   Code   RO         1904    i.HAL_TIM_IRQHandler  stm32f1xx_hal_tim.o
    0x080031c2   0x080031c2   0x00000002   PAD
    0x080031c4   0x080031c4   0x000000b4   Code   RO          330    i.HAL_TIM_MspPostInit  stm32f1xx_hal_msp.o
    0x08003278   0x08003278   0x00000002   Code   RO         1907    i.HAL_TIM_OC_DelayElapsedCallback  stm32f1xx_hal_tim.o
    0x0800327a   0x0800327a   0x000000cc   Code   RO         1928    i.HAL_TIM_PWM_ConfigChannel  stm32f1xx_hal_tim.o
    0x08003346   0x08003346   0x0000005a   Code   RO         1931    i.HAL_TIM_PWM_Init  stm32f1xx_hal_tim.o
    0x080033a0   0x080033a0   0x00000058   Code   RO          332    i.HAL_TIM_PWM_MspInit  stm32f1xx_hal_msp.o
    0x080033f8   0x080033f8   0x00000002   Code   RO         1934    i.HAL_TIM_PWM_PulseFinishedCallback  stm32f1xx_hal_tim.o
    0x080033fa   0x080033fa   0x00000002   PAD
    0x080033fc   0x080033fc   0x0000009c   Code   RO         1936    i.HAL_TIM_PWM_Start  stm32f1xx_hal_tim.o
    0x08003498   0x08003498   0x00000070   Code   RO         1939    i.HAL_TIM_PWM_Stop  stm32f1xx_hal_tim.o
    0x08003508   0x08003508   0x000000dc   Code   RO           14    i.HAL_TIM_PeriodElapsedCallback  main.o
    0x080035e4   0x080035e4   0x00000002   Code   RO         1947    i.HAL_TIM_TriggerCallback  stm32f1xx_hal_tim.o
    0x080035e6   0x080035e6   0x00000002   Code   RO         2839    i.HAL_UARTEx_RxEventCallback  stm32f1xx_hal_uart.o
    0x080035e8   0x080035e8   0x00000002   Code   RO         2853    i.HAL_UART_ErrorCallback  stm32f1xx_hal_uart.o
    0x080035ea   0x080035ea   0x00000002   PAD
    0x080035ec   0x080035ec   0x0000026c   Code   RO         2856    i.HAL_UART_IRQHandler  stm32f1xx_hal_uart.o
    0x08003858   0x08003858   0x00000064   Code   RO         2857    i.HAL_UART_Init     stm32f1xx_hal_uart.o
    0x080038bc   0x080038bc   0x000000b0   Code   RO          334    i.HAL_UART_MspInit  stm32f1xx_hal_msp.o
    0x0800396c   0x0800396c   0x0000001c   Code   RO         2862    i.HAL_UART_Receive_IT  stm32f1xx_hal_uart.o
    0x08003988   0x08003988   0x00000030   Code   RO           15    i.HAL_UART_RxCpltCallback  main.o
    0x080039b8   0x080039b8   0x00000078   Code   RO         2866    i.HAL_UART_Transmit_DMA  stm32f1xx_hal_uart.o
    0x08003a30   0x08003a30   0x00000002   Code   RO         2868    i.HAL_UART_TxCpltCallback  stm32f1xx_hal_uart.o
    0x08003a32   0x08003a32   0x00000002   Code   RO         2869    i.HAL_UART_TxHalfCpltCallback  stm32f1xx_hal_uart.o
    0x08003a34   0x08003a34   0x00000002   Code   RO          234    i.HardFault_Handler  stm32f1xx_it.o
    0x08003a36   0x08003a36   0x0000002e   Code   RO          494    i.I2C_IsAcknowledgeFailed  stm32f1xx_hal_i2c.o
    0x08003a64   0x08003a64   0x000000fc   Code   RO          504    i.I2C_RequestMemoryRead  stm32f1xx_hal_i2c.o
    0x08003b60   0x08003b60   0x000000a8   Code   RO          505    i.I2C_RequestMemoryWrite  stm32f1xx_hal_i2c.o
    0x08003c08   0x08003c08   0x00000056   Code   RO          509    i.I2C_WaitOnBTFFlagUntilTimeout  stm32f1xx_hal_i2c.o
    0x08003c5e   0x08003c5e   0x00000002   PAD
    0x08003c60   0x08003c60   0x00000090   Code   RO          510    i.I2C_WaitOnFlagUntilTimeout  stm32f1xx_hal_i2c.o
    0x08003cf0   0x08003cf0   0x000000bc   Code   RO          511    i.I2C_WaitOnMasterAddressFlagUntilTimeout  stm32f1xx_hal_i2c.o
    0x08003dac   0x08003dac   0x00000070   Code   RO          512    i.I2C_WaitOnRXNEFlagUntilTimeout  stm32f1xx_hal_i2c.o
    0x08003e1c   0x08003e1c   0x00000056   Code   RO          513    i.I2C_WaitOnTXEFlagUntilTimeout  stm32f1xx_hal_i2c.o
    0x08003e72   0x08003e72   0x00000002   PAD
    0x08003e74   0x08003e74   0x000000a0   Code   RO         3550    i.MPU6050_Init      mpu6050.o
    0x08003f14   0x08003f14   0x00000114   Code   RO         3553    i.MPU6050_Read_All_Fast  mpu6050.o
    0x08004028   0x08004028   0x000000cc   Code   RO           16    i.MX_GPIO_Init      main.o
    0x080040f4   0x080040f4   0x000000a0   Code   RO           17    i.MX_TIM1_Init      main.o
    0x08004194   0x08004194   0x00000070   Code   RO           18    i.MX_TIM2_Init      main.o
    0x08004204   0x08004204   0x00000068   Code   RO           19    i.MX_TIM3_Init      main.o
    0x0800426c   0x0800426c   0x00000080   Code   RO           20    i.MX_TIM4_Init      main.o
    0x080042ec   0x080042ec   0x00000002   Code   RO          235    i.MemManage_Handler  stm32f1xx_it.o
    0x080042ee   0x080042ee   0x00000002   Code   RO          236    i.NMI_Handler       stm32f1xx_it.o
    0x080042f0   0x080042f0   0x00000002   Code   RO          237    i.PendSV_Handler    stm32f1xx_it.o
    0x080042f2   0x080042f2   0x00000002   Code   RO          238    i.SVC_Handler       stm32f1xx_it.o
    0x080042f4   0x080042f4   0x0000001c   Code   RO         3619    i.Servo_Init        servo.o
    0x08004310   0x08004310   0x00000012   Code   RO         3663    i.Stepper_Control   step_motor.o
    0x08004322   0x08004322   0x0000001e   Code   RO         3664    i.Stepper_Disable   step_motor.o
    0x08004340   0x08004340   0x0000001c   Code   RO         3665    i.Stepper_Enable    step_motor.o
    0x0800435c   0x0800435c   0x00000058   Code   RO         3666    i.Stepper_Init      step_motor.o
    0x080043b4   0x080043b4   0x0000000a   Code   RO         3667    i.Stepper_SetDirection  step_motor.o
    0x080043be   0x080043be   0x00000002   PAD
    0x080043c0   0x080043c0   0x0000007c   Code   RO         3668    i.Stepper_SetSpeedRPM  step_motor.o
    0x0800443c   0x0800443c   0x00000008   Code   RO         3669    i.Stepper_Setup     step_motor.o
    0x08004444   0x08004444   0x00000004   Code   RO          239    i.SysTick_Handler   stm32f1xx_it.o
    0x08004448   0x08004448   0x0000005e   Code   RO           21    i.SystemClock_Config  main.o
    0x080044a6   0x080044a6   0x00000002   Code   RO         3191    i.SystemInit        system_stm32f1xx.o
    0x080044a8   0x080044a8   0x0000000c   Code   RO          240    i.TIM3_IRQHandler   stm32f1xx_it.o
    0x080044b4   0x080044b4   0x00000078   Code   RO         1949    i.TIM_Base_SetConfig  stm32f1xx_hal_tim.o
    0x0800452c   0x0800452c   0x0000001a   Code   RO         1950    i.TIM_CCxChannelCmd  stm32f1xx_hal_tim.o
    0x08004546   0x08004546   0x00000014   Code   RO         1960    i.TIM_ETR_SetConfig  stm32f1xx_hal_tim.o
    0x0800455a   0x0800455a   0x00000010   Code   RO         1961    i.TIM_ITRx_SetConfig  stm32f1xx_hal_tim.o
    0x0800456a   0x0800456a   0x00000002   PAD
    0x0800456c   0x0800456c   0x00000050   Code   RO         1962    i.TIM_OC1_SetConfig  stm32f1xx_hal_tim.o
    0x080045bc   0x080045bc   0x00000058   Code   RO         1963    i.TIM_OC2_SetConfig  stm32f1xx_hal_tim.o
    0x08004614   0x08004614   0x00000058   Code   RO         1964    i.TIM_OC3_SetConfig  stm32f1xx_hal_tim.o
    0x0800466c   0x0800466c   0x00000044   Code   RO         1965    i.TIM_OC4_SetConfig  stm32f1xx_hal_tim.o
    0x080046b0   0x080046b0   0x00000022   Code   RO         1967    i.TIM_TI1_ConfigInputStage  stm32f1xx_hal_tim.o
    0x080046d2   0x080046d2   0x00000024   Code   RO         1969    i.TIM_TI2_ConfigInputStage  stm32f1xx_hal_tim.o
    0x080046f6   0x080046f6   0x00000010   Code   RO         2870    i.UART_DMAAbortOnError  stm32f1xx_hal_uart.o
    0x08004706   0x08004706   0x0000004a   Code   RO         2871    i.UART_DMAError     stm32f1xx_hal_uart.o
    0x08004750   0x08004750   0x00000042   Code   RO         2876    i.UART_DMATransmitCplt  stm32f1xx_hal_uart.o
    0x08004792   0x08004792   0x0000000a   Code   RO         2878    i.UART_DMATxHalfCplt  stm32f1xx_hal_uart.o
    0x0800479c   0x0800479c   0x0000004e   Code   RO         2880    i.UART_EndRxTransfer  stm32f1xx_hal_uart.o
    0x080047ea   0x080047ea   0x0000001c   Code   RO         2881    i.UART_EndTxTransfer  stm32f1xx_hal_uart.o
    0x08004806   0x08004806   0x000000c2   Code   RO         2882    i.UART_Receive_IT   stm32f1xx_hal_uart.o
    0x080048c8   0x080048c8   0x000000b8   Code   RO         2883    i.UART_SetConfig    stm32f1xx_hal_uart.o
    0x08004980   0x08004980   0x00000036   Code   RO         2885    i.UART_Start_Receive_IT  stm32f1xx_hal_uart.o
    0x080049b6   0x080049b6   0x00000002   PAD
    0x080049b8   0x080049b8   0x0000000c   Code   RO          241    i.USART2_IRQHandler  stm32f1xx_it.o
    0x080049c4   0x080049c4   0x00000002   Code   RO          242    i.UsageFault_Handler  stm32f1xx_it.o
    0x080049c6   0x080049c6   0x00000028   Code   RO         3999    i.__ARM_fpclassify  m_ws.l(fpclassify.o)
    0x080049ee   0x080049ee   0x00000020   Code   RO         1367    i.__NVIC_SetPriority  stm32f1xx_hal_cortex.o
    0x08004a0e   0x08004a0e   0x0000000e   Code   RO         3923    i._is_digit         c_w.l(__printf_wp.o)
    0x08004a1c   0x08004a1c   0x00000058   Code   RO         3348    i.configure_interrupt  vl53l0x.o
    0x08004a74   0x08004a74   0x000000ac   Code   RO         3349    i.data_init         vl53l0x.o
    0x08004b20   0x08004b20   0x000001ae   Code   RO         3350    i.get_spad_info_from_nvm  vl53l0x.o
    0x08004cce   0x08004cce   0x00000002   PAD
    0x08004cd0   0x08004cd0   0x00000044   Code   RO         3436    i.i2c_soft_delay    i2c.o
    0x08004d14   0x08004d14   0x0000001e   Code   RO         3437    i.i2c_soft_init     i2c.o
    0x08004d32   0x08004d32   0x00000076   Code   RO         3438    i.i2c_soft_read_addr8_bytes  i2c.o
    0x08004da8   0x08004da8   0x0000006c   Code   RO         3439    i.i2c_soft_read_addr8_data16  i2c.o
    0x08004e14   0x08004e14   0x0000008a   Code   RO         3440    i.i2c_soft_read_addr8_data32  i2c.o
    0x08004e9e   0x08004e9e   0x00000058   Code   RO         3441    i.i2c_soft_read_addr8_data8  i2c.o
    0x08004ef6   0x08004ef6   0x00000002   PAD
    0x08004ef8   0x08004ef8   0x00000064   Code   RO         3442    i.i2c_soft_read_byte  i2c.o
    0x08004f5c   0x08004f5c   0x0000000a   Code   RO         3443    i.i2c_soft_scl_high  i2c.o
    0x08004f66   0x08004f66   0x0000000a   Code   RO         3444    i.i2c_soft_scl_low  i2c.o
    0x08004f70   0x08004f70   0x0000000a   Code   RO         3445    i.i2c_soft_sda_high  i2c.o
    0x08004f7a   0x08004f7a   0x0000000a   Code   RO         3446    i.i2c_soft_sda_low  i2c.o
    0x08004f84   0x08004f84   0x00000012   Code   RO         3447    i.i2c_soft_sda_read  i2c.o
    0x08004f96   0x08004f96   0x00000026   Code   RO         3448    i.i2c_soft_start    i2c.o
    0x08004fbc   0x08004fbc   0x00000024   Code   RO         3449    i.i2c_soft_stop     i2c.o
    0x08004fe0   0x08004fe0   0x00000050   Code   RO         3450    i.i2c_soft_write_addr8_bytes  i2c.o
    0x08005030   0x08005030   0x00000042   Code   RO         3451    i.i2c_soft_write_addr8_data8  i2c.o
    0x08005072   0x08005072   0x00000062   Code   RO         3452    i.i2c_soft_write_byte  i2c.o
    0x080050d4   0x080050d4   0x0000004c   Code   RO         3351    i.init_address      vl53l0x.o
    0x08005120   0x08005120   0x00000054   Code   RO         3352    i.init_config       vl53l0x.o
    0x08005174   0x08005174   0x00000492   Code   RO         3353    i.load_default_tuning_settings  vl53l0x.o
    0x08005606   0x08005606   0x00000002   PAD
    0x08005608   0x08005608   0x000003ec   Code   RO           22    i.main              main.o
    0x080059f4   0x080059f4   0x0000007a   Code   RO         3354    i.perform_single_ref_calibration  vl53l0x.o
    0x08005a6e   0x08005a6e   0x00000002   PAD
    0x08005a70   0x08005a70   0x0000005c   Code   RO         3310    i.robot_control     robot.o
    0x08005acc   0x08005acc   0x00000012   Code   RO         3311    i.robot_init        robot.o
    0x08005ade   0x08005ade   0x0000000c   Code   RO         3355    i.set_sequence_steps_enabled  vl53l0x.o
    0x08005aea   0x08005aea   0x00000002   PAD
    0x08005aec   0x08005aec   0x00000106   Code   RO         3356    i.set_spads_from_nvm  vl53l0x.o
    0x08005bf2   0x08005bf2   0x00000002   PAD
    0x08005bf4   0x08005bf4   0x0000002c   Code   RO           23    i.transmit          main.o
    0x08005c20   0x08005c20   0x0000004c   Code   RO         3230    i.uart_receive_data  uart.o
    0x08005c6c   0x08005c6c   0x00000090   Code   RO         3357    i.vl53l0x_init      vl53l0x.o
    0x08005cfc   0x08005cfc   0x0000003c   Code   RO         3358    i.vl53l0x_read_all_sensor  vl53l0x.o
    0x08005d38   0x08005d38   0x00000114   Code   RO         3359    i.vl53l0x_read_range_single  vl53l0x.o
    0x08005e4c   0x08005e4c   0x0000002c   Code   RO         4088    locale$$code        c_w.l(lc_numeric_c.o)
    0x08005e78   0x08005e78   0x0000002c   Code   RO         4105    locale$$code        c_w.l(lc_ctype_c.o)
    0x08005ea4   0x08005ea4   0x000002b0   Code   RO         3787    x$fpl$ddiv          fz_ws.l(ddiv.o)
    0x08006154   0x08006154   0x0000002e   Code   RO         3793    x$fpl$dflt          fz_ws.l(dflt_clz.o)
    0x08006182   0x08006182   0x0000009c   Code   RO         3962    x$fpl$dnaninf       fz_ws.l(dnaninf.o)
    0x0800621e   0x0800621e   0x0000000c   Code   RO         3964    x$fpl$dretinf       fz_ws.l(dretinf.o)
    0x0800622a   0x0800622a   0x00000002   PAD
    0x0800622c   0x0800622c   0x00000056   Code   RO         3804    x$fpl$f2d           fz_ws.l(f2d.o)
    0x08006282   0x08006282   0x00000002   PAD
    0x08006284   0x08006284   0x000000c4   Code   RO         3806    x$fpl$fadd          fz_ws.l(faddsub_clz.o)
    0x08006348   0x08006348   0x0000000c   Code   RO         3968    x$fpl$fcheck1       fz_ws.l(fcheck1.o)
    0x08006354   0x08006354   0x00000018   Code   RO         3970    x$fpl$fcmpinf       fz_ws.l(fcmpi.o)
    0x0800636c   0x0800636c   0x00000184   Code   RO         3813    x$fpl$fdiv          fz_ws.l(fdiv.o)
    0x080064f0   0x080064f0   0x0000003e   Code   RO         3816    x$fpl$ffixu         fz_ws.l(ffixu.o)
    0x0800652e   0x0800652e   0x00000002   PAD
    0x08006530   0x08006530   0x00000030   Code   RO         3821    x$fpl$fflt          fz_ws.l(fflt_clz.o)
    0x08006560   0x08006560   0x00000026   Code   RO         3820    x$fpl$ffltu         fz_ws.l(fflt_clz.o)
    0x08006586   0x08006586   0x00000002   PAD
    0x08006588   0x08006588   0x00000068   Code   RO         3826    x$fpl$fleqf         fz_ws.l(fleqf.o)
    0x080065f0   0x080065f0   0x00000102   Code   RO         3828    x$fpl$fmul          fz_ws.l(fmul.o)
    0x080066f2   0x080066f2   0x0000008c   Code   RO         3972    x$fpl$fnaninf       fz_ws.l(fnaninf.o)
    0x0800677e   0x0800677e   0x0000000a   Code   RO         3974    x$fpl$fretinf       fz_ws.l(fretinf.o)
    0x08006788   0x08006788   0x000000ea   Code   RO         3808    x$fpl$fsub          fz_ws.l(faddsub_clz.o)
    0x08006872   0x08006872   0x00000004   Code   RO         3976    x$fpl$printf1       fz_ws.l(printf1.o)
    0x08006876   0x08006876   0x00000004   Code   RO         3978    x$fpl$printf2       fz_ws.l(printf2.o)
    0x0800687a   0x0800687a   0x00000064   Code   RO         4046    x$fpl$retnan        fz_ws.l(retnan.o)
    0x080068de   0x080068de   0x0000004c   Code   RO         3832    x$fpl$scalbnf       fz_ws.l(scalbnf.o)
    0x0800692a   0x0800692a   0x00000030   Code   RO         4100    x$fpl$trapveneer    fz_ws.l(trapv.o)
    0x0800695a   0x0800695a   0x00000000   Code   RO         3984    x$fpl$usenofp       fz_ws.l(usenofp.o)
    0x0800695a   0x0800695a   0x00000012   Data   RO         1065    .constdata          stm32f1xx_hal_rcc.o
    0x0800696c   0x0800696c   0x00000010   Data   RO         3192    .constdata          system_stm32f1xx.o
    0x0800697c   0x0800697c   0x00000008   Data   RO         3193    .constdata          system_stm32f1xx.o
    0x08006984   0x08006984   0x00000008   Data   RO         3882    .constdata          c_w.l(_printf_wctomb.o)
    0x0800698c   0x0800698c   0x00000028   Data   RO         3911    .constdata          c_w.l(_printf_hex_int_ll_ptr.o)
    0x080069b4   0x080069b4   0x00000011   Data   RO         3931    .constdata          c_w.l(__printf_flags_ss_wp.o)
    0x080069c5   0x080069c5   0x00000026   Data   RO         4031    .constdata          c_w.l(_printf_fp_hex.o)
    0x080069eb   0x080069eb   0x00000001   PAD
    0x080069ec   0x080069ec   0x00000094   Data   RO         4063    .constdata          c_w.l(bigflt0.o)
    0x08006a80   0x08006a80   0x00000020   Data   RO         4231    Region$$Table       anon$$obj.o
    0x08006aa0   0x08006aa0   0x0000001c   Data   RO         4087    locale$$data        c_w.l(lc_numeric_c.o)
    0x08006abc   0x08006abc   0x00000110   Data   RO         4104    locale$$data        c_w.l(lc_ctype_c.o)


    Execution Region RW_IRAM1 (Exec base: 0x20000000, Load base: 0x08006bcc, Size: 0x00000bd8, Max: 0x00005000, ABSOLUTE)

    Exec Addr    Load Addr    Size         Type   Attr      Idx    E Section Name        Object

    0x20000000   0x08006bcc   0x00000003   Data   RW           26    .data               main.o
    0x20000003   0x08006bcf   0x00000001   PAD
    0x20000004   0x08006bd0   0x0000000c   Data   RW          902    .data               stm32f1xx_hal.o
    0x20000010   0x08006bdc   0x00000004   Data   RW         3194    .data               system_stm32f1xx.o
    0x20000014   0x08006be0   0x0000000c   Data   RW         3232    .data               uart.o
    0x20000020   0x08006bec   0x00000002   Data   RW         3361    .data               vl53l0x.o
    0x20000022   0x08006bee   0x00000006   PAD
    0x20000028   0x08006bf4   0x000000e0   Data   RW         3558    .data               mpu6050.o
    0x20000108   0x08006cd4   0x00000008   Data   RW         3670    .data               step_motor.o
    0x20000110   0x08006cdc   0x00000001   Data   RW         3728    .data               as5600.o
    0x20000111   0x08006cdd   0x00000007   PAD
    0x20000118        -       0x000003dc   Zero   RW           24    .bss                main.o
    0x200004f4        -       0x00000044   Zero   RW           25    .bss                main.o
    0x20000538        -       0x00000020   Zero   RW         3231    .bss                uart.o
    0x20000558        -       0x00000020   Zero   RW         3360    .bss                vl53l0x.o
    0x20000578        -       0x00000060   Zero   RW         4049    .bss                c_w.l(libspace.o)
    0x200005d8        -       0x00000200   Zero   RW            2    HEAP                startup_stm32f103xb.o
    0x200007d8        -       0x00000400   Zero   RW            1    STACK               startup_stm32f103xb.o


==============================================================================

Image component sizes


      Code (inc. data)   RO Data    RW Data    ZI Data      Debug   Object Name

       252         44          0          1          0       3951   as5600.o
      1026         14          0          0          0      10804   i2c.o
      2122        508          0          3       1056     449295   main.o
       436         22          0        224          0       3423   mpu6050.o
       186         12          0          0          0       2778   robot.o
        28          0          0          0          0       1375   servo.o
        64         26        236          0       1536        812   startup_stm32f103xb.o
       306         18          0          8          0       5447   step_motor.o
       164         28          0         12          0       5921   stm32f1xx_hal.o
       198         14          0          0          0      28959   stm32f1xx_hal_cortex.o
       808         36          0          0          0       5006   stm32f1xx_hal_dma.o
       500         34          0          0          0       3527   stm32f1xx_hal_gpio.o
      2382         56          0          0          0      13038   stm32f1xx_hal_i2c.o
       676         92          0          0          0       4523   stm32f1xx_hal_msp.o
      1240         84         18          0          0       5136   stm32f1xx_hal_rcc.o
      1848         60          0          0          0      16419   stm32f1xx_hal_tim.o
       192         12          0          0          0       3209   stm32f1xx_hal_tim_ex.o
      1580         24          0          0          0      12534   stm32f1xx_hal_uart.o
        56         18          0          0          0       5223   stm32f1xx_it.o
         2          0         24          4          0       1127   system_stm32f1xx.o
        76         10          0         12         32       1452   uart.o
      2896         36          0          2         32      12536   vl53l0x.o

    ----------------------------------------------------------------------
     17074       1148        310        276       2660     596495   Object Totals
         0          0         32          0          0          0   (incl. Generated)
        36          0          0         10          4          0   (incl. Padding)

    ----------------------------------------------------------------------

      Code (inc. data)   RO Data    RW Data    ZI Data      Debug   Library Member Name

         8          0          0          0          0         68   __main.o
       392          4         17          0          0         92   __printf_flags_ss_wp.o
        14          0          0          0          0         68   __printf_wp.o
         0          0          0          0          0          0   __rtentry.o
        12          0          0          0          0          0   __rtentry2.o
         6          0          0          0          0          0   __rtentry4.o
        52          8          0          0          0          0   __scatter.o
        26          0          0          0          0          0   __scatter_copy.o
        28          0          0          0          0          0   __scatter_zi.o
         6          0          0          0          0          0   _printf_a.o
         6          0          0          0          0          0   _printf_c.o
        44          0          0          0          0        108   _printf_char.o
        48          6          0          0          0         96   _printf_char_common.o
        40          0          0          0          0         68   _printf_charcount.o
         6          0          0          0          0          0   _printf_d.o
       120         16          0          0          0         92   _printf_dec.o
         6          0          0          0          0          0   _printf_e.o
         6          0          0          0          0          0   _printf_f.o
      1054          0          0          0          0        216   _printf_fp_dec.o
       764          8         38          0          0        100   _printf_fp_hex.o
       128         16          0          0          0         84   _printf_fp_infnan.o
         6          0          0          0          0          0   _printf_g.o
       148          4         40          0          0        160   _printf_hex_int_ll_ptr.o
         6          0          0          0          0          0   _printf_i.o
       178          0          0          0          0         88   _printf_intcommon.o
        10          0          0          0          0          0   _printf_l.o
         6          0          0          0          0          0   _printf_lc.o
        10          0          0          0          0          0   _printf_ll.o
         6          0          0          0          0          0   _printf_lld.o
         6          0          0          0          0          0   _printf_lli.o
         6          0          0          0          0          0   _printf_llo.o
         6          0          0          0          0          0   _printf_llu.o
         6          0          0          0          0          0   _printf_llx.o
       124         16          0          0          0         92   _printf_longlong_dec.o
         6          0          0          0          0          0   _printf_ls.o
         6          0          0          0          0          0   _printf_n.o
         6          0          0          0          0          0   _printf_o.o
       112         10          0          0          0        124   _printf_oct_int_ll.o
         6          0          0          0          0          0   _printf_p.o
        78          0          0          0          0        108   _printf_pad.o
         0          0          0          0          0          0   _printf_percent.o
         4          0          0          0          0          0   _printf_percent_end.o
         6          0          0          0          0          0   _printf_s.o
        82          0          0          0          0         80   _printf_str.o
        36          0          0          0          0         84   _printf_truncate.o
         6          0          0          0          0          0   _printf_u.o
        44          0          0          0          0        108   _printf_wchar.o
       188          6          8          0          0         92   _printf_wctomb.o
         6          0          0          0          0          0   _printf_x.o
        16          0          0          0          0         68   _snputc.o
        10          0          0          0          0         68   _sputc.o
        64          0          0          0          0         92   _wcrtomb.o
       228          4        148          0          0         96   bigflt0.o
      1936        128          0          0          0        672   btod.o
        18          0          0          0          0         80   exit.o
         6          0          0          0          0        152   heapauxi.o
         0          0          0          0          0          0   indicate_semi.o
        44         10        272          0          0         76   lc_ctype_c.o
        44         10         28          0          0         76   lc_numeric_c.o
         2          0          0          0          0          0   libinit.o
        30          0          0          0          0          0   libinit2.o
         2          0          0          0          0          0   libshutdown.o
         2          0          0          0          0          0   libshutdown2.o
         8          4          0          0         96         68   libspace.o
       138          0          0          0          0         80   lludiv10.o
        16          4          0          0          0         76   rt_ctype_table.o
         8          4          0          0          0         68   rt_locale_intlibspace.o
        78          0          0          0          0         80   rt_memclr_w.o
         2          0          0          0          0          0   rtexit.o
        10          0          0          0          0          0   rtexit2.o
       128          0          0          0          0         68   strcmpv7m.o
        62          0          0          0          0         76   strlen.o
        12          4          0          0          0         68   sys_exit.o
        74          0          0          0          0         80   sys_stackheap_outer.o
         2          0          0          0          0         68   use_no_semi.o
        52          4          0          0          0         80   vsnprintf.o
       688        140          0          0          0        208   ddiv.o
        46          0          0          0          0         68   dflt_clz.o
       156          4          0          0          0         92   dnaninf.o
        12          0          0          0          0         68   dretinf.o
        86          4          0          0          0         84   f2d.o
       430          8          0          0          0        168   faddsub_clz.o
        12          4          0          0          0         68   fcheck1.o
        24          0          0          0          0         68   fcmpi.o
       388         76          0          0          0         96   fdiv.o
        62          4          0          0          0         84   ffixu.o
        86          0          0          0          0        136   fflt_clz.o
       104          4          0          0          0         84   fleqf.o
       258          4          0          0          0         84   fmul.o
       140          4          0          0          0         84   fnaninf.o
        10          0          0          0          0         68   fretinf.o
         4          0          0          0          0         68   printf1.o
         4          0          0          0          0         68   printf2.o
       100          0          0          0          0         68   retnan.o
        76          0          0          0          0         68   scalbnf.o
        48          0          0          0          0         68   trapv.o
         0          0          0          0          0          0   usenofp.o
        40          0          0          0          0         68   fpclassify.o

    ----------------------------------------------------------------------
      9660        518        552          0         96       5988   Library Totals
        24          0          1          0          0          0   (incl. Padding)

    ----------------------------------------------------------------------

      Code (inc. data)   RO Data    RW Data    ZI Data      Debug   Library Name

      6862        266        551          0         96       4120   c_w.l
      2734        252          0          0          0       1800   fz_ws.l
        40          0          0          0          0         68   m_ws.l

    ----------------------------------------------------------------------
      9660        518        552          0         96       5988   Library Totals

    ----------------------------------------------------------------------

==============================================================================


      Code (inc. data)   RO Data    RW Data    ZI Data      Debug   

     26734       1666        862        276       2756     591299   Grand Totals
     26734       1666        862        276       2756     591299   ELF Image Totals
     26734       1666        862        276          0          0   ROM Totals

==============================================================================

    Total RO  Size (Code + RO Data)                27596 (  26.95kB)
    Total RW  Size (RW Data + ZI Data)              3032 (   2.96kB)
    Total ROM Size (Code + RO Data + RW Data)      27872 (  27.22kB)

==============================================================================

