Component: ARM Compiler 5.06 update 6 (build 750) Tool: armlink [4d35ed]

==============================================================================

Section Cross References

    startup_stm32f103xb.o(STACK) refers (Special) to heapauxi.o(.text) for __use_two_region_memory
    startup_stm32f103xb.o(HEAP) refers (Special) to heapauxi.o(.text) for __use_two_region_memory
    startup_stm32f103xb.o(RESET) refers (Special) to heapauxi.o(.text) for __use_two_region_memory
    startup_stm32f103xb.o(RESET) refers to startup_stm32f103xb.o(STACK) for __initial_sp
    startup_stm32f103xb.o(RESET) refers to startup_stm32f103xb.o(.text) for Reset_Handler
    startup_stm32f103xb.o(RESET) refers to stm32f1xx_it.o(i.NMI_Handler) for NMI_Handler
    startup_stm32f103xb.o(RESET) refers to stm32f1xx_it.o(i.HardFault_Handler) for HardFault_Handler
    startup_stm32f103xb.o(RESET) refers to stm32f1xx_it.o(i.MemManage_Handler) for MemManage_Handler
    startup_stm32f103xb.o(RESET) refers to stm32f1xx_it.o(i.BusFault_Handler) for BusFault_Handler
    startup_stm32f103xb.o(RESET) refers to stm32f1xx_it.o(i.UsageFault_Handler) for UsageFault_Handler
    startup_stm32f103xb.o(RESET) refers to stm32f1xx_it.o(i.SVC_Handler) for SVC_Handler
    startup_stm32f103xb.o(RESET) refers to stm32f1xx_it.o(i.DebugMon_Handler) for DebugMon_Handler
    startup_stm32f103xb.o(RESET) refers to stm32f1xx_it.o(i.PendSV_Handler) for PendSV_Handler
    startup_stm32f103xb.o(RESET) refers to stm32f1xx_it.o(i.SysTick_Handler) for SysTick_Handler
    startup_stm32f103xb.o(RESET) refers to stm32f1xx_it.o(i.DMA1_Channel7_IRQHandler) for DMA1_Channel7_IRQHandler
    startup_stm32f103xb.o(RESET) refers to stm32f1xx_it.o(i.TIM3_IRQHandler) for TIM3_IRQHandler
    startup_stm32f103xb.o(RESET) refers to stm32f1xx_it.o(i.USART2_IRQHandler) for USART2_IRQHandler
    startup_stm32f103xb.o(.text) refers (Special) to heapauxi.o(.text) for __use_two_region_memory
    startup_stm32f103xb.o(.text) refers to system_stm32f1xx.o(i.SystemInit) for SystemInit
    startup_stm32f103xb.o(.text) refers to __main.o(!!!main) for __main
    startup_stm32f103xb.o(.text) refers to startup_stm32f103xb.o(HEAP) for Heap_Mem
    startup_stm32f103xb.o(.text) refers to startup_stm32f103xb.o(STACK) for Stack_Mem
    main.o(i.HAL_TIM_PeriodElapsedCallback) refers to mpu6050.o(i.MPU6050_Read_All_Fast) for MPU6050_Read_All_Fast
    main.o(i.HAL_TIM_PeriodElapsedCallback) refers to main.o(i.transmit) for transmit
    main.o(i.HAL_TIM_PeriodElapsedCallback) refers to robot.o(i.Calculate_Velocity) for Calculate_Velocity
    main.o(i.HAL_TIM_PeriodElapsedCallback) refers to f2d.o(x$fpl$f2d) for __aeabi_f2d
    main.o(i.HAL_TIM_PeriodElapsedCallback) refers to main.o(.bss) for .bss
    main.o(i.HAL_TIM_PeriodElapsedCallback) refers to main.o(.data) for .data
    main.o(i.HAL_UART_RxCpltCallback) refers to uart.o(i.uart_receive_data) for uart_receive_data
    main.o(i.HAL_UART_RxCpltCallback) refers to uart.o(i.uart_handle) for uart_handle
    main.o(i.HAL_UART_RxCpltCallback) refers to stm32f1xx_hal_uart.o(i.HAL_UART_Receive_IT) for HAL_UART_Receive_IT
    main.o(i.HAL_UART_RxCpltCallback) refers to main.o(.bss) for .bss
    main.o(i.HAL_UART_RxCpltCallback) refers to main.o(.data) for .data
    main.o(i.MX_GPIO_Init) refers to stm32f1xx_hal_gpio.o(i.HAL_GPIO_WritePin) for HAL_GPIO_WritePin
    main.o(i.MX_GPIO_Init) refers to stm32f1xx_hal_gpio.o(i.HAL_GPIO_Init) for HAL_GPIO_Init
    main.o(i.MX_TIM1_Init) refers to rt_memclr_w.o(.text) for __aeabi_memclr4
    main.o(i.MX_TIM1_Init) refers to stm32f1xx_hal_tim.o(i.HAL_TIM_PWM_Init) for HAL_TIM_PWM_Init
    main.o(i.MX_TIM1_Init) refers to stm32f1xx_hal_tim_ex.o(i.HAL_TIMEx_MasterConfigSynchronization) for HAL_TIMEx_MasterConfigSynchronization
    main.o(i.MX_TIM1_Init) refers to stm32f1xx_hal_tim.o(i.HAL_TIM_PWM_ConfigChannel) for HAL_TIM_PWM_ConfigChannel
    main.o(i.MX_TIM1_Init) refers to stm32f1xx_hal_tim_ex.o(i.HAL_TIMEx_ConfigBreakDeadTime) for HAL_TIMEx_ConfigBreakDeadTime
    main.o(i.MX_TIM1_Init) refers to stm32f1xx_hal_msp.o(i.HAL_TIM_MspPostInit) for HAL_TIM_MspPostInit
    main.o(i.MX_TIM1_Init) refers to main.o(.bss) for .bss
    main.o(i.MX_TIM2_Init) refers to rt_memclr_w.o(.text) for __aeabi_memclr4
    main.o(i.MX_TIM2_Init) refers to stm32f1xx_hal_tim.o(i.HAL_TIM_PWM_Init) for HAL_TIM_PWM_Init
    main.o(i.MX_TIM2_Init) refers to stm32f1xx_hal_tim_ex.o(i.HAL_TIMEx_MasterConfigSynchronization) for HAL_TIMEx_MasterConfigSynchronization
    main.o(i.MX_TIM2_Init) refers to stm32f1xx_hal_tim.o(i.HAL_TIM_PWM_ConfigChannel) for HAL_TIM_PWM_ConfigChannel
    main.o(i.MX_TIM2_Init) refers to stm32f1xx_hal_msp.o(i.HAL_TIM_MspPostInit) for HAL_TIM_MspPostInit
    main.o(i.MX_TIM2_Init) refers to main.o(.bss) for .bss
    main.o(i.MX_TIM3_Init) refers to stm32f1xx_hal_tim.o(i.HAL_TIM_Base_Init) for HAL_TIM_Base_Init
[...]
    _printf_o                                0x080001a1   Thumb Code     0  _printf_o.o(.ARM.Collect$$_printf_percent$$0000000B)
    _printf_x                                0x080001a7   Thumb Code     0  _printf_x.o(.ARM.Collect$$_printf_percent$$0000000C)
    _printf_lli                              0x080001ad   Thumb Code     0  _printf_lli.o(.ARM.Collect$$_printf_percent$$0000000D)
    _printf_lld                              0x080001b3   Thumb Code     0  _printf_lld.o(.ARM.Collect$$_printf_percent$$0000000E)
    _printf_llu                              0x080001b9   Thumb Code     0  _printf_llu.o(.ARM.Collect$$_printf_percent$$0000000F)
    _printf_llo                              0x080001bf   Thumb Code     0  _printf_llo.o(.ARM.Collect$$_printf_percent$$00000010)
    _printf_llx                              0x080001c5   Thumb Code     0  _printf_llx.o(.ARM.Collect$$_printf_percent$$00000011)
    _printf_l                                0x080001cb   Thumb Code     0  _printf_l.o(.ARM.Collect$$_printf_percent$$00000012)
    _printf_c                                0x080001d5   Thumb Code     0  _printf_c.o(.ARM.Collect$$_printf_percent$$00000013)
    _printf_s                                0x080001db   Thumb Code     0  _printf_s.o(.ARM.Collect$$_printf_percent$$00000014)
    _printf_lc                               0x080001e1   Thumb Code     0  _printf_lc.o(.ARM.Collect$$_printf_percent$$00000015)
    _printf_ls                               0x080001e7   Thumb Code     0  _printf_ls.o(.ARM.Collect$$_printf_percent$$00000016)
    _printf_percent_end                      0x080001ed   Thumb Code     0  _printf_percent_end.o(.ARM.Collect$$_printf_percent$$00000017)
    __rt_lib_init                            0x080001f1   Thumb Code     0  libinit.o(.ARM.Collect$$libinit$$00000000)
    __rt_lib_init_fp_1                       0x080001f3   Thumb Code     0  libinit2.o(.ARM.Collect$$libinit$$00000002)
    __rt_lib_init_heap_1                     0x080001f3   Thumb Code     0  libinit2.o(.ARM.Collect$$libinit$$0000000A)
    __rt_lib_init_lc_common                  0x080001f3   Thumb Code     0  libinit2.o(.ARM.Collect$$libinit$$0000000F)
    __rt_lib_init_preinit_1                  0x080001f3   Thumb Code     0  libinit2.o(.ARM.Collect$$libinit$$00000004)
    __rt_lib_init_rand_1                     0x080001f3   Thumb Code     0  libinit2.o(.ARM.Collect$$libinit$$0000000E)
    __rt_lib_init_user_alloc_1               0x080001f3   Thumb Code     0  libinit2.o(.ARM.Collect$$libinit$$0000000C)
    __rt_lib_init_lc_collate_1               0x080001f9   Thumb Code     0  libinit2.o(.ARM.Collect$$libinit$$00000011)
    __rt_lib_init_lc_ctype_2                 0x080001f9   Thumb Code     0  libinit2.o(.ARM.Collect$$libinit$$00000012)
    __rt_lib_init_lc_ctype_1                 0x08000205   Thumb Code     0  libinit2.o(.ARM.Collect$$libinit$$00000013)
    __rt_lib_init_lc_monetary_1              0x08000205   Thumb Code     0  libinit2.o(.ARM.Collect$$libinit$$00000015)
    __rt_lib_init_lc_numeric_2               0x08000205   Thumb Code     0  libinit2.o(.ARM.Collect$$libinit$$00000016)
    __rt_lib_init_alloca_1                   0x0800020f   Thumb Code     0  libinit2.o(.ARM.Collect$$libinit$$0000002E)
    __rt_lib_init_argv_1                     0x0800020f   Thumb Code     0  libinit2.o(.ARM.Collect$$libinit$$0000002C)
    __rt_lib_init_atexit_1                   0x0800020f   Thumb Code     0  libinit2.o(.ARM.Collect$$libinit$$0000001B)
    __rt_lib_init_clock_1                    0x0800020f   Thumb Code     0  libinit2.o(.ARM.Collect$$libinit$$00000021)
    __rt_lib_init_cpp_1                      0x0800020f   Thumb Code     0  libinit2.o(.ARM.Collect$$libinit$$00000032)
    __rt_lib_init_exceptions_1               0x0800020f   Thumb Code     0  libinit2.o(.ARM.Collect$$libinit$$00000030)
    __rt_lib_init_fp_trap_1                  0x0800020f   Thumb Code     0  libinit2.o(.ARM.Collect$$libinit$$0000001F)
    __rt_lib_init_getenv_1                   0x0800020f   Thumb Code     0  libinit2.o(.ARM.Collect$$libinit$$00000023)
    __rt_lib_init_lc_numeric_1               0x0800020f   Thumb Code     0  libinit2.o(.ARM.Collect$$libinit$$00000017)
    __rt_lib_init_lc_time_1                  0x0800020f   Thumb Code     0  libinit2.o(.ARM.Collect$$libinit$$00000019)
    __rt_lib_init_return                     0x0800020f   Thumb Code     0  libinit2.o(.ARM.Collect$$libinit$$00000033)
    __rt_lib_init_signal_1                   0x0800020f   Thumb Code     0  libinit2.o(.ARM.Collect$$libinit$$0000001D)
    __rt_lib_init_stdio_1                    0x0800020f   Thumb Code     0  libinit2.o(.ARM.Collect$$libinit$$00000025)
    __rt_lib_shutdown                        0x08000211   Thumb Code     0  libshutdown.o(.ARM.Collect$$libshutdown$$00000000)
    __rt_lib_shutdown_cpp_1                  0x08000213   Thumb Code     0  libshutdown2.o(.ARM.Collect$$libshutdown$$00000002)
    __rt_lib_shutdown_fp_trap_1              0x08000213   Thumb Code     0  libshutdown2.o(.ARM.Collect$$libshutdown$$00000007)
    __rt_lib_shutdown_heap_1                 0x08000213   Thumb Code     0  libshutdown2.o(.ARM.Collect$$libshutdown$$0000000F)
    __rt_lib_shutdown_return                 0x08000213   Thumb Code     0  libshutdown2.o(.ARM.Collect$$libshutdown$$00000010)
    __rt_lib_shutdown_signal_1               0x08000213   Thumb Code     0  libshutdown2.o(.ARM.Collect$$libshutdown$$0000000A)
    __rt_lib_shutdown_stdio_1                0x08000213   Thumb Code     0  libshutdown2.o(.ARM.Collect$$libshutdown$$00000004)
    __rt_lib_shutdown_user_alloc_1           0x08000213   Thumb Code     0  libshutdown2.o(.ARM.Collect$$libshutdown$$0000000C)
    __rt_entry                               0x08000215   Thumb Code     0  __rtentry.o(.ARM.Collect$$rtentry$$00000000)
    __rt_entry_presh_1                       0x08000215   Thumb Code     0  __rtentry2.o(.ARM.Collect$$rtentry$$00000002)
    __rt_entry_sh                            0x08000215   Thumb Code     0  __rtentry4.o(.ARM.Collect$$rtentry$$00000004)
    __rt_entry_li                            0x0800021b   Thumb Code     0  __rtentry2.o(.ARM.Collect$$rtentry$$0000000A)
    __rt_entry_postsh_1                      0x0800021b   Thumb Code     0  __rtentry2.o(.ARM.Collect$$rtentry$$00000009)
    __rt_entry_main                          0x0800021f   Thumb Code     0  __rtentry2.o(.ARM.Collect$$rtentry$$0000000D)
    __rt_entry_postli_1                      0x0800021f   Thumb Code     0  __rtentry2.o(.ARM.Collect$$rtentry$$0000000C)
    __rt_exit                                0x08000227   Thumb Code     0  rtexit.o(.ARM.Collect$$rtexit$$00000000)
    __rt_exit_ls                             0x08000229   Thumb Code     0  rtexit2.o(.ARM.Collect$$rtexit$$00000003)
    __rt_exit_prels_1                        0x08000229   Thumb Code     0  rtexit2.o(.ARM.Collect$$rtexit$$00000002)
    __rt_exit_exit                           0x0800022d   Thumb Code     0  rtexit2.o(.ARM.Collect$$rtexit$$00000004)
    Reset_Handler                            0x08000235   Thumb Code     8  startup_stm32f103xb.o(.text)
    ADC1_2_IRQHandler                        0x0800024f   Thumb Code     0  startup_stm32f103xb.o(.text)
    CAN1_RX1_IRQHandler                      0x0800024f   Thumb Code     0  startup_stm32f103xb.o(.text)
    CAN1_SCE_IRQHandler                      0x0800024f   Thumb Code     0  startup_stm32f103xb.o(.text)
    DMA1_Channel1_IRQHandler                 0x0800024f   Thumb Code     0  startup_stm32f103xb.o(.text)
    DMA1_Channel2_IRQHandler                 0x0800024f   Thumb Code     0  startup_stm32f103xb.o(.text)
    DMA1_Channel3_IRQHandler                 0x0800024f   Thumb Code     0  startup_stm32f103xb.o(.text)
    DMA1_Channel4_IRQHandler                 0x0800024f   Thumb Code     0  startup_stm32f103xb.o(.text)
    DMA1_Channel5_IRQHandler                 0x0800024f   Thumb Code     0  startup_stm32f103xb.o(.text)
    DMA1_Channel6_IRQHandler                 0x0800024f   Thumb Code     0  startup_stm32f103xb.o(.text)
    EXTI0_IRQHandler                         0x0800024f   Thumb Code     0  startup_stm32f103xb.o(.text)
    EXTI15_10_IRQHandler                     0x0800024f   Thumb Code     0  startup_stm32f103xb.o(.text)
    EXTI1_IRQHandler                         0x0800024f   Thumb Code     0  startup_stm32f103xb.o(.text)
    EXTI2_IRQHandler                         0x0800024f   Thumb Code     0  startup_stm32f103xb.o(.text)
    EXTI3_IRQHandler                         0x0800024f   Thumb Code     0  startup_stm32f103xb.o(.text)
    EXTI4_IRQHandler                         0x0800024f   Thumb Code     0  startup_stm32f103xb.o(.text)
    EXTI9_5_IRQHandler                       0x0800024f   Thumb Code     0  startup_stm32f103xb.o(.text)
    FLASH_IRQHandler                         0x0800024f   Thumb Code     0  startup_stm32f103xb.o(.text)
    I2C1_ER_IRQHandler                       0x0800024f   Thumb Code     0  startup_stm32f103xb.o(.text)
    I2C1_EV_IRQHandler                       0x0800024f   Thumb Code     0  startup_stm32f103xb.o(.text)
    I2C2_ER_IRQHandler                       0x0800024f   Thumb Code     0  startup_stm32f103xb.o(.text)
    I2C2_EV_IRQHandler                       0x0800024f   Thumb Code     0  startup_stm32f103xb.o(.text)
    PVD_IRQHandler                           0x0800024f   Thumb Code     0  startup_stm32f103xb.o(.text)
    RCC_IRQHandler                           0x0800024f   Thumb Code     0  startup_stm32f103xb.o(.text)
    RTC_Alarm_IRQHandler                     0x0800024f   Thumb Code     0  startup_stm32f103xb.o(.text)
    RTC_IRQHandler                           0x0800024f   Thumb Code     0  startup_stm32f103xb.o(.text)
    SPI1_IRQHandler                          0x0800024f   Thumb Code     0  startup_stm32f103xb.o(.text)
    SPI2_IRQHandler                          0x0800024f   Thumb Code     0  startup_stm32f103xb.o(.text)
    TAMPER_IRQHandler                        0x0800024f   Thumb Code     0  startup_stm32f103xb.o(.text)
    TIM1_BRK_IRQHandler                      0x0800024f   Thumb Code     0  startup_stm32f103xb.o(.text)
    TIM1_CC_IRQHandler                       0x0800024f   Thumb Code     0  startup_stm32f103xb.o(.text)
    TIM1_TRG_COM_IRQHandler                  0x0800024f   Thumb Code     0  startup_stm32f103xb.o(.text)
    TIM1_UP_IRQHandler                       0x0800024f   Thumb Code     0  startup_stm32f103xb.o(.text)
    TIM2_IRQHandler                          0x0800024f   Thumb Code     0  startup_stm32f103xb.o(.text)
    TIM4_IRQHandler                          0x0800024f   Thumb Code     0  startup_stm32f103xb.o(.text)
    USART1_IRQHandler                        0x0800024f   Thumb Code     0  startup_stm32f103xb.o(.text)
    USART3_IRQHandler                        0x0800024f   Thumb Code     0  startup_stm32f103xb.o(.text)
    USBWakeUp_IRQHandler                     0x0800024f   Thumb Code     0  startup_stm32f103xb.o(.text)
    USB_HP_CAN1_TX_IRQHandler                0x0800024f   Thumb Code     0  startup_stm32f103xb.o(.text)
    USB_LP_CAN1_RX0_IRQHandler               0x0800024f   Thumb Code     0  startup_stm32f103xb.o(.text)
    WWDG_IRQHandler                          0x0800024f   Thumb Code     0  startup_stm32f103xb.o(.text)
    __user_initial_stackheap                 0x08000251   Thumb Code     0  startup_stm32f103xb.o(.text)
    vsnprintf                                0x08000275   Thumb Code    48  vsnprintf.o(.text)
    strtok                                   0x080002a9   Thumb Code     6  strtok.o(.text)
    strlen                                   0x080002b5   Thumb Code    62  strlen.o(.text)
    __aeabi_memclr4                          0x080002f3   Thumb Code     0  rt_memclr_w.o(.text)
    __aeabi_memclr8                          0x080002f3   Thumb Code     0  rt_memclr_w.o(.text)
    __rt_memclr_w                            0x080002f3   Thumb Code    78  rt_memclr_w.o(.text)
    _memset_w                                0x080002f7   Thumb Code     0  rt_memclr_w.o(.text)
    __use_two_region_memory                  0x08000341   Thumb Code     2  heapauxi.o(.text)
    __rt_heap_escrow$2region                 0x08000343   Thumb Code     2  heapauxi.o(.text)
    __rt_heap_expand$2region                 0x08000345   Thumb Code     2  heapauxi.o(.text)
    _printf_pre_padding                      0x08000347   Thumb Code    44  _printf_pad.o(.text)
    _printf_post_padding                     0x08000373   Thumb Code    34  _printf_pad.o(.text)
    _printf_truncate_signed                  0x08000395   Thumb Code    18  _printf_truncate.o(.text)
    _printf_truncate_unsigned                0x080003a7   Thumb Code    18  _printf_truncate.o(.text)
    _printf_str                              0x080003b9   Thumb Code    82  _printf_str.o(.text)
    _printf_int_dec                          0x0800040d   Thumb Code   104  _printf_dec.o(.text)
    _printf_charcount                        0x08000485   Thumb Code    40  _printf_charcount.o(.text)
    _printf_char_common                      0x080004b7   Thumb Code    32  _printf_char_common.o(.text)
    _sputc                                   0x080004dd   Thumb Code    10  _sputc.o(.text)
    _snputc                                  0x080004e7   Thumb Code    16  _snputc.o(.text)
    _printf_wctomb                           0x080004f9   Thumb Code   182  _printf_wctomb.o(.text)
    _printf_longlong_dec                     0x080005b5   Thumb Code   108  _printf_longlong_dec.o(.text)
    _printf_longlong_oct                     0x08000631   Thumb Code    66  _printf_oct_int_ll.o(.text)
    _printf_int_oct                          0x08000673   Thumb Code    24  _printf_oct_int_ll.o(.text)
    _printf_ll_oct                           0x0800068b   Thumb Code    12  _printf_oct_int_ll.o(.text)
    _printf_longlong_hex                     0x080006a1   Thumb Code    86  _printf_hex_int_ll_ptr.o(.text)
    _printf_int_hex                          0x080006f7   Thumb Code    28  _printf_hex_int_ll_ptr.o(.text)
    _printf_ll_hex                           0x08000713   Thumb Code    12  _printf_hex_int_ll_ptr.o(.text)
    _printf_hex_ptr                          0x0800071f   Thumb Code    18  _printf_hex_int_ll_ptr.o(.text)
    __printf                                 0x08000735   Thumb Code   388  __printf_flags_ss_wp.o(.text)
    __strtok_internal                        0x080008bd   Thumb Code    64  strtok_int.o(.text)
    _ll_udiv10                               0x08000901   Thumb Code   138  lludiv10.o(.text)
    _printf_int_common                       0x0800098b   Thumb Code   178  _printf_intcommon.o(.text)
    __lib_sel_fp_printf                      0x08000a3d   Thumb Code     2  _printf_fp_dec.o(.text)
    _printf_fp_dec_real                      0x08000bef   Thumb Code   620  _printf_fp_dec.o(.text)
    _printf_fp_hex_real                      0x08000e5d   Thumb Code   756  _printf_fp_hex.o(.text)
    _printf_cs_common                        0x08001159   Thumb Code    20  _printf_char.o(.text)
    _printf_char                             0x0800116d   Thumb Code    16  _printf_char.o(.text)
    _printf_string                           0x0800117d   Thumb Code     8  _printf_char.o(.text)
    _printf_lcs_common                       0x08001185   Thumb Code    20  _printf_wchar.o(.text)
    _printf_wchar                            0x08001199   Thumb Code    16  _printf_wchar.o(.text)
    _printf_wstring                          0x080011a9   Thumb Code     8  _printf_wchar.o(.text)
    _wcrtomb                                 0x080011b1   Thumb Code    64  _wcrtomb.o(.text)
    strcspn                                  0x080011f1   Thumb Code    32  strcspn.o(.text)
    strspn                                   0x08001211   Thumb Code    28  strspn.o(.text)
    __user_libspace                          0x0800122d   Thumb Code     8  libspace.o(.text)
    __user_perproc_libspace                  0x0800122d   Thumb Code     0  libspace.o(.text)
    __user_perthread_libspace                0x0800122d   Thumb Code     0  libspace.o(.text)
    __user_setup_stackheap                   0x08001235   Thumb Code    74  sys_stackheap_outer.o(.text)
    __rt_ctype_table                         0x08001281   Thumb Code    16  rt_ctype_table.o(.text)
    __rt_locale                              0x08001291   Thumb Code     8  rt_locale_intlibspace.o(.text)
    _printf_fp_infnan                        0x08001299   Thumb Code   112  _printf_fp_infnan.o(.text)
    _btod_etento                             0x08001319   Thumb Code   224  bigflt0.o(.text)
    exit                                     0x080013fd   Thumb Code    18  exit.o(.text)
    strcmp                                   0x08001411   Thumb Code   128  strcmpv7m.o(.text)
    _sys_exit                                0x08001491   Thumb Code     8  sys_exit.o(.text)
    __I$use$semihosting                      0x0800149d   Thumb Code     0  use_no_semi.o(.text)
    __use_no_semihosting_swi                 0x0800149d   Thumb Code     2  use_no_semi.o(.text)
    __semihosting_library_function           0x0800149f   Thumb Code     0  indicate_semi.o(.text)
    _btod_d2e                                0x0800149f   Thumb Code    62  btod.o(CL$$btod_d2e)
    _d2e_denorm_low                          0x080014dd   Thumb Code    70  btod.o(CL$$btod_d2e_denorm_low)
    _d2e_norm_op1                            0x08001523   Thumb Code    96  btod.o(CL$$btod_d2e_norm_op1)
    __btod_div_common                        0x08001583   Thumb Code   696  btod.o(CL$$btod_div_common)
    _e2e                                     0x080018bb   Thumb Code   220  btod.o(CL$$btod_e2e)
    _btod_ediv                               0x08001997   Thumb Code    42  btod.o(CL$$btod_ediv)
    _btod_emul                               0x080019c1   Thumb Code    42  btod.o(CL$$btod_emul)
    __btod_mult_common                       0x080019eb   Thumb Code   580  btod.o(CL$$btod_mult_common)
    AS5600_CalVelocity                       0x08001c31   Thumb Code    80  as5600.o(i.AS5600_CalVelocity)
    AS5600_Init                              0x08001c9d   Thumb Code    62  as5600.o(i.AS5600_Init)
    BusFault_Handler                         0x08001d2d   Thumb Code     2  stm32f1xx_it.o(i.BusFault_Handler)
    Calculate_Velocity                       0x08001d31   Thumb Code    70  robot.o(i.Calculate_Velocity)
    Control_Servo                            0x08001d7d   Thumb Code   154  robot.o(i.Control_Servo)
    DMA1_Channel7_IRQHandler                 0x08001e19   Thumb Code     6  stm32f1xx_it.o(i.DMA1_Channel7_IRQHandler)
    DebugMon_Handler                         0x08001e4f   Thumb Code     2  stm32f1xx_it.o(i.DebugMon_Handler)
    Error_Handler                            0x08001e51   Thumb Code     4  main.o(i.Error_Handler)
    HAL_DMA_Abort                            0x08001e55   Thumb Code    70  stm32f1xx_hal_dma.o(i.HAL_DMA_Abort)
    HAL_DMA_Abort_IT                         0x08001e9d   Thumb Code   148  stm32f1xx_hal_dma.o(i.HAL_DMA_Abort_IT)
    HAL_DMA_IRQHandler                       0x08001f35   Thumb Code   316  stm32f1xx_hal_dma.o(i.HAL_DMA_IRQHandler)
    HAL_DMA_Init                             0x08002089   Thumb Code    84  stm32f1xx_hal_dma.o(i.HAL_DMA_Init)
    HAL_DMA_Start_IT                         0x080020e5   Thumb Code   112  stm32f1xx_hal_dma.o(i.HAL_DMA_Start_IT)
    HAL_Delay                                0x08002155   Thumb Code    32  stm32f1xx_hal.o(i.HAL_Delay)
    HAL_GPIO_Init                            0x08002179   Thumb Code   446  stm32f1xx_hal_gpio.o(i.HAL_GPIO_Init)
    HAL_GPIO_ReadPin                         0x08002359   Thumb Code    10  stm32f1xx_hal_gpio.o(i.HAL_GPIO_ReadPin)
    HAL_GPIO_WritePin                        0x08002363   Thumb Code    10  stm32f1xx_hal_gpio.o(i.HAL_GPIO_WritePin)
    HAL_GetTick                              0x0800236d   Thumb Code     6  stm32f1xx_hal.o(i.HAL_GetTick)
    HAL_I2C_Init                             0x08002379   Thumb Code   376  stm32f1xx_hal_i2c.o(i.HAL_I2C_Init)
    HAL_I2C_Mem_Read                         0x08002501   Thumb Code   586  stm32f1xx_hal_i2c.o(i.HAL_I2C_Mem_Read)
    HAL_I2C_Mem_Write                        0x0800275d   Thumb Code   294  stm32f1xx_hal_i2c.o(i.HAL_I2C_Mem_Write)
    HAL_I2C_MspInit                          0x0800288d   Thumb Code    96  stm32f1xx_hal_msp.o(i.HAL_I2C_MspInit)
    HAL_IncTick                              0x080028fd   Thumb Code    12  stm32f1xx_hal.o(i.HAL_IncTick)
    HAL_Init                                 0x0800290d   Thumb Code    32  stm32f1xx_hal.o(i.HAL_Init)
    HAL_InitTick                             0x08002931   Thumb Code    54  stm32f1xx_hal.o(i.HAL_InitTick)
    HAL_MspInit                              0x08002971   Thumb Code    52  stm32f1xx_hal_msp.o(i.HAL_MspInit)
    HAL_NVIC_EnableIRQ                       0x080029ad   Thumb Code    26  stm32f1xx_hal_cortex.o(i.HAL_NVIC_EnableIRQ)
    HAL_NVIC_SetPriority                     0x080029c9   Thumb Code    60  stm32f1xx_hal_cortex.o(i.HAL_NVIC_SetPriority)
    HAL_NVIC_SetPriorityGrouping             0x08002a09   Thumb Code    26  stm32f1xx_hal_cortex.o(i.HAL_NVIC_SetPriorityGrouping)
    HAL_RCC_ClockConfig                      0x08002a2d   Thumb Code   280  stm32f1xx_hal_rcc.o(i.HAL_RCC_ClockConfig)
    HAL_RCC_GetPCLK1Freq                     0x08002b59   Thumb Code    20  stm32f1xx_hal_rcc.o(i.HAL_RCC_GetPCLK1Freq)
    HAL_RCC_GetPCLK2Freq                     0x08002b79   Thumb Code    20  stm32f1xx_hal_rcc.o(i.HAL_RCC_GetPCLK2Freq)
    HAL_RCC_GetSysClockFreq                  0x08002b99   Thumb Code    58  stm32f1xx_hal_rcc.o(i.HAL_RCC_GetSysClockFreq)
    HAL_RCC_OscConfig                        0x08002be5   Thumb Code   778  stm32f1xx_hal_rcc.o(i.HAL_RCC_OscConfig)
    HAL_SYSTICK_Config                       0x08002f05   Thumb Code    40  stm32f1xx_hal_cortex.o(i.HAL_SYSTICK_Config)
    HAL_TIMEx_BreakCallback                  0x08002f2d   Thumb Code     2  stm32f1xx_hal_tim_ex.o(i.HAL_TIMEx_BreakCallback)
    HAL_TIMEx_CommutCallback                 0x08002f2f   Thumb Code     2  stm32f1xx_hal_tim_ex.o(i.HAL_TIMEx_CommutCallback)
    HAL_TIMEx_ConfigBreakDeadTime            0x08002f31   Thumb Code    84  stm32f1xx_hal_tim_ex.o(i.HAL_TIMEx_ConfigBreakDeadTime)
    HAL_TIMEx_MasterConfigSynchronization    0x08002f85   Thumb Code    92  stm32f1xx_hal_tim_ex.o(i.HAL_TIMEx_MasterConfigSynchronization)
    HAL_TIM_Base_Init                        0x08002fed   Thumb Code    90  stm32f1xx_hal_tim.o(i.HAL_TIM_Base_Init)
    HAL_TIM_Base_MspInit                     0x08003049   Thumb Code    50  stm32f1xx_hal_msp.o(i.HAL_TIM_Base_MspInit)
    HAL_TIM_Base_Start_IT                    0x08003085   Thumb Code    76  stm32f1xx_hal_tim.o(i.HAL_TIM_Base_Start_IT)
    HAL_TIM_ConfigClockSource                0x080030dd   Thumb Code   220  stm32f1xx_hal_tim.o(i.HAL_TIM_ConfigClockSource)
    HAL_TIM_IC_CaptureCallback               0x080031b9   Thumb Code     2  stm32f1xx_hal_tim.o(i.HAL_TIM_IC_CaptureCallback)
    HAL_TIM_IRQHandler                       0x080031bb   Thumb Code   304  stm32f1xx_hal_tim.o(i.HAL_TIM_IRQHandler)
    HAL_TIM_MspPostInit                      0x080032ed   Thumb Code   156  stm32f1xx_hal_msp.o(i.HAL_TIM_MspPostInit)
    HAL_TIM_OC_DelayElapsedCallback          0x080033a1   Thumb Code     2  stm32f1xx_hal_tim.o(i.HAL_TIM_OC_DelayElapsedCallback)
    HAL_TIM_PWM_ConfigChannel                0x080033a3   Thumb Code   204  stm32f1xx_hal_tim.o(i.HAL_TIM_PWM_ConfigChannel)
    HAL_TIM_PWM_Init                         0x0800346f   Thumb Code    90  stm32f1xx_hal_tim.o(i.HAL_TIM_PWM_Init)
    HAL_TIM_PWM_MspInit                      0x080034c9   Thumb Code    74  stm32f1xx_hal_msp.o(i.HAL_TIM_PWM_MspInit)
    HAL_TIM_PWM_PulseFinishedCallback        0x08003521   Thumb Code     2  stm32f1xx_hal_tim.o(i.HAL_TIM_PWM_PulseFinishedCallback)
    HAL_TIM_PWM_Start                        0x08003525   Thumb Code   144  stm32f1xx_hal_tim.o(i.HAL_TIM_PWM_Start)
    HAL_TIM_PWM_Stop                         0x080035c1   Thumb Code   108  stm32f1xx_hal_tim.o(i.HAL_TIM_PWM_Stop)
    HAL_TIM_PeriodElapsedCallback            0x08003631   Thumb Code   196  main.o(i.HAL_TIM_PeriodElapsedCallback)
    HAL_TIM_TriggerCallback                  0x08003761   Thumb Code     2  stm32f1xx_hal_tim.o(i.HAL_TIM_TriggerCallback)
    HAL_UARTEx_RxEventCallback               0x08003763   Thumb Code     2  stm32f1xx_hal_uart.o(i.HAL_UARTEx_RxEventCallback)
    HAL_UART_ErrorCallback                   0x08003765   Thumb Code     2  stm32f1xx_hal_uart.o(i.HAL_UART_ErrorCallback)
    HAL_UART_IRQHandler                      0x08003769   Thumb Code   616  stm32f1xx_hal_uart.o(i.HAL_UART_IRQHandler)
    HAL_UART_Init                            0x080039d5   Thumb Code   100  stm32f1xx_hal_uart.o(i.HAL_UART_Init)
    HAL_UART_MspInit                         0x08003a39   Thumb Code   156  stm32f1xx_hal_msp.o(i.HAL_UART_MspInit)
    HAL_UART_Receive_IT                      0x08003ae9   Thumb Code    28  stm32f1xx_hal_uart.o(i.HAL_UART_Receive_IT)
    HAL_UART_RxCpltCallback                  0x08003b05   Thumb Code    48  main.o(i.HAL_UART_RxCpltCallback)
    HAL_UART_Transmit_DMA                    0x08003b3d   Thumb Code   106  stm32f1xx_hal_uart.o(i.HAL_UART_Transmit_DMA)
    HAL_UART_TxCpltCallback                  0x08003bb5   Thumb Code     2  stm32f1xx_hal_uart.o(i.HAL_UART_TxCpltCallback)
    HAL_UART_TxHalfCpltCallback              0x08003bb7   Thumb Code     2  stm32f1xx_hal_uart.o(i.HAL_UART_TxHalfCpltCallback)
    HardFault_Handler                        0x08003bb9   Thumb Code    26  stm32f1xx_it.o(i.HardFault_Handler)
    LowPassFilter                            0x0800401b   Thumb Code    58  mpu6050.o(i.LowPassFilter)
    MPU6050_Init                             0x08004055   Thumb Code   154  mpu6050.o(i.MPU6050_Init)
    MPU6050_Read_All_Fast                    0x080040f5   Thumb Code   306  mpu6050.o(i.MPU6050_Read_All_Fast)
    MemManage_Handler                        0x08004539   Thumb Code     2  stm32f1xx_it.o(i.MemManage_Handler)
    NMI_Handler                              0x0800453b   Thumb Code     2  stm32f1xx_it.o(i.NMI_Handler)
    PendSV_Handler                           0x0800453d   Thumb Code     2  stm32f1xx_it.o(i.PendSV_Handler)
    SVC_Handler                              0x0800453f   Thumb Code     2  stm32f1xx_it.o(i.SVC_Handler)
    Servo_Control                            0x08004541   Thumb Code    72  servo.o(i.Servo_Control)
    Servo_Init                               0x08004589   Thumb Code    40  servo.o(i.Servo_Init)
    Servo_Set                                0x080045b9   Thumb Code     6  servo.o(i.Servo_Set)
    Stepper_Control                          0x080045bf   Thumb Code    18  step_motor.o(i.Stepper_Control)
    Stepper_Disable                          0x080045d1   Thumb Code    30  step_motor.o(i.Stepper_Disable)
    Stepper_Enable                           0x080045ef   Thumb Code    28  step_motor.o(i.Stepper_Enable)
    Stepper_Init                             0x0800460d   Thumb Code    84  step_motor.o(i.Stepper_Init)
    Stepper_SetDirection                     0x08004665   Thumb Code    10  step_motor.o(i.Stepper_SetDirection)
    Stepper_SetSpeedRPM                      0x08004671   Thumb Code   138  step_motor.o(i.Stepper_SetSpeedRPM)
    Stepper_Setup                            0x08004709   Thumb Code     6  step_motor.o(i.Stepper_Setup)
    SysTick_Handler                          0x0800470f   Thumb Code     4  stm32f1xx_it.o(i.SysTick_Handler)
    SystemClock_Config                       0x08004713   Thumb Code    94  main.o(i.SystemClock_Config)
    SystemInit                               0x08004771   Thumb Code     2  system_stm32f1xx.o(i.SystemInit)
    TIM3_IRQHandler                          0x08004775   Thumb Code     6  stm32f1xx_it.o(i.TIM3_IRQHandler)
    TIM_Base_SetConfig                       0x08004781   Thumb Code   108  stm32f1xx_hal_tim.o(i.TIM_Base_SetConfig)
    TIM_CCxChannelCmd                        0x080047f9   Thumb Code    26  stm32f1xx_hal_tim.o(i.TIM_CCxChannelCmd)
    TIM_ETR_SetConfig                        0x08004813   Thumb Code    20  stm32f1xx_hal_tim.o(i.TIM_ETR_SetConfig)
    TIM_OC2_SetConfig                        0x08004889   Thumb Code    84  stm32f1xx_hal_tim.o(i.TIM_OC2_SetConfig)
    UART_Start_Receive_IT                    0x08004c4d   Thumb Code    54  stm32f1xx_hal_uart.o(i.UART_Start_Receive_IT)
    USART2_IRQHandler                        0x08004c85   Thumb Code     6  stm32f1xx_it.o(i.USART2_IRQHandler)
    UsageFault_Handler                       0x08004c91   Thumb Code     2  stm32f1xx_it.o(i.UsageFault_Handler)
    __ARM_fpclassify                         0x08004c93   Thumb Code    40  fpclassify.o(i.__ARM_fpclassify)
    _is_digit                                0x08004cdb   Thumb Code    14  __printf_wp.o(i._is_digit)
    i2c_soft_delay                           0x08005009   Thumb Code    16  i2c.o(i.i2c_soft_delay)
    i2c_soft_init                            0x08005019   Thumb Code    30  i2c.o(i.i2c_soft_init)
    i2c_soft_read_addr8_bytes                0x08005037   Thumb Code   118  i2c.o(i.i2c_soft_read_addr8_bytes)
    i2c_soft_read_addr8_data16               0x080050ad   Thumb Code   108  i2c.o(i.i2c_soft_read_addr8_data16)
    i2c_soft_read_addr8_data32               0x08005119   Thumb Code   138  i2c.o(i.i2c_soft_read_addr8_data32)
    i2c_soft_read_addr8_data8                0x080051a3   Thumb Code    88  i2c.o(i.i2c_soft_read_addr8_data8)
    i2c_soft_write_addr8_bytes               0x080052e5   Thumb Code    80  i2c.o(i.i2c_soft_write_addr8_bytes)
    i2c_soft_write_addr8_data8               0x08005335   Thumb Code    66  i2c.o(i.i2c_soft_write_addr8_data8)
    main                                     0x0800590d   Thumb Code   716  main.o(i.main)
    map                                      0x08005d79   Thumb Code    20  servo.o(i.map)
    map_float                                0x08005d8d   Thumb Code    60  uart.o(i.map_float)
    response_uart                            0x08005e43   Thumb Code   120  response.o(i.response_uart)
    robot_control                            0x08005ebb   Thumb Code    50  robot.o(i.robot_control)
    robot_init                               0x08005eed   Thumb Code    52  robot.o(i.robot_init)
    transmit                                 0x08006035   Thumb Code    40  main.o(i.transmit)
    uart_handle                              0x08006061   Thumb Code   266  uart.o(i.uart_handle)
    uart_receive_data                        0x08006185   Thumb Code    66  uart.o(i.uart_receive_data)
    vl53l0x_init                             0x080061d1   Thumb Code   132  vl53l0x.o(i.vl53l0x_init)
    vl53l0x_read_all_sensor                  0x08006261   Thumb Code    52  vl53l0x.o(i.vl53l0x_read_all_sensor)
    vl53l0x_read_range_single                0x0800629d   Thumb Code   266  vl53l0x.o(i.vl53l0x_read_range_single)
    _get_lc_numeric                          0x080063b1   Thumb Code    44  lc_numeric_c.o(locale$$code)
    _get_lc_ctype                            0x080063dd   Thumb Code    44  lc_ctype_c.o(locale$$code)
    __aeabi_d2f                              0x08006409   Thumb Code     0  d2f.o(x$fpl$d2f)
    _d2f                                     0x08006409   Thumb Code    98  d2f.o(x$fpl$d2f)
    __aeabi_dadd                             0x0800646d   Thumb Code     0  daddsub_clz.o(x$fpl$dadd)
    _dadd                                    0x0800646d   Thumb Code   332  daddsub_clz.o(x$fpl$dadd)
    __fpl_dcheck_NaN1                        0x080065bd   Thumb Code    10  dcheck1.o(x$fpl$dcheck1)
    __aeabi_ddiv                             0x080065cd   Thumb Code     0  ddiv.o(x$fpl$ddiv)
    _ddiv                                    0x080065cd   Thumb Code   552  ddiv.o(x$fpl$ddiv)
    __aeabi_i2d                              0x0800687d   Thumb Code     0  dflt_clz.o(x$fpl$dflt)
    _dflt                                    0x0800687d   Thumb Code    46  dflt_clz.o(x$fpl$dflt)
    __fpl_dnaninf                            0x080068ab   Thumb Code   156  dnaninf.o(x$fpl$dnaninf)
    __fpl_dretinf                            0x08006947   Thumb Code    12  dretinf.o(x$fpl$dretinf)
    __aeabi_dsub                             0x08006955   Thumb Code     0  daddsub_clz.o(x$fpl$dsub)
    _dsub                                    0x08006955   Thumb Code   464  daddsub_clz.o(x$fpl$dsub)
    __aeabi_f2d                              0x08006b29   Thumb Code     0  f2d.o(x$fpl$f2d)
    _f2d                                     0x08006b29   Thumb Code    86  f2d.o(x$fpl$f2d)
    __aeabi_fadd                             0x08006b81   Thumb Code     0  faddsub_clz.o(x$fpl$fadd)
    _fadd                                    0x08006b81   Thumb Code   196  faddsub_clz.o(x$fpl$fadd)
    __fpl_fcheck_NaN1                        0x08006c45   Thumb Code     6  fcheck1.o(x$fpl$fcheck1)
    __fpl_fcmp_Inf                           0x08006c51   Thumb Code    24  fcmpi.o(x$fpl$fcmpinf)
    __aeabi_fdiv                             0x08006c69   Thumb Code     0  fdiv.o(x$fpl$fdiv)
    _fdiv                                    0x08006c69   Thumb Code   384  fdiv.o(x$fpl$fdiv)
    __aeabi_cfcmpeq                          0x08006ded   Thumb Code     0  feqf.o(x$fpl$feqf)
    _fcmpeq                                  0x08006ded   Thumb Code   104  feqf.o(x$fpl$feqf)
    __aeabi_f2uiz                            0x08006e55   Thumb Code     0  ffixu.o(x$fpl$ffixu)
    _ffixu                                   0x08006e55   Thumb Code    62  ffixu.o(x$fpl$ffixu)
    __aeabi_i2f                              0x08006e95   Thumb Code     0  fflt_clz.o(x$fpl$fflt)
    _fflt                                    0x08006e95   Thumb Code    48  fflt_clz.o(x$fpl$fflt)
    __aeabi_ui2f                             0x08006ec5   Thumb Code     0  fflt_clz.o(x$fpl$ffltu)
    _ffltu                                   0x08006ec5   Thumb Code    38  fflt_clz.o(x$fpl$ffltu)
    __aeabi_fmul                             0x08006eed   Thumb Code     0  fmul.o(x$fpl$fmul)
    _fmul                                    0x08006eed   Thumb Code   258  fmul.o(x$fpl$fmul)
    __fpl_fnaninf                            0x08006fef   Thumb Code   140  fnaninf.o(x$fpl$fnaninf)
    __fpl_fretinf                            0x0800707b   Thumb Code    10  fretinf.o(x$fpl$fretinf)
    __aeabi_fsub                             0x08007085   Thumb Code     0  faddsub_clz.o(x$fpl$fsub)
    _fsub                                    0x08007085   Thumb Code   234  faddsub_clz.o(x$fpl$fsub)
    _printf_fp_dec                           0x0800716f   Thumb Code     4  printf1.o(x$fpl$printf1)
    _printf_fp_hex                           0x08007173   Thumb Code     4  printf2.o(x$fpl$printf2)
    __fpl_return_NaN                         0x08007177   Thumb Code   100  retnan.o(x$fpl$retnan)
    __ARM_scalbn                             0x080071db   Thumb Code    92  scalbn.o(x$fpl$scalbn)
    __ARM_scalbnf                            0x08007237   Thumb Code    76  scalbnf.o(x$fpl$scalbnf)
    __fpl_cmpreturn                          0x08007283   Thumb Code    48  trapv.o(x$fpl$trapveneer)
    __I$use$fp                               0x080072b2   Number         0  usenofp.o(x$fpl$usenofp)
    AHBPrescTable                            0x080072c4   Data          16  system_stm32f1xx.o(.constdata)
    APBPrescTable                            0x080072d4   Data           8  system_stm32f1xx.o(.constdata)
    Region$$Table$$Base                      0x080073d8   Number         0  anon$$obj.o(Region$$Table)
    Region$$Table$$Limit                     0x080073f8   Number         0  anon$$obj.o(Region$$Table)
    __ctype                                  0x08007421   Data           0  lc_ctype_c.o(locale$$data)
    data_rx                                  0x20000001   Data           1  main.o(.data)
    flag_error                               0x20000002   Data           1  main.o(.data)
    uwTickFreq                               0x20000004   Data           1  stm32f1xx_hal.o(.data)
    uwTickPrio                               0x20000008   Data           4  stm32f1xx_hal.o(.data)
    uwTick                                   0x2000000c   Data           4  stm32f1xx_hal.o(.data)
    SystemCoreClock                          0x20000010   Data           4  system_stm32f1xx.o(.data)
    flag_cpltReceive                         0x20000014   Data           1  uart.o(.data)
    buffer_index                             0x20000015   Data           1  uart.o(.data)
    flag_data_error                          0x20000016   Data           1  uart.o(.data)
    setpoint_left                            0x20000018   Data           4  uart.o(.data)
    setpoint_right                           0x2000001c   Data           4  uart.o(.data)
    check_id                                 0x20000028   Data           1  mpu6050.o(.data)
    gz_filter                                0x2000002c   Data           4  mpu6050.o(.data)
    timer                                    0x20000030   Data           4  mpu6050.o(.data)
    KalmanRoll                               0x20000038   Data          72  mpu6050.o(.data)
    KalmanPitch                              0x20000080   Data          72  mpu6050.o(.data)
    KalmanYaw                                0x200000c8   Data          72  mpu6050.o(.data)
    servo_index                              0x20000110   Data           1  servo.o(.data)
    check                                    0x2000011c   Data           1  as5600.o(.data)
    hi2c1                                    0x20000128   Data          84  main.o(.bss)
    htim1                                    0x2000017c   Data          72  main.o(.bss)
    htim2                                    0x200001c4   Data          72  main.o(.bss)
    htim3                                    0x2000020c   Data          72  main.o(.bss)
    htim4                                    0x20000254   Data          72  main.o(.bss)
    huart2                                   0x2000029c   Data          72  main.o(.bss)
    robot                                    0x200002e4   Data          28  main.o(.bss)
    motor_left                               0x20000300   Data          36  main.o(.bss)
    motor_right                              0x20000324   Data          36  main.o(.bss)
    encoder_left                             0x20000348   Data          12  main.o(.bss)
    encoder_right                            0x20000354   Data          12  main.o(.bss)
    soft_i2c_distance                        0x20000360   Data          16  main.o(.bss)
    soft_i2c_encoder_left                    0x20000370   Data          16  main.o(.bss)
    soft_i2c_encoder_right                   0x20000380   Data          16  main.o(.bss)
    sensor_left                              0x20000390   Data          28  main.o(.bss)
    sensor_half_left                         0x200003ac   Data          28  main.o(.bss)
    sensor_half_right                        0x200003c8   Data          28  main.o(.bss)
    sensor_right                             0x200003e4   Data          28  main.o(.bss)
    servo1                                   0x20000400   Data          12  main.o(.bss)
    servo2                                   0x2000040c   Data          12  main.o(.bss)
    mpu                                      0x20000418   Data         128  main.o(.bss)
    buffer                                   0x20000498   Data         100  main.o(.bss)
    hdma_usart2_tx                           0x200004fc   Data          68  main.o(.bss)
    uart_buff                                0x20000540   Data          50  uart.o(.bss)
    argv                                     0x20000574   Data          20  uart.o(.bss)
    list_distance_sensor                     0x20000588   Data          32  vl53l0x.o(.bss)
    servo_list                               0x200005a8   Data          12  servo.o(.bss)
    __libspace_start                         0x200005b4   Data          96  libspace.o(.bss)
    __temporary_stack_top$libspace           0x20000614   Data           0  libspace.o(.bss)



==============================================================================

Memory Map of the image

  Image Entry point : 0x080000ed

  Load Region LR_IROM1 (Base: 0x08000000, Size: 0x00007648, Max: 0x00010000, ABSOLUTE)

    Execution Region ER_IROM1 (Exec base: 0x08000000, Load base: 0x08000000, Size: 0x00007524, Max: 0x00010000, ABSOLUTE)

    Exec Addr    Load Addr    Size         Type   Attr      Idx    E Section Name        Object

    0x08000000   0x08000000   0x000000ec   Data   RO            3    RESET               startup_stm32f103xb.o
    0x080000ec   0x080000ec   0x00000008   Code   RO         3809  * !!!main             c_w.l(__main.o)
    0x080000f4   0x080000f4   0x00000034   Code   RO         4266    !!!scatter          c_w.l(__scatter.o)
    0x08000128   0x08000128   0x0000001a   Code   RO         4268    !!handler_copy      c_w.l(__scatter_copy.o)
    0x08000142   0x08000142   0x00000002   PAD
    0x08000144   0x08000144   0x0000001c   Code   RO         4270    !!handler_zi        c_w.l(__scatter_zi.o)
    0x08000160   0x08000160   0x00000000   Code   RO         3979    .ARM.Collect$$_printf_percent$$00000000  c_w.l(_printf_percent.o)
    0x08000160   0x08000160   0x00000006   Code   RO         3968    .ARM.Collect$$_printf_percent$$00000001  c_w.l(_printf_n.o)
    0x08000166   0x08000166   0x00000006   Code   RO         3970    .ARM.Collect$$_printf_percent$$00000002  c_w.l(_printf_p.o)
    0x0800016c   0x0800016c   0x00000006   Code   RO         3975    .ARM.Collect$$_printf_percent$$00000003  c_w.l(_printf_f.o)
    0x08000172   0x08000172   0x00000006   Code   RO         3976    .ARM.Collect$$_printf_percent$$00000004  c_w.l(_printf_e.o)
    0x08000178   0x08000178   0x00000006   Code   RO         3977    .ARM.Collect$$_printf_percent$$00000005  c_w.l(_printf_g.o)
    0x0800017e   0x0800017e   0x00000006   Code   RO         3978    .ARM.Collect$$_printf_percent$$00000006  c_w.l(_printf_a.o)
    0x08000184   0x08000184   0x0000000a   Code   RO         3983    .ARM.Collect$$_printf_percent$$00000007  c_w.l(_printf_ll.o)
    0x0800018e   0x0800018e   0x00000006   Code   RO         3972    .ARM.Collect$$_printf_percent$$00000008  c_w.l(_printf_i.o)
    0x08000194   0x08000194   0x00000006   Code   RO         3973    .ARM.Collect$$_printf_percent$$00000009  c_w.l(_printf_d.o)
    0x0800019a   0x0800019a   0x00000006   Code   RO         3974    .ARM.Collect$$_printf_percent$$0000000A  c_w.l(_printf_u.o)
    0x080001a0   0x080001a0   0x00000006   Code   RO         3971    .ARM.Collect$$_printf_percent$$0000000B  c_w.l(_printf_o.o)
    0x080001a6   0x080001a6   0x00000006   Code   RO         3969    .ARM.Collect$$_printf_percent$$0000000C  c_w.l(_printf_x.o)
    0x080001ac   0x080001ac   0x00000006   Code   RO         3980    .ARM.Collect$$_printf_percent$$0000000D  c_w.l(_printf_lli.o)
    0x080001b2   0x080001b2   0x00000006   Code   RO         3981    .ARM.Collect$$_printf_percent$$0000000E  c_w.l(_printf_lld.o)
    0x080001b8   0x080001b8   0x00000006   Code   RO         3982    .ARM.Collect$$_printf_percent$$0000000F  c_w.l(_printf_llu.o)
    0x080001be   0x080001be   0x00000006   Code   RO         3987    .ARM.Collect$$_printf_percent$$00000010  c_w.l(_printf_llo.o)
    0x080001c4   0x080001c4   0x00000006   Code   RO         3988    .ARM.Collect$$_printf_percent$$00000011  c_w.l(_printf_llx.o)
    0x080001ca   0x080001ca   0x0000000a   Code   RO         3984    .ARM.Collect$$_printf_percent$$00000012  c_w.l(_printf_l.o)
    0x080001d4   0x080001d4   0x00000006   Code   RO         3966    .ARM.Collect$$_printf_percent$$00000013  c_w.l(_printf_c.o)
    0x080001da   0x080001da   0x00000006   Code   RO         3967    .ARM.Collect$$_printf_percent$$00000014  c_w.l(_printf_s.o)
    0x080001e0   0x080001e0   0x00000006   Code   RO         3985    .ARM.Collect$$_printf_percent$$00000015  c_w.l(_printf_lc.o)
    0x080001e6   0x080001e6   0x00000006   Code   RO         3986    .ARM.Collect$$_printf_percent$$00000016  c_w.l(_printf_ls.o)
    0x080001ec   0x080001ec   0x00000004   Code   RO         4072    .ARM.Collect$$_printf_percent$$00000017  c_w.l(_printf_percent_end.o)
    0x080001f0   0x080001f0   0x00000002   Code   RO         4130    .ARM.Collect$$libinit$$00000000  c_w.l(libinit.o)
    0x080001f2   0x080001f2   0x00000000   Code   RO         4143    .ARM.Collect$$libinit$$00000002  c_w.l(libinit2.o)
    0x080001f2   0x080001f2   0x00000000   Code   RO         4145    .ARM.Collect$$libinit$$00000004  c_w.l(libinit2.o)
    0x080001f2   0x080001f2   0x00000000   Code   RO         4148    .ARM.Collect$$libinit$$0000000A  c_w.l(libinit2.o)
    0x080001f2   0x080001f2   0x00000000   Code   RO         4150    .ARM.Collect$$libinit$$0000000C  c_w.l(libinit2.o)
    0x080001f2   0x080001f2   0x00000000   Code   RO         4152    .ARM.Collect$$libinit$$0000000E  c_w.l(libinit2.o)
    0x080001f2   0x080001f2   0x00000006   Code   RO         4153    .ARM.Collect$$libinit$$0000000F  c_w.l(libinit2.o)
    0x080001f8   0x080001f8   0x00000000   Code   RO         4155    .ARM.Collect$$libinit$$00000011  c_w.l(libinit2.o)
    0x080001f8   0x080001f8   0x0000000c   Code   RO         4156    .ARM.Collect$$libinit$$00000012  c_w.l(libinit2.o)
    0x08000204   0x08000204   0x00000000   Code   RO         4157    .ARM.Collect$$libinit$$00000013  c_w.l(libinit2.o)
    0x08000204   0x08000204   0x00000000   Code   RO         4159    .ARM.Collect$$libinit$$00000015  c_w.l(libinit2.o)
    0x08000204   0x08000204   0x0000000a   Code   RO         4160    .ARM.Collect$$libinit$$00000016  c_w.l(libinit2.o)
    0x0800020e   0x0800020e   0x00000000   Code   RO         4161    .ARM.Collect$$libinit$$00000017  c_w.l(libinit2.o)
    0x0800020e   0x0800020e   0x00000000   Code   RO         4163    .ARM.Collect$$libinit$$00000019  c_w.l(libinit2.o)
    0x0800020e   0x0800020e   0x00000000   Code   RO         4165    .ARM.Collect$$libinit$$0000001B  c_w.l(libinit2.o)
    0x0800020e   0x0800020e   0x00000000   Code   RO         4167    .ARM.Collect$$libinit$$0000001D  c_w.l(libinit2.o)
    0x0800020e   0x0800020e   0x00000000   Code   RO         4169    .ARM.Collect$$libinit$$0000001F  c_w.l(libinit2.o)
    0x0800020e   0x0800020e   0x00000000   Code   RO         4171    .ARM.Collect$$libinit$$00000021  c_w.l(libinit2.o)
    0x0800020e   0x0800020e   0x00000000   Code   RO         4173    .ARM.Collect$$libinit$$00000023  c_w.l(libinit2.o)
    0x0800020e   0x0800020e   0x00000000   Code   RO         4175    .ARM.Collect$$libinit$$00000025  c_w.l(libinit2.o)
    0x0800020e   0x0800020e   0x00000000   Code   RO         4179    .ARM.Collect$$libinit$$0000002C  c_w.l(libinit2.o)
    0x0800020e   0x0800020e   0x00000000   Code   RO         4181    .ARM.Collect$$libinit$$0000002E  c_w.l(libinit2.o)
    0x0800020e   0x0800020e   0x00000000   Code   RO         4183    .ARM.Collect$$libinit$$00000030  c_w.l(libinit2.o)
    0x0800020e   0x0800020e   0x00000000   Code   RO         4185    .ARM.Collect$$libinit$$00000032  c_w.l(libinit2.o)
    0x0800020e   0x0800020e   0x00000002   Code   RO         4186    .ARM.Collect$$libinit$$00000033  c_w.l(libinit2.o)
    0x08000210   0x08000210   0x00000002   Code   RO         4206    .ARM.Collect$$libshutdown$$00000000  c_w.l(libshutdown.o)
    0x08000212   0x08000212   0x00000000   Code   RO         4219    .ARM.Collect$$libshutdown$$00000002  c_w.l(libshutdown2.o)
    0x08000212   0x08000212   0x00000000   Code   RO         4221    .ARM.Collect$$libshutdown$$00000004  c_w.l(libshutdown2.o)
    0x08000212   0x08000212   0x00000000   Code   RO         4224    .ARM.Collect$$libshutdown$$00000007  c_w.l(libshutdown2.o)
    0x08000212   0x08000212   0x00000000   Code   RO         4227    .ARM.Collect$$libshutdown$$0000000A  c_w.l(libshutdown2.o)
    0x08000212   0x08000212   0x00000000   Code   RO         4229    .ARM.Collect$$libshutdown$$0000000C  c_w.l(libshutdown2.o)
    0x08000212   0x08000212   0x00000000   Code   RO         4232    .ARM.Collect$$libshutdown$$0000000F  c_w.l(libshutdown2.o)
    0x08000212   0x08000212   0x00000002   Code   RO         4233    .ARM.Collect$$libshutdown$$00000010  c_w.l(libshutdown2.o)
    0x08000214   0x08000214   0x00000000   Code   RO         3893    .ARM.Collect$$rtentry$$00000000  c_w.l(__rtentry.o)
    0x08000214   0x08000214   0x00000000   Code   RO         4038    .ARM.Collect$$rtentry$$00000002  c_w.l(__rtentry2.o)
    0x08000214   0x08000214   0x00000006   Code   RO         4050    .ARM.Collect$$rtentry$$00000004  c_w.l(__rtentry4.o)
    0x0800021a   0x0800021a   0x00000000   Code   RO         4040    .ARM.Collect$$rtentry$$00000009  c_w.l(__rtentry2.o)
    0x0800021a   0x0800021a   0x00000004   Code   RO         4041    .ARM.Collect$$rtentry$$0000000A  c_w.l(__rtentry2.o)
    0x0800021e   0x0800021e   0x00000000   Code   RO         4043    .ARM.Collect$$rtentry$$0000000C  c_w.l(__rtentry2.o)
    0x0800021e   0x0800021e   0x00000008   Code   RO         4044    .ARM.Collect$$rtentry$$0000000D  c_w.l(__rtentry2.o)
    0x08000226   0x08000226   0x00000002   Code   RO         4135    .ARM.Collect$$rtexit$$00000000  c_w.l(rtexit.o)
    0x08000228   0x08000228   0x00000000   Code   RO         4188    .ARM.Collect$$rtexit$$00000002  c_w.l(rtexit2.o)
    0x08000228   0x08000228   0x00000004   Code   RO         4189    .ARM.Collect$$rtexit$$00000003  c_w.l(rtexit2.o)
    0x0800022c   0x0800022c   0x00000006   Code   RO         4190    .ARM.Collect$$rtexit$$00000004  c_w.l(rtexit2.o)
    0x08000232   0x08000232   0x00000002   PAD
    0x08000234   0x08000234   0x00000040   Code   RO            4    .text               startup_stm32f103xb.o
    0x08000274   0x08000274   0x00000034   Code   RO         3798    .text               c_w.l(vsnprintf.o)
    0x080002a8   0x080002a8   0x0000000c   Code   RO         3800    .text               c_w.l(strtok.o)
    0x080002b4   0x080002b4   0x0000003e   Code   RO         3803    .text               c_w.l(strlen.o)
    0x080002f2   0x080002f2   0x0000004e   Code   RO         3805    .text               c_w.l(rt_memclr_w.o)
    0x08000340   0x08000340   0x00000006   Code   RO         3807    .text               c_w.l(heapauxi.o)
    0x08000346   0x08000346   0x0000004e   Code   RO         3898    .text               c_w.l(_printf_pad.o)
    0x08000394   0x08000394   0x00000024   Code   RO         3900    .text               c_w.l(_printf_truncate.o)
    0x080003b8   0x080003b8   0x00000052   Code   RO         3902    .text               c_w.l(_printf_str.o)
    0x0800040a   0x0800040a   0x00000002   PAD
    0x0800040c   0x0800040c   0x00000078   Code   RO         3904    .text               c_w.l(_printf_dec.o)
    0x08000484   0x08000484   0x00000028   Code   RO         3906    .text               c_w.l(_printf_charcount.o)
    0x080004ac   0x080004ac   0x00000030   Code   RO         3908    .text               c_w.l(_printf_char_common.o)
    0x080004dc   0x080004dc   0x0000000a   Code   RO         3910    .text               c_w.l(_sputc.o)
    0x080004e6   0x080004e6   0x00000010   Code   RO         3912    .text               c_w.l(_snputc.o)
    0x080004f6   0x080004f6   0x00000002   PAD
    0x080004f8   0x080004f8   0x000000bc   Code   RO         3914    .text               c_w.l(_printf_wctomb.o)
    0x080005b4   0x080005b4   0x0000007c   Code   RO         3917    .text               c_w.l(_printf_longlong_dec.o)
    0x08000630   0x08000630   0x00000070   Code   RO         3923    .text               c_w.l(_printf_oct_int_ll.o)
    0x080006a0   0x080006a0   0x00000094   Code   RO         3943    .text               c_w.l(_printf_hex_int_ll_ptr.o)
    0x08000734   0x08000734   0x00000188   Code   RO         3963    .text               c_w.l(__printf_flags_ss_wp.o)
    0x080008bc   0x080008bc   0x00000044   Code   RO         3989    .text               c_w.l(strtok_int.o)
    0x08000900   0x08000900   0x0000008a   Code   RO         4057    .text               c_w.l(lludiv10.o)
    0x0800098a   0x0800098a   0x000000b2   Code   RO         4059    .text               c_w.l(_printf_intcommon.o)
    0x08000a3c   0x08000a3c   0x0000041e   Code   RO         4061    .text               c_w.l(_printf_fp_dec.o)
    0x08000e5a   0x08000e5a   0x00000002   PAD
    0x08000e5c   0x08000e5c   0x000002fc   Code   RO         4063    .text               c_w.l(_printf_fp_hex.o)
    0x08001158   0x08001158   0x0000002c   Code   RO         4068    .text               c_w.l(_printf_char.o)
    0x08001184   0x08001184   0x0000002c   Code   RO         4070    .text               c_w.l(_printf_wchar.o)
    0x080011b0   0x080011b0   0x00000040   Code   RO         4073    .text               c_w.l(_wcrtomb.o)
    0x080011f0   0x080011f0   0x00000020   Code   RO         4075    .text               c_w.l(strcspn.o)
    0x08001210   0x08001210   0x0000001c   Code   RO         4077    .text               c_w.l(strspn.o)
    0x0800122c   0x0800122c   0x00000008   Code   RO         4081    .text               c_w.l(libspace.o)
    0x08001234   0x08001234   0x0000004a   Code   RO         4084    .text               c_w.l(sys_stackheap_outer.o)
    0x0800127e   0x0800127e   0x00000002   PAD
    0x08001280   0x08001280   0x00000010   Code   RO         4086    .text               c_w.l(rt_ctype_table.o)
    0x08001290   0x08001290   0x00000008   Code   RO         4091    .text               c_w.l(rt_locale_intlibspace.o)
    0x08001298   0x08001298   0x00000080   Code   RO         4093    .text               c_w.l(_printf_fp_infnan.o)
    0x08001318   0x08001318   0x000000e4   Code   RO         4095    .text               c_w.l(bigflt0.o)
    0x080013fc   0x080013fc   0x00000012   Code   RO         4123    .text               c_w.l(exit.o)
    0x0800140e   0x0800140e   0x00000002   PAD
    0x08001410   0x08001410   0x00000080   Code   RO         4140    .text               c_w.l(strcmpv7m.o)
    0x08001490   0x08001490   0x0000000c   Code   RO         4198    .text               c_w.l(sys_exit.o)
    0x0800149c   0x0800149c   0x00000002   Code   RO         4209    .text               c_w.l(use_no_semi.o)
    0x0800149e   0x0800149e   0x00000000   Code   RO         4211    .text               c_w.l(indicate_semi.o)
    0x0800149e   0x0800149e   0x0000003e   Code   RO         4098    CL$$btod_d2e        c_w.l(btod.o)
    0x080014dc   0x080014dc   0x00000046   Code   RO         4100    CL$$btod_d2e_denorm_low  c_w.l(btod.o)
    0x08001522   0x08001522   0x00000060   Code   RO         4099    CL$$btod_d2e_norm_op1  c_w.l(btod.o)
    0x08001582   0x08001582   0x00000338   Code   RO         4108    CL$$btod_div_common  c_w.l(btod.o)
    0x080018ba   0x080018ba   0x000000dc   Code   RO         4105    CL$$btod_e2e        c_w.l(btod.o)
    0x08001996   0x08001996   0x0000002a   Code   RO         4102    CL$$btod_ediv       c_w.l(btod.o)
    0x080019c0   0x080019c0   0x0000002a   Code   RO         4101    CL$$btod_emul       c_w.l(btod.o)
    0x080019ea   0x080019ea   0x00000244   Code   RO         4107    CL$$btod_mult_common  c_w.l(btod.o)
    0x08001c2e   0x08001c2e   0x00000002   PAD
    0x08001c30   0x08001c30   0x0000006c   Code   RO         3756    i.AS5600_CalVelocity  as5600.o
    0x08001c9c   0x08001c9c   0x00000048   Code   RO         3757    i.AS5600_Init       as5600.o
    0x08001ce4   0x08001ce4   0x00000048   Code   RO         3758    i.AS5600_ReadRawAngle  as5600.o
    0x08001d2c   0x08001d2c   0x00000002   Code   RO          232    i.BusFault_Handler  stm32f1xx_it.o
    0x08001d2e   0x08001d2e   0x00000002   PAD
    0x08001d30   0x08001d30   0x0000004c   Code   RO         3319    i.Calculate_Velocity  robot.o
    0x08001d7c   0x08001d7c   0x0000009a   Code   RO         3320    i.Control_Servo     robot.o
    0x08001e16   0x08001e16   0x00000002   PAD
    0x08001e18   0x08001e18   0x0000000c   Code   RO          233    i.DMA1_Channel7_IRQHandler  stm32f1xx_it.o
    0x08001e24   0x08001e24   0x0000002a   Code   RO         1262    i.DMA_SetConfig     stm32f1xx_hal_dma.o
    0x08001e4e   0x08001e4e   0x00000002   Code   RO          234    i.DebugMon_Handler  stm32f1xx_it.o
    0x08001e50   0x08001e50   0x00000004   Code   RO           13    i.Error_Handler     main.o
    0x08001e54   0x08001e54   0x00000046   Code   RO         1263    i.HAL_DMA_Abort     stm32f1xx_hal_dma.o
    0x08001e9a   0x08001e9a   0x00000002   PAD
    0x08001e9c   0x08001e9c   0x00000098   Code   RO         1264    i.HAL_DMA_Abort_IT  stm32f1xx_hal_dma.o
    0x08001f34   0x08001f34   0x00000154   Code   RO         1268    i.HAL_DMA_IRQHandler  stm32f1xx_hal_dma.o
    0x08002088   0x08002088   0x0000005c   Code   RO         1269    i.HAL_DMA_Init      stm32f1xx_hal_dma.o
    0x080020e4   0x080020e4   0x00000070   Code   RO         1273    i.HAL_DMA_Start_IT  stm32f1xx_hal_dma.o
    0x08002154   0x08002154   0x00000024   Code   RO          889    i.HAL_Delay         stm32f1xx_hal.o
    0x08002178   0x08002178   0x000001e0   Code   RO         1199    i.HAL_GPIO_Init     stm32f1xx_hal_gpio.o
    0x08002358   0x08002358   0x0000000a   Code   RO         1201    i.HAL_GPIO_ReadPin  stm32f1xx_hal_gpio.o
    0x08002362   0x08002362   0x0000000a   Code   RO         1203    i.HAL_GPIO_WritePin  stm32f1xx_hal_gpio.o
    0x0800236c   0x0800236c   0x0000000c   Code   RO          893    i.HAL_GetTick       stm32f1xx_hal.o
    0x08002378   0x08002378   0x00000188   Code   RO          456    i.HAL_I2C_Init      stm32f1xx_hal_i2c.o
    0x08002500   0x08002500   0x0000025c   Code   RO          474    i.HAL_I2C_Mem_Read  stm32f1xx_hal_i2c.o
    0x0800275c   0x0800275c   0x00000130   Code   RO          477    i.HAL_I2C_Mem_Write  stm32f1xx_hal_i2c.o
    0x0800288c   0x0800288c   0x00000070   Code   RO          331    i.HAL_I2C_MspInit   stm32f1xx_hal_msp.o
    0x080028fc   0x080028fc   0x00000010   Code   RO          899    i.HAL_IncTick       stm32f1xx_hal.o
    0x0800290c   0x0800290c   0x00000024   Code   RO          900    i.HAL_Init          stm32f1xx_hal.o
    0x08002930   0x08002930   0x00000040   Code   RO          901    i.HAL_InitTick      stm32f1xx_hal.o
    0x08002970   0x08002970   0x0000003c   Code   RO          332    i.HAL_MspInit       stm32f1xx_hal_msp.o
    0x080029ac   0x080029ac   0x0000001a   Code   RO         1359    i.HAL_NVIC_EnableIRQ  stm32f1xx_hal_cortex.o
    0x080029c6   0x080029c6   0x00000002   PAD
    0x080029c8   0x080029c8   0x00000040   Code   RO         1365    i.HAL_NVIC_SetPriority  stm32f1xx_hal_cortex.o
    0x08002a08   0x08002a08   0x00000024   Code   RO         1366    i.HAL_NVIC_SetPriorityGrouping  stm32f1xx_hal_cortex.o
    0x08002a2c   0x08002a2c   0x0000012c   Code   RO         1057    i.HAL_RCC_ClockConfig  stm32f1xx_hal_rcc.o
    0x08002b58   0x08002b58   0x00000020   Code   RO         1064    i.HAL_RCC_GetPCLK1Freq  stm32f1xx_hal_rcc.o
    0x08002b78   0x08002b78   0x00000020   Code   RO         1065    i.HAL_RCC_GetPCLK2Freq  stm32f1xx_hal_rcc.o
    0x08002b98   0x08002b98   0x0000004c   Code   RO         1066    i.HAL_RCC_GetSysClockFreq  stm32f1xx_hal_rcc.o
    0x08002be4   0x08002be4   0x00000320   Code   RO         1069    i.HAL_RCC_OscConfig  stm32f1xx_hal_rcc.o
    0x08002f04   0x08002f04   0x00000028   Code   RO         1370    i.HAL_SYSTICK_Config  stm32f1xx_hal_cortex.o
    0x08002f2c   0x08002f2c   0x00000002   Code   RO         2565    i.HAL_TIMEx_BreakCallback  stm32f1xx_hal_tim_ex.o
    0x08002f2e   0x08002f2e   0x00000002   Code   RO         2566    i.HAL_TIMEx_CommutCallback  stm32f1xx_hal_tim_ex.o
    0x08002f30   0x08002f30   0x00000054   Code   RO         2568    i.HAL_TIMEx_ConfigBreakDeadTime  stm32f1xx_hal_tim_ex.o
    0x08002f84   0x08002f84   0x00000068   Code   RO         2584    i.HAL_TIMEx_MasterConfigSynchronization  stm32f1xx_hal_tim_ex.o
    0x08002fec   0x08002fec   0x0000005a   Code   RO         1861    i.HAL_TIM_Base_Init  stm32f1xx_hal_tim.o
    0x08003046   0x08003046   0x00000002   PAD
    0x08003048   0x08003048   0x0000003c   Code   RO          334    i.HAL_TIM_Base_MspInit  stm32f1xx_hal_msp.o
    0x08003084   0x08003084   0x00000058   Code   RO         1866    i.HAL_TIM_Base_Start_IT  stm32f1xx_hal_tim.o
    0x080030dc   0x080030dc   0x000000dc   Code   RO         1870    i.HAL_TIM_ConfigClockSource  stm32f1xx_hal_tim.o
    0x080031b8   0x080031b8   0x00000002   Code   RO         1895    i.HAL_TIM_IC_CaptureCallback  stm32f1xx_hal_tim.o
    0x080031ba   0x080031ba   0x00000130   Code   RO         1909    i.HAL_TIM_IRQHandler  stm32f1xx_hal_tim.o
    0x080032ea   0x080032ea   0x00000002   PAD
    0x080032ec   0x080032ec   0x000000b4   Code   RO          335    i.HAL_TIM_MspPostInit  stm32f1xx_hal_msp.o
    0x080033a0   0x080033a0   0x00000002   Code   RO         1912    i.HAL_TIM_OC_DelayElapsedCallback  stm32f1xx_hal_tim.o
    0x080033a2   0x080033a2   0x000000cc   Code   RO         1933    i.HAL_TIM_PWM_ConfigChannel  stm32f1xx_hal_tim.o
    0x0800346e   0x0800346e   0x0000005a   Code   RO         1936    i.HAL_TIM_PWM_Init  stm32f1xx_hal_tim.o
    0x080034c8   0x080034c8   0x00000058   Code   RO          337    i.HAL_TIM_PWM_MspInit  stm32f1xx_hal_msp.o
    0x08003520   0x08003520   0x00000002   Code   RO         1939    i.HAL_TIM_PWM_PulseFinishedCallback  stm32f1xx_hal_tim.o
    0x08003522   0x08003522   0x00000002   PAD
    0x08003524   0x08003524   0x0000009c   Code   RO         1941    i.HAL_TIM_PWM_Start  stm32f1xx_hal_tim.o
    0x080035c0   0x080035c0   0x00000070   Code   RO         1944    i.HAL_TIM_PWM_Stop  stm32f1xx_hal_tim.o
    0x08003630   0x08003630   0x00000130   Code   RO           14    i.HAL_TIM_PeriodElapsedCallback  main.o
    0x08003760   0x08003760   0x00000002   Code   RO         1952    i.HAL_TIM_TriggerCallback  stm32f1xx_hal_tim.o
    0x08003762   0x08003762   0x00000002   Code   RO         2844    i.HAL_UARTEx_RxEventCallback  stm32f1xx_hal_uart.o
    0x08003764   0x08003764   0x00000002   Code   RO         2858    i.HAL_UART_ErrorCallback  stm32f1xx_hal_uart.o
    0x08003766   0x08003766   0x00000002   PAD
    0x08003768   0x08003768   0x0000026c   Code   RO         2861    i.HAL_UART_IRQHandler  stm32f1xx_hal_uart.o
    0x080039d4   0x080039d4   0x00000064   Code   RO         2862    i.HAL_UART_Init     stm32f1xx_hal_uart.o
    0x08003a38   0x08003a38   0x000000b0   Code   RO          339    i.HAL_UART_MspInit  stm32f1xx_hal_msp.o
    0x08003ae8   0x08003ae8   0x0000001c   Code   RO         2867    i.HAL_UART_Receive_IT  stm32f1xx_hal_uart.o
    0x08003b04   0x08003b04   0x00000038   Code   RO           15    i.HAL_UART_RxCpltCallback  main.o
    0x08003b3c   0x08003b3c   0x00000078   Code   RO         2871    i.HAL_UART_Transmit_DMA  stm32f1xx_hal_uart.o
    0x08003bb4   0x08003bb4   0x00000002   Code   RO         2873    i.HAL_UART_TxCpltCallback  stm32f1xx_hal_uart.o
    0x08003bb6   0x08003bb6   0x00000002   Code   RO         2874    i.HAL_UART_TxHalfCpltCallback  stm32f1xx_hal_uart.o
    0x08003bb8   0x08003bb8   0x00000024   Code   RO          235    i.HardFault_Handler  stm32f1xx_it.o
    0x08003bdc   0x08003bdc   0x0000002e   Code   RO          499    i.I2C_IsAcknowledgeFailed  stm32f1xx_hal_i2c.o
    0x08003c0a   0x08003c0a   0x00000002   PAD
    0x08003c0c   0x08003c0c   0x000000fc   Code   RO          509    i.I2C_RequestMemoryRead  stm32f1xx_hal_i2c.o
    0x08003d08   0x08003d08   0x000000a8   Code   RO          510    i.I2C_RequestMemoryWrite  stm32f1xx_hal_i2c.o
    0x08003db0   0x08003db0   0x00000056   Code   RO          514    i.I2C_WaitOnBTFFlagUntilTimeout  stm32f1xx_hal_i2c.o
    0x08003e06   0x08003e06   0x00000002   PAD
    0x08003e08   0x08003e08   0x00000090   Code   RO          515    i.I2C_WaitOnFlagUntilTimeout  stm32f1xx_hal_i2c.o
    0x08003e98   0x08003e98   0x000000bc   Code   RO          516    i.I2C_WaitOnMasterAddressFlagUntilTimeout  stm32f1xx_hal_i2c.o
    0x08003f54   0x08003f54   0x00000070   Code   RO          517    i.I2C_WaitOnRXNEFlagUntilTimeout  stm32f1xx_hal_i2c.o
    0x08003fc4   0x08003fc4   0x00000056   Code   RO          518    i.I2C_WaitOnTXEFlagUntilTimeout  stm32f1xx_hal_i2c.o
    0x0800401a   0x0800401a   0x0000003a   Code   RO         3571    i.LowPassFilter     mpu6050.o
    0x08004054   0x08004054   0x000000a0   Code   RO         3572    i.MPU6050_Init      mpu6050.o
    0x080040f4   0x080040f4   0x0000014c   Code   RO         3575    i.MPU6050_Read_All_Fast  mpu6050.o
    0x08004240   0x08004240   0x00000100   Code   RO           16    i.MX_GPIO_Init      main.o
    0x08004340   0x08004340   0x000000a0   Code   RO           17    i.MX_TIM1_Init      main.o
    0x080043e0   0x080043e0   0x00000070   Code   RO           18    i.MX_TIM2_Init      main.o
    0x08004450   0x08004450   0x00000068   Code   RO           19    i.MX_TIM3_Init      main.o
    0x080044b8   0x080044b8   0x00000080   Code   RO           20    i.MX_TIM4_Init      main.o
    0x08004538   0x08004538   0x00000002   Code   RO          236    i.MemManage_Handler  stm32f1xx_it.o
    0x0800453a   0x0800453a   0x00000002   Code   RO          237    i.NMI_Handler       stm32f1xx_it.o
    0x0800453c   0x0800453c   0x00000002   Code   RO          238    i.PendSV_Handler    stm32f1xx_it.o
    0x0800453e   0x0800453e   0x00000002   Code   RO          239    i.SVC_Handler       stm32f1xx_it.o
    0x08004540   0x08004540   0x00000048   Code   RO         3645    i.Servo_Control     servo.o
    0x08004588   0x08004588   0x00000030   Code   RO         3646    i.Servo_Init        servo.o
    0x080045b8   0x080045b8   0x00000006   Code   RO         3647    i.Servo_Set         servo.o
    0x080045be   0x080045be   0x00000012   Code   RO         3694    i.Stepper_Control   step_motor.o
    0x080045d0   0x080045d0   0x0000001e   Code   RO         3695    i.Stepper_Disable   step_motor.o
    0x080045ee   0x080045ee   0x0000001c   Code   RO         3696    i.Stepper_Enable    step_motor.o
    0x0800460a   0x0800460a   0x00000002   PAD
    0x0800460c   0x0800460c   0x00000058   Code   RO         3697    i.Stepper_Init      step_motor.o
    0x08004664   0x08004664   0x0000000a   Code   RO         3698    i.Stepper_SetDirection  step_motor.o
    0x0800466e   0x0800466e   0x00000002   PAD
    0x08004670   0x08004670   0x00000098   Code   RO         3699    i.Stepper_SetSpeedRPM  step_motor.o
    0x08004708   0x08004708   0x00000006   Code   RO         3700    i.Stepper_Setup     step_motor.o
    0x0800470e   0x0800470e   0x00000004   Code   RO          240    i.SysTick_Handler   stm32f1xx_it.o
    0x08004712   0x08004712   0x0000005e   Code   RO           21    i.SystemClock_Config  main.o
    0x08004770   0x08004770   0x00000002   Code   RO         3196    i.SystemInit        system_stm32f1xx.o
    0x08004772   0x08004772   0x00000002   PAD
    0x08004774   0x08004774   0x0000000c   Code   RO          241    i.TIM3_IRQHandler   stm32f1xx_it.o
    0x08004780   0x08004780   0x00000078   Code   RO         1954    i.TIM_Base_SetConfig  stm32f1xx_hal_tim.o
    0x080047f8   0x080047f8   0x0000001a   Code   RO         1955    i.TIM_CCxChannelCmd  stm32f1xx_hal_tim.o
    0x08004812   0x08004812   0x00000014   Code   RO         1965    i.TIM_ETR_SetConfig  stm32f1xx_hal_tim.o
    0x08004826   0x08004826   0x00000010   Code   RO         1966    i.TIM_ITRx_SetConfig  stm32f1xx_hal_tim.o
    0x08004836   0x08004836   0x00000002   PAD
    0x08004838   0x08004838   0x00000050   Code   RO         1967    i.TIM_OC1_SetConfig  stm32f1xx_hal_tim.o
    0x08004888   0x08004888   0x00000058   Code   RO         1968    i.TIM_OC2_SetConfig  stm32f1xx_hal_tim.o
    0x080048e0   0x080048e0   0x00000058   Code   RO         1969    i.TIM_OC3_SetConfig  stm32f1xx_hal_tim.o
    0x08004938   0x08004938   0x00000044   Code   RO         1970    i.TIM_OC4_SetConfig  stm32f1xx_hal_tim.o
    0x0800497c   0x0800497c   0x00000022   Code   RO         1972    i.TIM_TI1_ConfigInputStage  stm32f1xx_hal_tim.o
    0x0800499e   0x0800499e   0x00000024   Code   RO         1974    i.TIM_TI2_ConfigInputStage  stm32f1xx_hal_tim.o
    0x080049c2   0x080049c2   0x00000010   Code   RO         2875    i.UART_DMAAbortOnError  stm32f1xx_hal_uart.o
    0x080049d2   0x080049d2   0x0000004a   Code   RO         2876    i.UART_DMAError     stm32f1xx_hal_uart.o
    0x08004a1c   0x08004a1c   0x00000042   Code   RO         2881    i.UART_DMATransmitCplt  stm32f1xx_hal_uart.o
    0x08004a5e   0x08004a5e   0x0000000a   Code   RO         2883    i.UART_DMATxHalfCplt  stm32f1xx_hal_uart.o
    0x08004a68   0x08004a68   0x0000004e   Code   RO         2885    i.UART_EndRxTransfer  stm32f1xx_hal_uart.o
    0x08004ab6   0x08004ab6   0x0000001c   Code   RO         2886    i.UART_EndTxTransfer  stm32f1xx_hal_uart.o
    0x08004ad2   0x08004ad2   0x000000c2   Code   RO         2887    i.UART_Receive_IT   stm32f1xx_hal_uart.o
    0x08004b94   0x08004b94   0x000000b8   Code   RO         2888    i.UART_SetConfig    stm32f1xx_hal_uart.o
    0x08004c4c   0x08004c4c   0x00000036   Code   RO         2890    i.UART_Start_Receive_IT  stm32f1xx_hal_uart.o
    0x08004c82   0x08004c82   0x00000002   PAD
    0x08004c84   0x08004c84   0x0000000c   Code   RO          242    i.USART2_IRQHandler  stm32f1xx_it.o
    0x08004c90   0x08004c90   0x00000002   Code   RO          243    i.UsageFault_Handler  stm32f1xx_it.o
    0x08004c92   0x08004c92   0x00000028   Code   RO         4032    i.__ARM_fpclassify  m_ws.l(fpclassify.o)
    0x08004cba   0x08004cba   0x00000020   Code   RO         1372    i.__NVIC_SetPriority  stm32f1xx_hal_cortex.o
    0x08004cda   0x08004cda   0x0000000e   Code   RO         3956    i._is_digit         c_w.l(__printf_wp.o)
    0x08004ce8   0x08004ce8   0x00000058   Code   RO         3368    i.configure_interrupt  vl53l0x.o
    0x08004d40   0x08004d40   0x000000ac   Code   RO         3369    i.data_init         vl53l0x.o
    0x08004dec   0x08004dec   0x0000006e   Code   RO         3286    i.get_data          response.o
    0x08004e5a   0x08004e5a   0x000001ae   Code   RO         3370    i.get_spad_info_from_nvm  vl53l0x.o
    0x08005008   0x08005008   0x00000010   Code   RO         3456    i.i2c_soft_delay    i2c.o
    0x08005018   0x08005018   0x0000001e   Code   RO         3457    i.i2c_soft_init     i2c.o
    0x08005036   0x08005036   0x00000076   Code   RO         3458    i.i2c_soft_read_addr8_bytes  i2c.o
    0x080050ac   0x080050ac   0x0000006c   Code   RO         3459    i.i2c_soft_read_addr8_data16  i2c.o
    0x08005118   0x08005118   0x0000008a   Code   RO         3460    i.i2c_soft_read_addr8_data32  i2c.o
    0x080051a2   0x080051a2   0x00000058   Code   RO         3461    i.i2c_soft_read_addr8_data8  i2c.o
    0x080051fa   0x080051fa   0x00000002   PAD
    0x080051fc   0x080051fc   0x00000064   Code   RO         3462    i.i2c_soft_read_byte  i2c.o
    0x08005260   0x08005260   0x0000000a   Code   RO         3463    i.i2c_soft_scl_high  i2c.o
    0x0800526a   0x0800526a   0x0000000a   Code   RO         3464    i.i2c_soft_scl_low  i2c.o
    0x08005274   0x08005274   0x0000000a   Code   RO         3465    i.i2c_soft_sda_high  i2c.o
    0x0800527e   0x0800527e   0x0000000a   Code   RO         3466    i.i2c_soft_sda_low  i2c.o
    0x08005288   0x08005288   0x00000012   Code   RO         3467    i.i2c_soft_sda_read  i2c.o
    0x0800529a   0x0800529a   0x00000026   Code   RO         3468    i.i2c_soft_start    i2c.o
    0x080052c0   0x080052c0   0x00000024   Code   RO         3469    i.i2c_soft_stop     i2c.o
    0x080052e4   0x080052e4   0x00000050   Code   RO         3470    i.i2c_soft_write_addr8_bytes  i2c.o
    0x08005334   0x08005334   0x00000042   Code   RO         3471    i.i2c_soft_write_addr8_data8  i2c.o
    0x08005376   0x08005376   0x00000062   Code   RO         3472    i.i2c_soft_write_byte  i2c.o
    0x080053d8   0x080053d8   0x0000004c   Code   RO         3371    i.init_address      vl53l0x.o
    0x08005424   0x08005424   0x00000054   Code   RO         3372    i.init_config       vl53l0x.o
    0x08005478   0x08005478   0x00000492   Code   RO         3373    i.load_default_tuning_settings  vl53l0x.o
    0x0800590a   0x0800590a   0x00000002   PAD
    0x0800590c   0x0800590c   0x0000046c   Code   RO           22    i.main              main.o
    0x08005d78   0x08005d78   0x00000014   Code   RO         3648    i.map               servo.o
    0x08005d8c   0x08005d8c   0x0000003c   Code   RO         3233    i.map_float         uart.o
    0x08005dc8   0x08005dc8   0x0000007a   Code   RO         3374    i.perform_single_ref_calibration  vl53l0x.o
    0x08005e42   0x08005e42   0x00000078   Code   RO         3287    i.response_uart     response.o
    0x08005eba   0x08005eba   0x00000032   Code   RO         3321    i.robot_control     robot.o
    0x08005eec   0x08005eec   0x00000034   Code   RO         3322    i.robot_init        robot.o
    0x08005f20   0x08005f20   0x0000000c   Code   RO         3375    i.set_sequence_steps_enabled  vl53l0x.o
    0x08005f2c   0x08005f2c   0x00000106   Code   RO         3376    i.set_spads_from_nvm  vl53l0x.o
    0x08006032   0x08006032   0x00000002   PAD
    0x08006034   0x08006034   0x0000002c   Code   RO           23    i.transmit          main.o
    0x08006060   0x08006060   0x00000124   Code   RO         3234    i.uart_handle       uart.o
    0x08006184   0x08006184   0x0000004c   Code   RO         3235    i.uart_receive_data  uart.o
    0x080061d0   0x080061d0   0x00000090   Code   RO         3377    i.vl53l0x_init      vl53l0x.o
    0x08006260   0x08006260   0x0000003c   Code   RO         3378    i.vl53l0x_read_all_sensor  vl53l0x.o
    0x0800629c   0x0800629c   0x00000114   Code   RO         3379    i.vl53l0x_read_range_single  vl53l0x.o
    0x080063b0   0x080063b0   0x0000002c   Code   RO         4121    locale$$code        c_w.l(lc_numeric_c.o)
    0x080063dc   0x080063dc   0x0000002c   Code   RO         4138    locale$$code        c_w.l(lc_ctype_c.o)
    0x08006408   0x08006408   0x00000062   Code   RO         3811    x$fpl$d2f           fz_ws.l(d2f.o)
    0x0800646a   0x0800646a   0x00000002   PAD
    0x0800646c   0x0800646c   0x00000150   Code   RO         3813    x$fpl$dadd          fz_ws.l(daddsub_clz.o)
    0x080065bc   0x080065bc   0x00000010   Code   RO         3991    x$fpl$dcheck1       fz_ws.l(dcheck1.o)
    0x080065cc   0x080065cc   0x000002b0   Code   RO         3820    x$fpl$ddiv          fz_ws.l(ddiv.o)
    0x0800687c   0x0800687c   0x0000002e   Code   RO         3826    x$fpl$dflt          fz_ws.l(dflt_clz.o)
    0x080068aa   0x080068aa   0x0000009c   Code   RO         3995    x$fpl$dnaninf       fz_ws.l(dnaninf.o)
    0x08006946   0x08006946   0x0000000c   Code   RO         3997    x$fpl$dretinf       fz_ws.l(dretinf.o)
    0x08006952   0x08006952   0x00000002   PAD
    0x08006954   0x08006954   0x000001d4   Code   RO         3815    x$fpl$dsub          fz_ws.l(daddsub_clz.o)
    0x08006b28   0x08006b28   0x00000056   Code   RO         3837    x$fpl$f2d           fz_ws.l(f2d.o)
    0x08006b7e   0x08006b7e   0x00000002   PAD
    0x08006b80   0x08006b80   0x000000c4   Code   RO         3839    x$fpl$fadd          fz_ws.l(faddsub_clz.o)
    0x08006c44   0x08006c44   0x0000000c   Code   RO         4001    x$fpl$fcheck1       fz_ws.l(fcheck1.o)
    0x08006c50   0x08006c50   0x00000018   Code   RO         4003    x$fpl$fcmpinf       fz_ws.l(fcmpi.o)
    0x08006c68   0x08006c68   0x00000184   Code   RO         3846    x$fpl$fdiv          fz_ws.l(fdiv.o)
    0x08006dec   0x08006dec   0x00000068   Code   RO         3849    x$fpl$feqf          fz_ws.l(feqf.o)
    0x08006e54   0x08006e54   0x0000003e   Code   RO         3851    x$fpl$ffixu         fz_ws.l(ffixu.o)
    0x08006e92   0x08006e92   0x00000002   PAD
    0x08006e94   0x08006e94   0x00000030   Code   RO         3856    x$fpl$fflt          fz_ws.l(fflt_clz.o)
    0x08006ec4   0x08006ec4   0x00000026   Code   RO         3855    x$fpl$ffltu         fz_ws.l(fflt_clz.o)
    0x08006eea   0x08006eea   0x00000002   PAD
    0x08006eec   0x08006eec   0x00000102   Code   RO         3861    x$fpl$fmul          fz_ws.l(fmul.o)
    0x08006fee   0x08006fee   0x0000008c   Code   RO         4005    x$fpl$fnaninf       fz_ws.l(fnaninf.o)
    0x0800707a   0x0800707a   0x0000000a   Code   RO         4007    x$fpl$fretinf       fz_ws.l(fretinf.o)
    0x08007084   0x08007084   0x000000ea   Code   RO         3841    x$fpl$fsub          fz_ws.l(faddsub_clz.o)
    0x0800716e   0x0800716e   0x00000004   Code   RO         4009    x$fpl$printf1       fz_ws.l(printf1.o)
    0x08007172   0x08007172   0x00000004   Code   RO         4011    x$fpl$printf2       fz_ws.l(printf2.o)
    0x08007176   0x08007176   0x00000064   Code   RO         4079    x$fpl$retnan        fz_ws.l(retnan.o)
    0x080071da   0x080071da   0x0000005c   Code   RO         3863    x$fpl$scalbn        fz_ws.l(scalbn.o)
    0x08007236   0x08007236   0x0000004c   Code   RO         3865    x$fpl$scalbnf       fz_ws.l(scalbnf.o)
    0x08007282   0x08007282   0x00000030   Code   RO         4133    x$fpl$trapveneer    fz_ws.l(trapv.o)
    0x080072b2   0x080072b2   0x00000000   Code   RO         4017    x$fpl$usenofp       fz_ws.l(usenofp.o)
    0x080072b2   0x080072b2   0x00000012   Data   RO         1070    .constdata          stm32f1xx_hal_rcc.o
    0x080072c4   0x080072c4   0x00000010   Data   RO         3197    .constdata          system_stm32f1xx.o
    0x080072d4   0x080072d4   0x00000008   Data   RO         3198    .constdata          system_stm32f1xx.o
    0x080072dc   0x080072dc   0x00000008   Data   RO         3915    .constdata          c_w.l(_printf_wctomb.o)
    0x080072e4   0x080072e4   0x00000028   Data   RO         3944    .constdata          c_w.l(_printf_hex_int_ll_ptr.o)
    0x0800730c   0x0800730c   0x00000011   Data   RO         3964    .constdata          c_w.l(__printf_flags_ss_wp.o)
    0x0800731d   0x0800731d   0x00000026   Data   RO         4064    .constdata          c_w.l(_printf_fp_hex.o)
    0x08007343   0x08007343   0x00000001   PAD
    0x08007344   0x08007344   0x00000094   Data   RO         4096    .constdata          c_w.l(bigflt0.o)
    0x080073d8   0x080073d8   0x00000020   Data   RO         4264    Region$$Table       anon$$obj.o
    0x080073f8   0x080073f8   0x0000001c   Data   RO         4120    locale$$data        c_w.l(lc_numeric_c.o)
    0x08007414   0x08007414   0x00000110   Data   RO         4137    locale$$data        c_w.l(lc_ctype_c.o)


    Execution Region RW_IRAM1 (Exec base: 0x20000000, Load base: 0x08007524, Size: 0x00000c18, Max: 0x00005000, ABSOLUTE)

    Exec Addr    Load Addr    Size         Type   Attr      Idx    E Section Name        Object

    0x20000000   0x08007524   0x00000003   Data   RW           26    .data               main.o
    0x20000003   0x08007527   0x00000001   PAD
    0x20000004   0x08007528   0x0000000c   Data   RW          907    .data               stm32f1xx_hal.o
    0x20000010   0x08007534   0x00000004   Data   RW         3199    .data               system_stm32f1xx.o
    0x20000014   0x08007538   0x0000000c   Data   RW         3237    .data               uart.o
    0x20000020   0x08007544   0x00000002   Data   RW         3381    .data               vl53l0x.o
    0x20000022   0x08007546   0x00000006   PAD
    0x20000028   0x0800754c   0x000000e8   Data   RW         3580    .data               mpu6050.o
    0x20000110   0x08007634   0x00000001   Data   RW         3650    .data               servo.o
    0x20000111   0x08007635   0x00000003   PAD
    0x20000114   0x08007638   0x00000008   Data   RW         3701    .data               step_motor.o
    0x2000011c   0x08007640   0x00000001   Data   RW         3759    .data               as5600.o
    0x2000011d   0x08007641   0x00000003   PAD
    0x20000120   0x08007644   0x00000004   Data   RW         3801    .data               c_w.l(strtok.o)
    0x20000124   0x08007648   0x00000004   PAD
    0x20000128        -       0x000003d4   Zero   RW           24    .bss                main.o
    0x200004fc        -       0x00000044   Zero   RW           25    .bss                main.o
    0x20000540        -       0x00000048   Zero   RW         3236    .bss                uart.o
    0x20000588        -       0x00000020   Zero   RW         3380    .bss                vl53l0x.o
    0x200005a8        -       0x0000000c   Zero   RW         3649    .bss                servo.o
    0x200005b4        -       0x00000060   Zero   RW         4082    .bss                c_w.l(libspace.o)
    0x20000614   0x08007648   0x00000004   PAD
    0x20000618        -       0x00000200   Zero   RW            2    HEAP                startup_stm32f103xb.o
    0x20000818        -       0x00000400   Zero   RW            1    STACK               startup_stm32f103xb.o


==============================================================================

Image component sizes


      Code (inc. data)   RO Data    RW Data    ZI Data      Debug   Object Name

       252         44          0          1          0       3955   as5600.o
       974          0          0          0          0      10845   i2c.o
      2394        582          0          3       1048     449686   main.o
       550         32          0        232          0       4129   mpu6050.o
       230          0          0          0          0       2356   response.o
       332          6          0          0          0       3606   robot.o
       146          8          0          1         12       3416   servo.o
        64         26        236          0       1536        812   startup_stm32f103xb.o
       332         18          0          8          0       5403   step_motor.o
       164         28          0         12          0       5921   stm32f1xx_hal.o
       198         14          0          0          0      28959   stm32f1xx_hal_cortex.o
       808         36          0          0          0       5006   stm32f1xx_hal_dma.o
       500         34          0          0          0       3527   stm32f1xx_hal_gpio.o
      2382         56          0          0          0      13038   stm32f1xx_hal_i2c.o
       676         92          0          0          0       4523   stm32f1xx_hal_msp.o
      1240         84         18          0          0       5136   stm32f1xx_hal_rcc.o
      1848         60          0          0          0      16419   stm32f1xx_hal_tim.o
       192         12          0          0          0       3209   stm32f1xx_hal_tim_ex.o
      1580         24          0          0          0      12534   stm32f1xx_hal_uart.o
        90         28          0          0          0      30586   stm32f1xx_it.o
         2          0         24          4          0       1127   system_stm32f1xx.o
       428         36          0         12         72       3082   uart.o
      2896         36          0          2         32      12536   vl53l0x.o

    ----------------------------------------------------------------------
     18314       1256        310        288       2700     629811   Object Totals
         0          0         32          0          0          0   (incl. Generated)
        36          0          0         13          0          0   (incl. Padding)

    ----------------------------------------------------------------------

      Code (inc. data)   RO Data    RW Data    ZI Data      Debug   Library Member Name

         8          0          0          0          0         68   __main.o
       392          4         17          0          0         92   __printf_flags_ss_wp.o
        14          0          0          0          0         68   __printf_wp.o
         0          0          0          0          0          0   __rtentry.o
        12          0          0          0          0          0   __rtentry2.o
         6          0          0          0          0          0   __rtentry4.o
        52          8          0          0          0          0   __scatter.o
        26          0          0          0          0          0   __scatter_copy.o
        28          0          0          0          0          0   __scatter_zi.o
         6          0          0          0          0          0   _printf_a.o
         6          0          0          0          0          0   _printf_c.o
        44          0          0          0          0        108   _printf_char.o
        48          6          0          0          0         96   _printf_char_common.o
        40          0          0          0          0         68   _printf_charcount.o
         6          0          0          0          0          0   _printf_d.o
       120         16          0          0          0         92   _printf_dec.o
         6          0          0          0          0          0   _printf_e.o
         6          0          0          0          0          0   _printf_f.o
      1054          0          0          0          0        216   _printf_fp_dec.o
       764          8         38          0          0        100   _printf_fp_hex.o
       128         16          0          0          0         84   _printf_fp_infnan.o
         6          0          0          0          0          0   _printf_g.o
       148          4         40          0          0        160   _printf_hex_int_ll_ptr.o
         6          0          0          0          0          0   _printf_i.o
       178          0          0          0          0         88   _printf_intcommon.o
        10          0          0          0          0          0   _printf_l.o
         6          0          0          0          0          0   _printf_lc.o
        10          0          0          0          0          0   _printf_ll.o
         6          0          0          0          0          0   _printf_lld.o
         6          0          0          0          0          0   _printf_lli.o
         6          0          0          0          0          0   _printf_llo.o
         6          0          0          0          0          0   _printf_llu.o
         6          0          0          0          0          0   _printf_llx.o
       124         16          0          0          0         92   _printf_longlong_dec.o
         6          0          0          0          0          0   _printf_ls.o
         6          0          0          0          0          0   _printf_n.o
         6          0          0          0          0          0   _printf_o.o
       112         10          0          0          0        124   _printf_oct_int_ll.o
         6          0          0          0          0          0   _printf_p.o
        78          0          0          0          0        108   _printf_pad.o
         0          0          0          0          0          0   _printf_percent.o
         4          0          0          0          0          0   _printf_percent_end.o
         6          0          0          0          0          0   _printf_s.o
        82          0          0          0          0         80   _printf_str.o
        36          0          0          0          0         84   _printf_truncate.o
         6          0          0          0          0          0   _printf_u.o
        44          0          0          0          0        108   _printf_wchar.o
       188          6          8          0          0         92   _printf_wctomb.o
         6          0          0          0          0          0   _printf_x.o
        16          0          0          0          0         68   _snputc.o
        10          0          0          0          0         68   _sputc.o
        64          0          0          0          0         92   _wcrtomb.o
       228          4        148          0          0         96   bigflt0.o
      1936        128          0          0          0        672   btod.o
        18          0          0          0          0         80   exit.o
         6          0          0          0          0        152   heapauxi.o
         0          0          0          0          0          0   indicate_semi.o
        44         10        272          0          0         76   lc_ctype_c.o
        44         10         28          0          0         76   lc_numeric_c.o
         2          0          0          0          0          0   libinit.o
        30          0          0          0          0          0   libinit2.o
         2          0          0          0          0          0   libshutdown.o
         2          0          0          0          0          0   libshutdown2.o
         8          4          0          0         96         68   libspace.o
       138          0          0          0          0         80   lludiv10.o
        16          4          0          0          0         76   rt_ctype_table.o
         8          4          0          0          0         68   rt_locale_intlibspace.o
        78          0          0          0          0         80   rt_memclr_w.o
         2          0          0          0          0          0   rtexit.o
        10          0          0          0          0          0   rtexit2.o
       128          0          0          0          0         68   strcmpv7m.o
        32          0          0          0          0         80   strcspn.o
        62          0          0          0          0         76   strlen.o
        28          0          0          0          0         80   strspn.o
        12          6          0          4          0         68   strtok.o
        68          4          0          0          0         84   strtok_int.o
        12          4          0          0          0         68   sys_exit.o
        74          0          0          0          0         80   sys_stackheap_outer.o
         2          0          0          0          0         68   use_no_semi.o
        52          4          0          0          0         80   vsnprintf.o
        98          4          0          0          0         92   d2f.o
       804         16          0          0          0        272   daddsub_clz.o
        16          4          0          0          0         68   dcheck1.o
       688        140          0          0          0        208   ddiv.o
        46          0          0          0          0         68   dflt_clz.o
       156          4          0          0          0         92   dnaninf.o
        12          0          0          0          0         68   dretinf.o
        86          4          0          0          0         84   f2d.o
       430          8          0          0          0        168   faddsub_clz.o
        12          4          0          0          0         68   fcheck1.o
        24          0          0          0          0         68   fcmpi.o
       388         76          0          0          0         96   fdiv.o
       104          4          0          0          0         84   feqf.o
        62          4          0          0          0         84   ffixu.o
        86          0          0          0          0        136   fflt_clz.o
       258          4          0          0          0         84   fmul.o
       140          4          0          0          0         84   fnaninf.o
        10          0          0          0          0         68   fretinf.o
         4          0          0          0          0         68   printf1.o
         4          0          0          0          0         68   printf2.o
       100          0          0          0          0         68   retnan.o
        92          0          0          0          0         68   scalbn.o
        76          0          0          0          0         68   scalbnf.o
        48          0          0          0          0         68   trapv.o
         0          0          0          0          0          0   usenofp.o
        40          0          0          0          0         68   fpclassify.o

    ----------------------------------------------------------------------
     10812        552        552          4        104       6800   Library Totals
        26          0          1          0          8          0   (incl. Padding)

    ----------------------------------------------------------------------

      Code (inc. data)   RO Data    RW Data    ZI Data      Debug   Library Name

      7002        276        551          4         96       4432   c_w.l
      3744        276          0          0          0       2300   fz_ws.l
        40          0          0          0          0         68   m_ws.l

    ----------------------------------------------------------------------
     10812        552        552          4        104       6800   Library Totals

    ----------------------------------------------------------------------

==============================================================================


      Code (inc. data)   RO Data    RW Data    ZI Data      Debug   

     29126       1808        862        292       2804     624543   Grand Totals
     29126       1808        862        292       2804     624543   ELF Image Totals
     29126       1808        862        292          0          0   ROM Totals

==============================================================================

    Total RO  Size (Code + RO Data)                29988 (  29.29kB)
    Total RW  Size (RW Data + ZI Data)              3096 (   3.02kB)
    Total ROM Size (Code + RO Data + RW Data)      30280 (  29.57kB)

==============================================================================

